Writing log to /Users/yuntsy/My/Projects/Java/WebAnalyzer/output/tai-e.log
java.version: 17.0.11
java.version.date: 2024-04-16
java.runtime.version: 17.0.11+7-LTS-207
java.vendor: Oracle Corporation
java.vendor.version: null
os.name: Mac OS X
os.version: 26.2
os.arch: aarch64
Tai-e Version: 0.5.1
Manifest does not contain Tai-e commit information
Tai-e Commit: Unknown
Writing analysis plan to /Users/yuntsy/My/Projects/Java/WebAnalyzer/output/tai-e-plan.yml
WorldBuilder starts ...
Warning: main class was not given!
28281 classes with 263600 methods in the world
WorldBuilder finishes, elapsed time: 22.97s
routerAnalysis starts ...
Router analysis started at: 2026-01-25 12:59:00
Router analysis completed at: 2026-01-25 12:59:00 (Duration: 13ms)
routerAnalysis finishes, elapsed time: 0.02s
beanAnalysis starts ...
beanAnalysis finishes, elapsed time: 0.04s
injectPointsAnalysis starts ...
injectPointsAnalysis finishes, elapsed time: 0.04s
aspectAnalysis starts ...
Starting AOP aspect analysis...
aspectAnalysis finishes, elapsed time: 0.00s
pta starts ...
Initializing global bean mock objects for beans...
Initialized 154 global bean objects.
>>> AOP Match Found! Method: [<com.macro.mall.controller.PmsProductController: com.macro.mall.common.api.CommonResult create(com.macro.mall.dto.PmsProductParam)>], Aspect: [com.macro.mall.common.log.WebLogAspect]
>>> AOP Match Found! Method: [<com.macro.mall.controller.PmsProductController: com.macro.mall.common.api.CommonResult getUpdateInfo(java.lang.Long)>], Aspect: [com.macro.mall.common.log.WebLogAspect]
>>> AOP Match Found! Method: [<com.macro.mall.controller.PmsProductController: com.macro.mall.common.api.CommonResult update(java.lang.Long,com.macro.mall.dto.PmsProductParam)>], Aspect: [com.macro.mall.common.log.WebLogAspect]
>>> AOP Match Found! Method: [<com.macro.mall.controller.PmsProductController: com.macro.mall.common.api.CommonResult getList(com.macro.mall.dto.PmsProductQueryParam,java.lang.Integer,java.lang.Integer)>], Aspect: [com.macro.mall.common.log.WebLogAspect]
>>> AOP Match Found! Method: [<com.macro.mall.controller.PmsProductController: com.macro.mall.common.api.CommonResult getList(java.lang.String)>], Aspect: [com.macro.mall.common.log.WebLogAspect]
>>> AOP Match Found! Method: [<com.macro.mall.controller.PmsProductController: com.macro.mall.common.api.CommonResult updateVerifyStatus(java.util.List,java.lang.Integer,java.lang.String)>], Aspect: [com.macro.mall.common.log.WebLogAspect]
>>> AOP Match Found! Method: [<com.macro.mall.controller.PmsProductController: com.macro.mall.common.api.CommonResult updatePublishStatus(java.util.List,java.lang.Integer)>], Aspect: [com.macro.mall.common.log.WebLogAspect]
>>> AOP Match Found! Method: [<com.macro.mall.controller.PmsProductController: com.macro.mall.common.api.CommonResult updateRecommendStatus(java.util.List,java.lang.Integer)>], Aspect: [com.macro.mall.common.log.WebLogAspect]
>>> AOP Match Found! Method: [<com.macro.mall.controller.PmsProductController: com.macro.mall.common.api.CommonResult updateNewStatus(java.util.List,java.lang.Integer)>], Aspect: [com.macro.mall.common.log.WebLogAspect]
>>> AOP Match Found! Method: [<com.macro.mall.controller.PmsProductController: com.macro.mall.common.api.CommonResult updateDeleteStatus(java.util.List,java.lang.Integer)>], Aspect: [com.macro.mall.common.log.WebLogAspect]
>>> AOP Match Found! Method: [<com.macro.mall.controller.OssController: com.macro.mall.common.api.CommonResult policy()>], Aspect: [com.macro.mall.common.log.WebLogAspect]
Added entry point (Empty): <com.macro.mall.controller.OssController: com.macro.mall.common.api.CommonResult policy()>
>>> AOP Match Found! Method: [<com.macro.mall.controller.SmsHomeRecommendSubjectController: com.macro.mall.common.api.CommonResult create(java.util.List)>], Aspect: [com.macro.mall.common.log.WebLogAspect]
>>> AOP Match Found! Method: [<com.macro.mall.controller.SmsHomeRecommendSubjectController: com.macro.mall.common.api.CommonResult updateSort(java.lang.Long,java.lang.Integer)>], Aspect: [com.macro.mall.common.log.WebLogAspect]
>>> AOP Match Found! Method: [<com.macro.mall.controller.SmsHomeRecommendSubjectController: com.macro.mall.common.api.CommonResult delete(java.util.List)>], Aspect: [com.macro.mall.common.log.WebLogAspect]
>>> AOP Match Found! Method: [<com.macro.mall.controller.SmsHomeRecommendSubjectController: com.macro.mall.common.api.CommonResult updateRecommendStatus(java.util.List,java.lang.Integer)>], Aspect: [com.macro.mall.common.log.WebLogAspect]
>>> AOP Match Found! Method: [<com.macro.mall.controller.SmsHomeRecommendSubjectController: com.macro.mall.common.api.CommonResult list(java.lang.String,java.lang.Integer,java.lang.Integer,java.lang.Integer)>], Aspect: [com.macro.mall.common.log.WebLogAspect]
>>> AOP Match Found! Method: [<com.macro.mall.controller.OmsOrderSettingController: com.macro.mall.common.api.CommonResult getItem(java.lang.Long)>], Aspect: [com.macro.mall.common.log.WebLogAspect]
>>> AOP Match Found! Method: [<com.macro.mall.controller.OmsOrderSettingController: com.macro.mall.common.api.CommonResult update(java.lang.Long,com.macro.mall.model.OmsOrderSetting)>], Aspect: [com.macro.mall.common.log.WebLogAspect]
>>> AOP Match Found! Method: [<com.macro.mall.controller.SmsFlashPromotionProductRelationController: com.macro.mall.common.api.CommonResult create(java.util.List)>], Aspect: [com.macro.mall.common.log.WebLogAspect]
>>> AOP Match Found! Method: [<com.macro.mall.controller.SmsFlashPromotionProductRelationController: com.macro.mall.common.api.CommonResult update(java.lang.Long,com.macro.mall.model.SmsFlashPromotionProductRelation)>], Aspect: [com.macro.mall.common.log.WebLogAspect]
>>> AOP Match Found! Method: [<com.macro.mall.controller.SmsFlashPromotionProductRelationController: com.macro.mall.common.api.CommonResult delete(java.lang.Long)>], Aspect: [com.macro.mall.common.log.WebLogAspect]
>>> AOP Match Found! Method: [<com.macro.mall.controller.SmsFlashPromotionProductRelationController: com.macro.mall.common.api.CommonResult getItem(java.lang.Long)>], Aspect: [com.macro.mall.common.log.WebLogAspect]
>>> AOP Match Found! Method: [<com.macro.mall.controller.SmsFlashPromotionProductRelationController: com.macro.mall.common.api.CommonResult list(java.lang.Long,java.lang.Long,java.lang.Integer,java.lang.Integer)>], Aspect: [com.macro.mall.common.log.WebLogAspect]
>>> AOP Match Found! Method: [<com.macro.mall.controller.UmsResourceCategoryController: com.macro.mall.common.api.CommonResult listAll()>], Aspect: [com.macro.mall.common.log.WebLogAspect]
Added entry point (Empty): <com.macro.mall.controller.UmsResourceCategoryController: com.macro.mall.common.api.CommonResult listAll()>
>>> AOP Match Found! Method: [<com.macro.mall.controller.UmsResourceCategoryController: com.macro.mall.common.api.CommonResult create(com.macro.mall.model.UmsResourceCategory)>], Aspect: [com.macro.mall.common.log.WebLogAspect]
>>> AOP Match Found! Method: [<com.macro.mall.controller.UmsResourceCategoryController: com.macro.mall.common.api.CommonResult update(java.lang.Long,com.macro.mall.model.UmsResourceCategory)>], Aspect: [com.macro.mall.common.log.WebLogAspect]
>>> AOP Match Found! Method: [<com.macro.mall.controller.UmsResourceCategoryController: com.macro.mall.common.api.CommonResult delete(java.lang.Long)>], Aspect: [com.macro.mall.common.log.WebLogAspect]
>>> AOP Match Found! Method: [<com.macro.mall.controller.OmsOrderReturnReasonController: com.macro.mall.common.api.CommonResult create(com.macro.mall.model.OmsOrderReturnReason)>], Aspect: [com.macro.mall.common.log.WebLogAspect]
>>> AOP Match Found! Method: [<com.macro.mall.controller.OmsOrderReturnReasonController: com.macro.mall.common.api.CommonResult update(java.lang.Long,com.macro.mall.model.OmsOrderReturnReason)>], Aspect: [com.macro.mall.common.log.WebLogAspect]
>>> AOP Match Found! Method: [<com.macro.mall.controller.OmsOrderReturnReasonController: com.macro.mall.common.api.CommonResult delete(java.util.List)>], Aspect: [com.macro.mall.common.log.WebLogAspect]
>>> AOP Match Found! Method: [<com.macro.mall.controller.OmsOrderReturnReasonController: com.macro.mall.common.api.CommonResult list(java.lang.Integer,java.lang.Integer)>], Aspect: [com.macro.mall.common.log.WebLogAspect]
>>> AOP Match Found! Method: [<com.macro.mall.controller.OmsOrderReturnReasonController: com.macro.mall.common.api.CommonResult getItem(java.lang.Long)>], Aspect: [com.macro.mall.common.log.WebLogAspect]
>>> AOP Match Found! Method: [<com.macro.mall.controller.OmsOrderReturnReasonController: com.macro.mall.common.api.CommonResult updateStatus(java.lang.Integer,java.util.List)>], Aspect: [com.macro.mall.common.log.WebLogAspect]
>>> AOP Match Found! Method: [<com.macro.mall.controller.UmsRoleController: com.macro.mall.common.api.CommonResult create(com.macro.mall.model.UmsRole)>], Aspect: [com.macro.mall.common.log.WebLogAspect]
>>> AOP Match Found! Method: [<com.macro.mall.controller.UmsRoleController: com.macro.mall.common.api.CommonResult update(java.lang.Long,com.macro.mall.model.UmsRole)>], Aspect: [com.macro.mall.common.log.WebLogAspect]
>>> AOP Match Found! Method: [<com.macro.mall.controller.UmsRoleController: com.macro.mall.common.api.CommonResult delete(java.util.List)>], Aspect: [com.macro.mall.common.log.WebLogAspect]
>>> AOP Match Found! Method: [<com.macro.mall.controller.UmsRoleController: com.macro.mall.common.api.CommonResult listAll()>], Aspect: [com.macro.mall.common.log.WebLogAspect]
Added entry point (Empty): <com.macro.mall.controller.UmsRoleController: com.macro.mall.common.api.CommonResult listAll()>
>>> AOP Match Found! Method: [<com.macro.mall.controller.UmsRoleController: com.macro.mall.common.api.CommonResult list(java.lang.String,java.lang.Integer,java.lang.Integer)>], Aspect: [com.macro.mall.common.log.WebLogAspect]
>>> AOP Match Found! Method: [<com.macro.mall.controller.UmsRoleController: com.macro.mall.common.api.CommonResult updateStatus(java.lang.Long,java.lang.Integer)>], Aspect: [com.macro.mall.common.log.WebLogAspect]
>>> AOP Match Found! Method: [<com.macro.mall.controller.UmsRoleController: com.macro.mall.common.api.CommonResult listMenu(java.lang.Long)>], Aspect: [com.macro.mall.common.log.WebLogAspect]
>>> AOP Match Found! Method: [<com.macro.mall.controller.UmsRoleController: com.macro.mall.common.api.CommonResult listResource(java.lang.Long)>], Aspect: [com.macro.mall.common.log.WebLogAspect]
>>> AOP Match Found! Method: [<com.macro.mall.controller.UmsRoleController: com.macro.mall.common.api.CommonResult allocMenu(java.lang.Long,java.util.List)>], Aspect: [com.macro.mall.common.log.WebLogAspect]
>>> AOP Match Found! Method: [<com.macro.mall.controller.UmsRoleController: com.macro.mall.common.api.CommonResult allocResource(java.lang.Long,java.util.List)>], Aspect: [com.macro.mall.common.log.WebLogAspect]
>>> AOP Match Found! Method: [<com.macro.mall.controller.CmsSubjectController: com.macro.mall.common.api.CommonResult listAll()>], Aspect: [com.macro.mall.common.log.WebLogAspect]
Added entry point (Empty): <com.macro.mall.controller.CmsSubjectController: com.macro.mall.common.api.CommonResult listAll()>
>>> AOP Match Found! Method: [<com.macro.mall.controller.CmsSubjectController: com.macro.mall.common.api.CommonResult getList(java.lang.String,java.lang.Integer,java.lang.Integer)>], Aspect: [com.macro.mall.common.log.WebLogAspect]
>>> AOP Match Found! Method: [<com.macro.mall.controller.OmsOrderReturnApplyController: com.macro.mall.common.api.CommonResult list(com.macro.mall.dto.OmsReturnApplyQueryParam,java.lang.Integer,java.lang.Integer)>], Aspect: [com.macro.mall.common.log.WebLogAspect]
>>> AOP Match Found! Method: [<com.macro.mall.controller.OmsOrderReturnApplyController: com.macro.mall.common.api.CommonResult delete(java.util.List)>], Aspect: [com.macro.mall.common.log.WebLogAspect]
>>> AOP Match Found! Method: [<com.macro.mall.controller.OmsOrderReturnApplyController: com.macro.mall.common.api.CommonResult getItem(java.lang.Long)>], Aspect: [com.macro.mall.common.log.WebLogAspect]
>>> AOP Match Found! Method: [<com.macro.mall.controller.OmsOrderReturnApplyController: com.macro.mall.common.api.CommonResult updateStatus(java.lang.Long,com.macro.mall.dto.OmsUpdateStatusParam)>], Aspect: [com.macro.mall.common.log.WebLogAspect]
>>> AOP Match Found! Method: [<com.macro.mall.controller.SmsCouponController: com.macro.mall.common.api.CommonResult add(com.macro.mall.dto.SmsCouponParam)>], Aspect: [com.macro.mall.common.log.WebLogAspect]
>>> AOP Match Found! Method: [<com.macro.mall.controller.SmsCouponController: com.macro.mall.common.api.CommonResult delete(java.lang.Long)>], Aspect: [com.macro.mall.common.log.WebLogAspect]
>>> AOP Match Found! Method: [<com.macro.mall.controller.SmsCouponController: com.macro.mall.common.api.CommonResult update(java.lang.Long,com.macro.mall.dto.SmsCouponParam)>], Aspect: [com.macro.mall.common.log.WebLogAspect]
>>> AOP Match Found! Method: [<com.macro.mall.controller.SmsCouponController: com.macro.mall.common.api.CommonResult list(java.lang.String,java.lang.Integer,java.lang.Integer,java.lang.Integer)>], Aspect: [com.macro.mall.common.log.WebLogAspect]
>>> AOP Match Found! Method: [<com.macro.mall.controller.SmsCouponController: com.macro.mall.common.api.CommonResult getItem(java.lang.Long)>], Aspect: [com.macro.mall.common.log.WebLogAspect]
>>> AOP Match Found! Method: [<com.macro.mall.controller.CmsPrefrenceAreaController: com.macro.mall.common.api.CommonResult listAll()>], Aspect: [com.macro.mall.common.log.WebLogAspect]
Added entry point (Empty): <com.macro.mall.controller.CmsPrefrenceAreaController: com.macro.mall.common.api.CommonResult listAll()>
>>> AOP Match Found! Method: [<com.macro.mall.controller.PmsSkuStockController: com.macro.mall.common.api.CommonResult getList(java.lang.Long,java.lang.String)>], Aspect: [com.macro.mall.common.log.WebLogAspect]
>>> AOP Match Found! Method: [<com.macro.mall.controller.PmsSkuStockController: com.macro.mall.common.api.CommonResult update(java.lang.Long,java.util.List)>], Aspect: [com.macro.mall.common.log.WebLogAspect]
>>> AOP Match Found! Method: [<com.macro.mall.controller.PmsProductCategoryController: com.macro.mall.common.api.CommonResult create(com.macro.mall.dto.PmsProductCategoryParam)>], Aspect: [com.macro.mall.common.log.WebLogAspect]
>>> AOP Match Found! Method: [<com.macro.mall.controller.PmsProductCategoryController: com.macro.mall.common.api.CommonResult update(java.lang.Long,com.macro.mall.dto.PmsProductCategoryParam)>], Aspect: [com.macro.mall.common.log.WebLogAspect]
>>> AOP Match Found! Method: [<com.macro.mall.controller.PmsProductCategoryController: com.macro.mall.common.api.CommonResult getList(java.lang.Long,java.lang.Integer,java.lang.Integer)>], Aspect: [com.macro.mall.common.log.WebLogAspect]
>>> AOP Match Found! Method: [<com.macro.mall.controller.PmsProductCategoryController: com.macro.mall.common.api.CommonResult getItem(java.lang.Long)>], Aspect: [com.macro.mall.common.log.WebLogAspect]
>>> AOP Match Found! Method: [<com.macro.mall.controller.PmsProductCategoryController: com.macro.mall.common.api.CommonResult delete(java.lang.Long)>], Aspect: [com.macro.mall.common.log.WebLogAspect]
>>> AOP Match Found! Method: [<com.macro.mall.controller.PmsProductCategoryController: com.macro.mall.common.api.CommonResult updateNavStatus(java.util.List,java.lang.Integer)>], Aspect: [com.macro.mall.common.log.WebLogAspect]
>>> AOP Match Found! Method: [<com.macro.mall.controller.PmsProductCategoryController: com.macro.mall.common.api.CommonResult updateShowStatus(java.util.List,java.lang.Integer)>], Aspect: [com.macro.mall.common.log.WebLogAspect]
>>> AOP Match Found! Method: [<com.macro.mall.controller.PmsProductCategoryController: com.macro.mall.common.api.CommonResult listWithChildren()>], Aspect: [com.macro.mall.common.log.WebLogAspect]
Added entry point (Empty): <com.macro.mall.controller.PmsProductCategoryController: com.macro.mall.common.api.CommonResult listWithChildren()>
>>> AOP Match Found! Method: [<com.macro.mall.controller.PmsProductAttributeController: com.macro.mall.common.api.CommonResult getList(java.lang.Long,java.lang.Integer,java.lang.Integer,java.lang.Integer)>], Aspect: [com.macro.mall.common.log.WebLogAspect]
>>> AOP Match Found! Method: [<com.macro.mall.controller.PmsProductAttributeController: com.macro.mall.common.api.CommonResult create(com.macro.mall.dto.PmsProductAttributeParam)>], Aspect: [com.macro.mall.common.log.WebLogAspect]
>>> AOP Match Found! Method: [<com.macro.mall.controller.PmsProductAttributeController: com.macro.mall.common.api.CommonResult update(java.lang.Long,com.macro.mall.dto.PmsProductAttributeParam)>], Aspect: [com.macro.mall.common.log.WebLogAspect]
>>> AOP Match Found! Method: [<com.macro.mall.controller.PmsProductAttributeController: com.macro.mall.common.api.CommonResult getItem(java.lang.Long)>], Aspect: [com.macro.mall.common.log.WebLogAspect]
>>> AOP Match Found! Method: [<com.macro.mall.controller.PmsProductAttributeController: com.macro.mall.common.api.CommonResult delete(java.util.List)>], Aspect: [com.macro.mall.common.log.WebLogAspect]
>>> AOP Match Found! Method: [<com.macro.mall.controller.PmsProductAttributeController: com.macro.mall.common.api.CommonResult getAttrInfo(java.lang.Long)>], Aspect: [com.macro.mall.common.log.WebLogAspect]
>>> AOP Match Found! Method: [<com.macro.mall.controller.UmsResourceController: com.macro.mall.common.api.CommonResult create(com.macro.mall.model.UmsResource)>], Aspect: [com.macro.mall.common.log.WebLogAspect]
>>> AOP Match Found! Method: [<com.macro.mall.controller.UmsResourceController: com.macro.mall.common.api.CommonResult update(java.lang.Long,com.macro.mall.model.UmsResource)>], Aspect: [com.macro.mall.common.log.WebLogAspect]
>>> AOP Match Found! Method: [<com.macro.mall.controller.UmsResourceController: com.macro.mall.common.api.CommonResult getItem(java.lang.Long)>], Aspect: [com.macro.mall.common.log.WebLogAspect]
>>> AOP Match Found! Method: [<com.macro.mall.controller.UmsResourceController: com.macro.mall.common.api.CommonResult delete(java.lang.Long)>], Aspect: [com.macro.mall.common.log.WebLogAspect]
>>> AOP Match Found! Method: [<com.macro.mall.controller.UmsResourceController: com.macro.mall.common.api.CommonResult list(java.lang.Long,java.lang.String,java.lang.String,java.lang.Integer,java.lang.Integer)>], Aspect: [com.macro.mall.common.log.WebLogAspect]
>>> AOP Match Found! Method: [<com.macro.mall.controller.UmsResourceController: com.macro.mall.common.api.CommonResult listAll()>], Aspect: [com.macro.mall.common.log.WebLogAspect]
Added entry point (Empty): <com.macro.mall.controller.UmsResourceController: com.macro.mall.common.api.CommonResult listAll()>
>>> AOP Match Found! Method: [<com.macro.mall.controller.SmsHomeAdvertiseController: com.macro.mall.common.api.CommonResult create(com.macro.mall.model.SmsHomeAdvertise)>], Aspect: [com.macro.mall.common.log.WebLogAspect]
>>> AOP Match Found! Method: [<com.macro.mall.controller.SmsHomeAdvertiseController: com.macro.mall.common.api.CommonResult delete(java.util.List)>], Aspect: [com.macro.mall.common.log.WebLogAspect]
>>> AOP Match Found! Method: [<com.macro.mall.controller.SmsHomeAdvertiseController: com.macro.mall.common.api.CommonResult updateStatus(java.lang.Long,java.lang.Integer)>], Aspect: [com.macro.mall.common.log.WebLogAspect]
>>> AOP Match Found! Method: [<com.macro.mall.controller.SmsHomeAdvertiseController: com.macro.mall.common.api.CommonResult getItem(java.lang.Long)>], Aspect: [com.macro.mall.common.log.WebLogAspect]
>>> AOP Match Found! Method: [<com.macro.mall.controller.SmsHomeAdvertiseController: com.macro.mall.common.api.CommonResult update(java.lang.Long,com.macro.mall.model.SmsHomeAdvertise)>], Aspect: [com.macro.mall.common.log.WebLogAspect]
>>> AOP Match Found! Method: [<com.macro.mall.controller.SmsHomeAdvertiseController: com.macro.mall.common.api.CommonResult list(java.lang.String,java.lang.Integer,java.lang.String,java.lang.Integer,java.lang.Integer)>], Aspect: [com.macro.mall.common.log.WebLogAspect]
>>> AOP Match Found! Method: [<com.macro.mall.controller.SmsFlashPromotionSessionController: com.macro.mall.common.api.CommonResult create(com.macro.mall.model.SmsFlashPromotionSession)>], Aspect: [com.macro.mall.common.log.WebLogAspect]
>>> AOP Match Found! Method: [<com.macro.mall.controller.SmsFlashPromotionSessionController: com.macro.mall.common.api.CommonResult update(java.lang.Long,com.macro.mall.model.SmsFlashPromotionSession)>], Aspect: [com.macro.mall.common.log.WebLogAspect]
>>> AOP Match Found! Method: [<com.macro.mall.controller.SmsFlashPromotionSessionController: com.macro.mall.common.api.CommonResult updateStatus(java.lang.Long,java.lang.Integer)>], Aspect: [com.macro.mall.common.log.WebLogAspect]
>>> AOP Match Found! Method: [<com.macro.mall.controller.SmsFlashPromotionSessionController: com.macro.mall.common.api.CommonResult delete(java.lang.Long)>], Aspect: [com.macro.mall.common.log.WebLogAspect]
>>> AOP Match Found! Method: [<com.macro.mall.controller.SmsFlashPromotionSessionController: com.macro.mall.common.api.CommonResult getItem(java.lang.Long)>], Aspect: [com.macro.mall.common.log.WebLogAspect]
>>> AOP Match Found! Method: [<com.macro.mall.controller.SmsFlashPromotionSessionController: com.macro.mall.common.api.CommonResult list()>], Aspect: [com.macro.mall.common.log.WebLogAspect]
Added entry point (Empty): <com.macro.mall.controller.SmsFlashPromotionSessionController: com.macro.mall.common.api.CommonResult list()>
>>> AOP Match Found! Method: [<com.macro.mall.controller.SmsFlashPromotionSessionController: com.macro.mall.common.api.CommonResult selectList(java.lang.Long)>], Aspect: [com.macro.mall.common.log.WebLogAspect]
>>> AOP Match Found! Method: [<com.macro.mall.controller.PmsBrandController: com.macro.mall.common.api.CommonResult getList()>], Aspect: [com.macro.mall.common.log.WebLogAspect]
Added entry point (Empty): <com.macro.mall.controller.PmsBrandController: com.macro.mall.common.api.CommonResult getList()>
>>> AOP Match Found! Method: [<com.macro.mall.controller.PmsBrandController: com.macro.mall.common.api.CommonResult create(com.macro.mall.dto.PmsBrandParam)>], Aspect: [com.macro.mall.common.log.WebLogAspect]
>>> AOP Match Found! Method: [<com.macro.mall.controller.PmsBrandController: com.macro.mall.common.api.CommonResult update(java.lang.Long,com.macro.mall.dto.PmsBrandParam)>], Aspect: [com.macro.mall.common.log.WebLogAspect]
>>> AOP Match Found! Method: [<com.macro.mall.controller.PmsBrandController: com.macro.mall.common.api.CommonResult delete(java.lang.Long)>], Aspect: [com.macro.mall.common.log.WebLogAspect]
>>> AOP Match Found! Method: [<com.macro.mall.controller.PmsBrandController: com.macro.mall.common.api.CommonResult getList(java.lang.String,java.lang.Integer,java.lang.Integer,java.lang.Integer)>], Aspect: [com.macro.mall.common.log.WebLogAspect]
>>> AOP Match Found! Method: [<com.macro.mall.controller.PmsBrandController: com.macro.mall.common.api.CommonResult getItem(java.lang.Long)>], Aspect: [com.macro.mall.common.log.WebLogAspect]
>>> AOP Match Found! Method: [<com.macro.mall.controller.PmsBrandController: com.macro.mall.common.api.CommonResult deleteBatch(java.util.List)>], Aspect: [com.macro.mall.common.log.WebLogAspect]
>>> AOP Match Found! Method: [<com.macro.mall.controller.PmsBrandController: com.macro.mall.common.api.CommonResult updateShowStatus(java.util.List,java.lang.Integer)>], Aspect: [com.macro.mall.common.log.WebLogAspect]
>>> AOP Match Found! Method: [<com.macro.mall.controller.PmsBrandController: com.macro.mall.common.api.CommonResult updateFactoryStatus(java.util.List,java.lang.Integer)>], Aspect: [com.macro.mall.common.log.WebLogAspect]
Concrete class not found for type: org.springframework.web.multipart.support.StandardMultipartFile
>>> AOP Match Found! Method: [<com.macro.mall.controller.MinioController: com.macro.mall.common.api.CommonResult delete(java.lang.String)>], Aspect: [com.macro.mall.common.log.WebLogAspect]
>>> AOP Match Found! Method: [<com.macro.mall.controller.UmsMemberLevelController: com.macro.mall.common.api.CommonResult list(java.lang.Integer)>], Aspect: [com.macro.mall.common.log.WebLogAspect]
>>> AOP Match Found! Method: [<com.macro.mall.controller.OmsOrderController: com.macro.mall.common.api.CommonResult list(com.macro.mall.dto.OmsOrderQueryParam,java.lang.Integer,java.lang.Integer)>], Aspect: [com.macro.mall.common.log.WebLogAspect]
>>> AOP Match Found! Method: [<com.macro.mall.controller.OmsOrderController: com.macro.mall.common.api.CommonResult delivery(java.util.List)>], Aspect: [com.macro.mall.common.log.WebLogAspect]
>>> AOP Match Found! Method: [<com.macro.mall.controller.OmsOrderController: com.macro.mall.common.api.CommonResult close(java.util.List,java.lang.String)>], Aspect: [com.macro.mall.common.log.WebLogAspect]
>>> AOP Match Found! Method: [<com.macro.mall.controller.OmsOrderController: com.macro.mall.common.api.CommonResult delete(java.util.List)>], Aspect: [com.macro.mall.common.log.WebLogAspect]
>>> AOP Match Found! Method: [<com.macro.mall.controller.OmsOrderController: com.macro.mall.common.api.CommonResult detail(java.lang.Long)>], Aspect: [com.macro.mall.common.log.WebLogAspect]
>>> AOP Match Found! Method: [<com.macro.mall.controller.OmsOrderController: com.macro.mall.common.api.CommonResult updateReceiverInfo(com.macro.mall.dto.OmsReceiverInfoParam)>], Aspect: [com.macro.mall.common.log.WebLogAspect]
>>> AOP Match Found! Method: [<com.macro.mall.controller.OmsOrderController: com.macro.mall.common.api.CommonResult updateReceiverInfo(com.macro.mall.dto.OmsMoneyInfoParam)>], Aspect: [com.macro.mall.common.log.WebLogAspect]
>>> AOP Match Found! Method: [<com.macro.mall.controller.OmsOrderController: com.macro.mall.common.api.CommonResult updateNote(java.lang.Long,java.lang.String,java.lang.Integer)>], Aspect: [com.macro.mall.common.log.WebLogAspect]
>>> AOP Match Found! Method: [<com.macro.mall.controller.SmsFlashPromotionController: com.macro.mall.common.api.CommonResult create(com.macro.mall.model.SmsFlashPromotion)>], Aspect: [com.macro.mall.common.log.WebLogAspect]
>>> AOP Match Found! Method: [<com.macro.mall.controller.SmsFlashPromotionController: com.macro.mall.common.api.CommonResult update(java.lang.Long,com.macro.mall.model.SmsFlashPromotion)>], Aspect: [com.macro.mall.common.log.WebLogAspect]
>>> AOP Match Found! Method: [<com.macro.mall.controller.SmsFlashPromotionController: com.macro.mall.common.api.CommonResult delete(java.lang.Long)>], Aspect: [com.macro.mall.common.log.WebLogAspect]
>>> AOP Match Found! Method: [<com.macro.mall.controller.SmsFlashPromotionController: com.macro.mall.common.api.CommonResult update(java.lang.Long,java.lang.Integer)>], Aspect: [com.macro.mall.common.log.WebLogAspect]
>>> AOP Match Found! Method: [<com.macro.mall.controller.SmsFlashPromotionController: com.macro.mall.common.api.CommonResult getItem(java.lang.Long)>], Aspect: [com.macro.mall.common.log.WebLogAspect]
>>> AOP Match Found! Method: [<com.macro.mall.controller.SmsFlashPromotionController: com.macro.mall.common.api.CommonResult getItem(java.lang.String,java.lang.Integer,java.lang.Integer)>], Aspect: [com.macro.mall.common.log.WebLogAspect]
>>> AOP Match Found! Method: [<com.macro.mall.controller.PmsProductAttributeCategoryController: com.macro.mall.common.api.CommonResult create(java.lang.String)>], Aspect: [com.macro.mall.common.log.WebLogAspect]
>>> AOP Match Found! Method: [<com.macro.mall.controller.PmsProductAttributeCategoryController: com.macro.mall.common.api.CommonResult update(java.lang.Long,java.lang.String)>], Aspect: [com.macro.mall.common.log.WebLogAspect]
>>> AOP Match Found! Method: [<com.macro.mall.controller.PmsProductAttributeCategoryController: com.macro.mall.common.api.CommonResult delete(java.lang.Long)>], Aspect: [com.macro.mall.common.log.WebLogAspect]
>>> AOP Match Found! Method: [<com.macro.mall.controller.PmsProductAttributeCategoryController: com.macro.mall.common.api.CommonResult getItem(java.lang.Long)>], Aspect: [com.macro.mall.common.log.WebLogAspect]
>>> AOP Match Found! Method: [<com.macro.mall.controller.PmsProductAttributeCategoryController: com.macro.mall.common.api.CommonResult getList(java.lang.Integer,java.lang.Integer)>], Aspect: [com.macro.mall.common.log.WebLogAspect]
>>> AOP Match Found! Method: [<com.macro.mall.controller.PmsProductAttributeCategoryController: com.macro.mall.common.api.CommonResult getListWithAttr()>], Aspect: [com.macro.mall.common.log.WebLogAspect]
Added entry point (Empty): <com.macro.mall.controller.PmsProductAttributeCategoryController: com.macro.mall.common.api.CommonResult getListWithAttr()>
>>> AOP Match Found! Method: [<com.macro.mall.controller.SmsHomeBrandController: com.macro.mall.common.api.CommonResult create(java.util.List)>], Aspect: [com.macro.mall.common.log.WebLogAspect]
>>> AOP Match Found! Method: [<com.macro.mall.controller.SmsHomeBrandController: com.macro.mall.common.api.CommonResult updateSort(java.lang.Long,java.lang.Integer)>], Aspect: [com.macro.mall.common.log.WebLogAspect]
>>> AOP Match Found! Method: [<com.macro.mall.controller.SmsHomeBrandController: com.macro.mall.common.api.CommonResult delete(java.util.List)>], Aspect: [com.macro.mall.common.log.WebLogAspect]
>>> AOP Match Found! Method: [<com.macro.mall.controller.SmsHomeBrandController: com.macro.mall.common.api.CommonResult updateRecommendStatus(java.util.List,java.lang.Integer)>], Aspect: [com.macro.mall.common.log.WebLogAspect]
>>> AOP Match Found! Method: [<com.macro.mall.controller.SmsHomeBrandController: com.macro.mall.common.api.CommonResult list(java.lang.String,java.lang.Integer,java.lang.Integer,java.lang.Integer)>], Aspect: [com.macro.mall.common.log.WebLogAspect]
>>> AOP Match Found! Method: [<com.macro.mall.controller.SmsHomeNewProductController: com.macro.mall.common.api.CommonResult create(java.util.List)>], Aspect: [com.macro.mall.common.log.WebLogAspect]
>>> AOP Match Found! Method: [<com.macro.mall.controller.SmsHomeNewProductController: com.macro.mall.common.api.CommonResult updateSort(java.lang.Long,java.lang.Integer)>], Aspect: [com.macro.mall.common.log.WebLogAspect]
>>> AOP Match Found! Method: [<com.macro.mall.controller.SmsHomeNewProductController: com.macro.mall.common.api.CommonResult delete(java.util.List)>], Aspect: [com.macro.mall.common.log.WebLogAspect]
>>> AOP Match Found! Method: [<com.macro.mall.controller.SmsHomeNewProductController: com.macro.mall.common.api.CommonResult updateRecommendStatus(java.util.List,java.lang.Integer)>], Aspect: [com.macro.mall.common.log.WebLogAspect]
>>> AOP Match Found! Method: [<com.macro.mall.controller.SmsHomeNewProductController: com.macro.mall.common.api.CommonResult list(java.lang.String,java.lang.Integer,java.lang.Integer,java.lang.Integer)>], Aspect: [com.macro.mall.common.log.WebLogAspect]
>>> AOP Match Found! Method: [<com.macro.mall.controller.OmsCompanyAddressController: com.macro.mall.common.api.CommonResult list()>], Aspect: [com.macro.mall.common.log.WebLogAspect]
Added entry point (Empty): <com.macro.mall.controller.OmsCompanyAddressController: com.macro.mall.common.api.CommonResult list()>
>>> AOP Match Found! Method: [<com.macro.mall.controller.SmsCouponHistoryController: com.macro.mall.common.api.CommonResult list(java.lang.Long,java.lang.Integer,java.lang.String,java.lang.Integer,java.lang.Integer)>], Aspect: [com.macro.mall.common.log.WebLogAspect]
>>> AOP Match Found! Method: [<com.macro.mall.controller.SmsHomeRecommendProductController: com.macro.mall.common.api.CommonResult create(java.util.List)>], Aspect: [com.macro.mall.common.log.WebLogAspect]
>>> AOP Match Found! Method: [<com.macro.mall.controller.SmsHomeRecommendProductController: com.macro.mall.common.api.CommonResult updateSort(java.lang.Long,java.lang.Integer)>], Aspect: [com.macro.mall.common.log.WebLogAspect]
>>> AOP Match Found! Method: [<com.macro.mall.controller.SmsHomeRecommendProductController: com.macro.mall.common.api.CommonResult delete(java.util.List)>], Aspect: [com.macro.mall.common.log.WebLogAspect]
>>> AOP Match Found! Method: [<com.macro.mall.controller.SmsHomeRecommendProductController: com.macro.mall.common.api.CommonResult updateRecommendStatus(java.util.List,java.lang.Integer)>], Aspect: [com.macro.mall.common.log.WebLogAspect]
>>> AOP Match Found! Method: [<com.macro.mall.controller.SmsHomeRecommendProductController: com.macro.mall.common.api.CommonResult list(java.lang.String,java.lang.Integer,java.lang.Integer,java.lang.Integer)>], Aspect: [com.macro.mall.common.log.WebLogAspect]
>>> AOP Match Found! Method: [<com.macro.mall.controller.UmsAdminController: com.macro.mall.common.api.CommonResult register(com.macro.mall.dto.UmsAdminParam)>], Aspect: [com.macro.mall.common.log.WebLogAspect]
>>> AOP Match Found! Method: [<com.macro.mall.controller.UmsAdminController: com.macro.mall.common.api.CommonResult login(com.macro.mall.dto.UmsAdminLoginParam)>], Aspect: [com.macro.mall.common.log.WebLogAspect]
>>> AOP Match Found! Method: [<com.macro.mall.controller.UmsAdminController: com.macro.mall.common.api.CommonResult getAdminInfo(java.security.Principal)>], Aspect: [com.macro.mall.common.log.WebLogAspect]
>>> AOP Match Found! Method: [<com.macro.mall.controller.UmsAdminController: com.macro.mall.common.api.CommonResult logout(java.security.Principal)>], Aspect: [com.macro.mall.common.log.WebLogAspect]
>>> AOP Match Found! Method: [<com.macro.mall.controller.UmsAdminController: com.macro.mall.common.api.CommonResult list(java.lang.String,java.lang.Integer,java.lang.Integer)>], Aspect: [com.macro.mall.common.log.WebLogAspect]
>>> AOP Match Found! Method: [<com.macro.mall.controller.UmsAdminController: com.macro.mall.common.api.CommonResult getItem(java.lang.Long)>], Aspect: [com.macro.mall.common.log.WebLogAspect]
>>> AOP Match Found! Method: [<com.macro.mall.controller.UmsAdminController: com.macro.mall.common.api.CommonResult update(java.lang.Long,com.macro.mall.model.UmsAdmin)>], Aspect: [com.macro.mall.common.log.WebLogAspect]
>>> AOP Match Found! Method: [<com.macro.mall.controller.UmsAdminController: com.macro.mall.common.api.CommonResult updatePassword(com.macro.mall.dto.UpdateAdminPasswordParam)>], Aspect: [com.macro.mall.common.log.WebLogAspect]
>>> AOP Match Found! Method: [<com.macro.mall.controller.UmsAdminController: com.macro.mall.common.api.CommonResult delete(java.lang.Long)>], Aspect: [com.macro.mall.common.log.WebLogAspect]
>>> AOP Match Found! Method: [<com.macro.mall.controller.UmsAdminController: com.macro.mall.common.api.CommonResult updateStatus(java.lang.Long,java.lang.Integer)>], Aspect: [com.macro.mall.common.log.WebLogAspect]
>>> AOP Match Found! Method: [<com.macro.mall.controller.UmsAdminController: com.macro.mall.common.api.CommonResult updateRole(java.lang.Long,java.util.List)>], Aspect: [com.macro.mall.common.log.WebLogAspect]
>>> AOP Match Found! Method: [<com.macro.mall.controller.UmsAdminController: com.macro.mall.common.api.CommonResult getRoleList(java.lang.Long)>], Aspect: [com.macro.mall.common.log.WebLogAspect]
>>> AOP Match Found! Method: [<com.macro.mall.controller.UmsMenuController: com.macro.mall.common.api.CommonResult create(com.macro.mall.model.UmsMenu)>], Aspect: [com.macro.mall.common.log.WebLogAspect]
>>> AOP Match Found! Method: [<com.macro.mall.controller.UmsMenuController: com.macro.mall.common.api.CommonResult update(java.lang.Long,com.macro.mall.model.UmsMenu)>], Aspect: [com.macro.mall.common.log.WebLogAspect]
>>> AOP Match Found! Method: [<com.macro.mall.controller.UmsMenuController: com.macro.mall.common.api.CommonResult getItem(java.lang.Long)>], Aspect: [com.macro.mall.common.log.WebLogAspect]
>>> AOP Match Found! Method: [<com.macro.mall.controller.UmsMenuController: com.macro.mall.common.api.CommonResult delete(java.lang.Long)>], Aspect: [com.macro.mall.common.log.WebLogAspect]
>>> AOP Match Found! Method: [<com.macro.mall.controller.UmsMenuController: com.macro.mall.common.api.CommonResult list(java.lang.Long,java.lang.Integer,java.lang.Integer)>], Aspect: [com.macro.mall.common.log.WebLogAspect]
>>> AOP Match Found! Method: [<com.macro.mall.controller.UmsMenuController: com.macro.mall.common.api.CommonResult treeList()>], Aspect: [com.macro.mall.common.log.WebLogAspect]
Added entry point (Empty): <com.macro.mall.controller.UmsMenuController: com.macro.mall.common.api.CommonResult treeList()>
>>> AOP Match Found! Method: [<com.macro.mall.controller.UmsMenuController: com.macro.mall.common.api.CommonResult updateHidden(java.lang.Long,java.lang.Integer)>], Aspect: [com.macro.mall.common.log.WebLogAspect]
>>> AOP Match Found! Method: [<com.macro.mall.demo.controller.RestTemplateDemoController: java.lang.Object getForEntity(java.lang.Long)>], Aspect: [com.macro.mall.common.log.WebLogAspect]
>>> AOP Match Found! Method: [<com.macro.mall.demo.controller.RestTemplateDemoController: java.lang.Object getForEntity2(java.lang.Long)>], Aspect: [com.macro.mall.common.log.WebLogAspect]
>>> AOP Match Found! Method: [<com.macro.mall.demo.controller.RestTemplateDemoController: java.lang.Object getForEntity3(java.lang.Long)>], Aspect: [com.macro.mall.common.log.WebLogAspect]
>>> AOP Match Found! Method: [<com.macro.mall.demo.controller.RestTemplateDemoController: java.lang.Object getForObject(java.lang.Long)>], Aspect: [com.macro.mall.common.log.WebLogAspect]
>>> AOP Match Found! Method: [<com.macro.mall.demo.controller.RestTemplateDemoController: java.lang.Object postForEntity(com.macro.mall.model.PmsBrand)>], Aspect: [com.macro.mall.common.log.WebLogAspect]
>>> AOP Match Found! Method: [<com.macro.mall.demo.controller.RestTemplateDemoController: java.lang.Object postForObject(com.macro.mall.model.PmsBrand)>], Aspect: [com.macro.mall.common.log.WebLogAspect]
>>> AOP Match Found! Method: [<com.macro.mall.demo.controller.RestTemplateDemoController: java.lang.Object postForEntity3(java.lang.String)>], Aspect: [com.macro.mall.common.log.WebLogAspect]
>>> AOP Match Found! Method: [<com.macro.mall.demo.controller.DemoController: com.macro.mall.common.api.CommonResult getBrandList()>], Aspect: [com.macro.mall.common.log.WebLogAspect]
Added entry point (Empty): <com.macro.mall.demo.controller.DemoController: com.macro.mall.common.api.CommonResult getBrandList()>
>>> AOP Match Found! Method: [<com.macro.mall.demo.controller.DemoController: void <clinit>()>], Aspect: [com.macro.mall.common.log.WebLogAspect]
>>> AOP Match Found! Method: [<com.macro.mall.demo.controller.DemoController: com.macro.mall.common.api.CommonResult createBrand(com.macro.mall.demo.dto.PmsBrandDto)>], Aspect: [com.macro.mall.common.log.WebLogAspect]
>>> AOP Match Found! Method: [<com.macro.mall.demo.controller.DemoController: com.macro.mall.common.api.CommonResult updateBrand(java.lang.Long,com.macro.mall.demo.dto.PmsBrandDto)>], Aspect: [com.macro.mall.common.log.WebLogAspect]
>>> AOP Match Found! Method: [<com.macro.mall.demo.controller.DemoController: com.macro.mall.common.api.CommonResult deleteBrand(java.lang.Long)>], Aspect: [com.macro.mall.common.log.WebLogAspect]
>>> AOP Match Found! Method: [<com.macro.mall.demo.controller.DemoController: com.macro.mall.common.api.CommonResult listBrand(java.lang.Integer,java.lang.Integer)>], Aspect: [com.macro.mall.common.log.WebLogAspect]
>>> AOP Match Found! Method: [<com.macro.mall.demo.controller.DemoController: com.macro.mall.common.api.CommonResult brand(java.lang.Long)>], Aspect: [com.macro.mall.common.log.WebLogAspect]
>>> AOP Match Found! Method: [<com.macro.mall.portal.controller.UmsMemberCouponController: com.macro.mall.common.api.CommonResult add(java.lang.Long)>], Aspect: [com.macro.mall.common.log.WebLogAspect]
>>> AOP Match Found! Method: [<com.macro.mall.portal.controller.UmsMemberCouponController: com.macro.mall.common.api.CommonResult listHistory(java.lang.Integer)>], Aspect: [com.macro.mall.common.log.WebLogAspect]
>>> AOP Match Found! Method: [<com.macro.mall.portal.controller.UmsMemberCouponController: com.macro.mall.common.api.CommonResult list(java.lang.Integer)>], Aspect: [com.macro.mall.common.log.WebLogAspect]
>>> AOP Match Found! Method: [<com.macro.mall.portal.controller.UmsMemberCouponController: com.macro.mall.common.api.CommonResult listCart(java.lang.Integer)>], Aspect: [com.macro.mall.common.log.WebLogAspect]
>>> AOP Match Found! Method: [<com.macro.mall.portal.controller.UmsMemberCouponController: com.macro.mall.common.api.CommonResult listByProduct(java.lang.Long)>], Aspect: [com.macro.mall.common.log.WebLogAspect]
>>> AOP Match Found! Method: [<com.macro.mall.portal.controller.HomeController: com.macro.mall.common.api.CommonResult content()>], Aspect: [com.macro.mall.common.log.WebLogAspect]
Added entry point (Empty): <com.macro.mall.portal.controller.HomeController: com.macro.mall.common.api.CommonResult content()>
>>> AOP Match Found! Method: [<com.macro.mall.portal.controller.HomeController: com.macro.mall.common.api.CommonResult recommendProductList(java.lang.Integer,java.lang.Integer)>], Aspect: [com.macro.mall.common.log.WebLogAspect]
>>> AOP Match Found! Method: [<com.macro.mall.portal.controller.HomeController: com.macro.mall.common.api.CommonResult getProductCateList(java.lang.Long)>], Aspect: [com.macro.mall.common.log.WebLogAspect]
>>> AOP Match Found! Method: [<com.macro.mall.portal.controller.HomeController: com.macro.mall.common.api.CommonResult getSubjectList(java.lang.Long,java.lang.Integer,java.lang.Integer)>], Aspect: [com.macro.mall.common.log.WebLogAspect]
>>> AOP Match Found! Method: [<com.macro.mall.portal.controller.HomeController: com.macro.mall.common.api.CommonResult hotProductList(java.lang.Integer,java.lang.Integer)>], Aspect: [com.macro.mall.common.log.WebLogAspect]
>>> AOP Match Found! Method: [<com.macro.mall.portal.controller.HomeController: com.macro.mall.common.api.CommonResult newProductList(java.lang.Integer,java.lang.Integer)>], Aspect: [com.macro.mall.common.log.WebLogAspect]
>>> AOP Match Found! Method: [<com.macro.mall.portal.controller.OmsCartItemController: com.macro.mall.common.api.CommonResult add(com.macro.mall.model.OmsCartItem)>], Aspect: [com.macro.mall.common.log.WebLogAspect]
>>> AOP Match Found! Method: [<com.macro.mall.portal.controller.OmsCartItemController: com.macro.mall.common.api.CommonResult list()>], Aspect: [com.macro.mall.common.log.WebLogAspect]
Added entry point (Empty): <com.macro.mall.portal.controller.OmsCartItemController: com.macro.mall.common.api.CommonResult list()>
>>> AOP Match Found! Method: [<com.macro.mall.portal.controller.OmsCartItemController: com.macro.mall.common.api.CommonResult listPromotion(java.util.List)>], Aspect: [com.macro.mall.common.log.WebLogAspect]
>>> AOP Match Found! Method: [<com.macro.mall.portal.controller.OmsCartItemController: com.macro.mall.common.api.CommonResult updateQuantity(java.lang.Long,java.lang.Integer)>], Aspect: [com.macro.mall.common.log.WebLogAspect]
>>> AOP Match Found! Method: [<com.macro.mall.portal.controller.OmsCartItemController: com.macro.mall.common.api.CommonResult getCartProduct(java.lang.Long)>], Aspect: [com.macro.mall.common.log.WebLogAspect]
>>> AOP Match Found! Method: [<com.macro.mall.portal.controller.OmsCartItemController: com.macro.mall.common.api.CommonResult updateAttr(com.macro.mall.model.OmsCartItem)>], Aspect: [com.macro.mall.common.log.WebLogAspect]
>>> AOP Match Found! Method: [<com.macro.mall.portal.controller.OmsCartItemController: com.macro.mall.common.api.CommonResult delete(java.util.List)>], Aspect: [com.macro.mall.common.log.WebLogAspect]
>>> AOP Match Found! Method: [<com.macro.mall.portal.controller.OmsCartItemController: com.macro.mall.common.api.CommonResult clear()>], Aspect: [com.macro.mall.common.log.WebLogAspect]
Added entry point (Empty): <com.macro.mall.portal.controller.OmsCartItemController: com.macro.mall.common.api.CommonResult clear()>
>>> AOP Match Found! Method: [<com.macro.mall.portal.controller.PmsPortalProductController: com.macro.mall.common.api.CommonResult search(java.lang.String,java.lang.Long,java.lang.Long,java.lang.Integer,java.lang.Integer,java.lang.Integer)>], Aspect: [com.macro.mall.common.log.WebLogAspect]
>>> AOP Match Found! Method: [<com.macro.mall.portal.controller.PmsPortalProductController: com.macro.mall.common.api.CommonResult categoryTreeList()>], Aspect: [com.macro.mall.common.log.WebLogAspect]
Added entry point (Empty): <com.macro.mall.portal.controller.PmsPortalProductController: com.macro.mall.common.api.CommonResult categoryTreeList()>
>>> AOP Match Found! Method: [<com.macro.mall.portal.controller.PmsPortalProductController: com.macro.mall.common.api.CommonResult detail(java.lang.Long)>], Aspect: [com.macro.mall.common.log.WebLogAspect]
>>> AOP Match Found! Method: [<com.macro.mall.portal.controller.UmsMemberReceiveAddressController: com.macro.mall.common.api.CommonResult add(com.macro.mall.model.UmsMemberReceiveAddress)>], Aspect: [com.macro.mall.common.log.WebLogAspect]
>>> AOP Match Found! Method: [<com.macro.mall.portal.controller.UmsMemberReceiveAddressController: com.macro.mall.common.api.CommonResult delete(java.lang.Long)>], Aspect: [com.macro.mall.common.log.WebLogAspect]
>>> AOP Match Found! Method: [<com.macro.mall.portal.controller.UmsMemberReceiveAddressController: com.macro.mall.common.api.CommonResult update(java.lang.Long,com.macro.mall.model.UmsMemberReceiveAddress)>], Aspect: [com.macro.mall.common.log.WebLogAspect]
>>> AOP Match Found! Method: [<com.macro.mall.portal.controller.UmsMemberReceiveAddressController: com.macro.mall.common.api.CommonResult list()>], Aspect: [com.macro.mall.common.log.WebLogAspect]
Added entry point (Empty): <com.macro.mall.portal.controller.UmsMemberReceiveAddressController: com.macro.mall.common.api.CommonResult list()>
>>> AOP Match Found! Method: [<com.macro.mall.portal.controller.UmsMemberReceiveAddressController: com.macro.mall.common.api.CommonResult getItem(java.lang.Long)>], Aspect: [com.macro.mall.common.log.WebLogAspect]
>>> AOP Match Found! Method: [<com.macro.mall.portal.controller.OmsPortalOrderReturnApplyController: com.macro.mall.common.api.CommonResult create(com.macro.mall.portal.domain.OmsOrderReturnApplyParam)>], Aspect: [com.macro.mall.common.log.WebLogAspect]
>>> AOP Match Found! Method: [<com.macro.mall.portal.controller.PmsPortalBrandController: com.macro.mall.common.api.CommonResult recommendList(java.lang.Integer,java.lang.Integer)>], Aspect: [com.macro.mall.common.log.WebLogAspect]
>>> AOP Match Found! Method: [<com.macro.mall.portal.controller.PmsPortalBrandController: com.macro.mall.common.api.CommonResult detail(java.lang.Long)>], Aspect: [com.macro.mall.common.log.WebLogAspect]
>>> AOP Match Found! Method: [<com.macro.mall.portal.controller.PmsPortalBrandController: com.macro.mall.common.api.CommonResult productList(java.lang.Long,java.lang.Integer,java.lang.Integer)>], Aspect: [com.macro.mall.common.log.WebLogAspect]
>>> AOP Match Found! Method: [<com.macro.mall.portal.controller.OmsPortalOrderController: com.macro.mall.common.api.CommonResult generateConfirmOrder(java.util.List)>], Aspect: [com.macro.mall.common.log.WebLogAspect]
>>> AOP Match Found! Method: [<com.macro.mall.portal.controller.OmsPortalOrderController: com.macro.mall.common.api.CommonResult generateOrder(com.macro.mall.portal.domain.OrderParam)>], Aspect: [com.macro.mall.common.log.WebLogAspect]
>>> AOP Match Found! Method: [<com.macro.mall.portal.controller.OmsPortalOrderController: com.macro.mall.common.api.CommonResult paySuccess(java.lang.Long,java.lang.Integer)>], Aspect: [com.macro.mall.common.log.WebLogAspect]
>>> AOP Match Found! Method: [<com.macro.mall.portal.controller.OmsPortalOrderController: com.macro.mall.common.api.CommonResult cancelTimeOutOrder()>], Aspect: [com.macro.mall.common.log.WebLogAspect]
Added entry point (Empty): <com.macro.mall.portal.controller.OmsPortalOrderController: com.macro.mall.common.api.CommonResult cancelTimeOutOrder()>
>>> AOP Match Found! Method: [<com.macro.mall.portal.controller.OmsPortalOrderController: com.macro.mall.common.api.CommonResult cancelOrder(java.lang.Long)>], Aspect: [com.macro.mall.common.log.WebLogAspect]
>>> AOP Match Found! Method: [<com.macro.mall.portal.controller.OmsPortalOrderController: com.macro.mall.common.api.CommonResult list(java.lang.Integer,java.lang.Integer,java.lang.Integer)>], Aspect: [com.macro.mall.common.log.WebLogAspect]
>>> AOP Match Found! Method: [<com.macro.mall.portal.controller.OmsPortalOrderController: com.macro.mall.common.api.CommonResult detail(java.lang.Long)>], Aspect: [com.macro.mall.common.log.WebLogAspect]
>>> AOP Match Found! Method: [<com.macro.mall.portal.controller.OmsPortalOrderController: com.macro.mall.common.api.CommonResult cancelUserOrder(java.lang.Long)>], Aspect: [com.macro.mall.common.log.WebLogAspect]
>>> AOP Match Found! Method: [<com.macro.mall.portal.controller.OmsPortalOrderController: com.macro.mall.common.api.CommonResult confirmReceiveOrder(java.lang.Long)>], Aspect: [com.macro.mall.common.log.WebLogAspect]
>>> AOP Match Found! Method: [<com.macro.mall.portal.controller.OmsPortalOrderController: com.macro.mall.common.api.CommonResult deleteOrder(java.lang.Long)>], Aspect: [com.macro.mall.common.log.WebLogAspect]
>>> AOP Match Found! Method: [<com.macro.mall.portal.controller.UmsMemberController: com.macro.mall.common.api.CommonResult register(java.lang.String,java.lang.String,java.lang.String,java.lang.String)>], Aspect: [com.macro.mall.common.log.WebLogAspect]
>>> AOP Match Found! Method: [<com.macro.mall.portal.controller.UmsMemberController: com.macro.mall.common.api.CommonResult login(java.lang.String,java.lang.String)>], Aspect: [com.macro.mall.common.log.WebLogAspect]
>>> AOP Match Found! Method: [<com.macro.mall.portal.controller.UmsMemberController: com.macro.mall.common.api.CommonResult info(java.security.Principal)>], Aspect: [com.macro.mall.common.log.WebLogAspect]
>>> AOP Match Found! Method: [<com.macro.mall.portal.controller.UmsMemberController: com.macro.mall.common.api.CommonResult getAuthCode(java.lang.String)>], Aspect: [com.macro.mall.common.log.WebLogAspect]
>>> AOP Match Found! Method: [<com.macro.mall.portal.controller.UmsMemberController: com.macro.mall.common.api.CommonResult updatePassword(java.lang.String,java.lang.String,java.lang.String)>], Aspect: [com.macro.mall.common.log.WebLogAspect]
>>> AOP Match Found! Method: [<com.macro.mall.portal.controller.MemberProductCollectionController: com.macro.mall.common.api.CommonResult add(com.macro.mall.portal.domain.MemberProductCollection)>], Aspect: [com.macro.mall.common.log.WebLogAspect]
>>> AOP Match Found! Method: [<com.macro.mall.portal.controller.MemberProductCollectionController: com.macro.mall.common.api.CommonResult delete(java.lang.Long)>], Aspect: [com.macro.mall.common.log.WebLogAspect]
>>> AOP Match Found! Method: [<com.macro.mall.portal.controller.MemberProductCollectionController: com.macro.mall.common.api.CommonResult list(java.lang.Integer,java.lang.Integer)>], Aspect: [com.macro.mall.common.log.WebLogAspect]
>>> AOP Match Found! Method: [<com.macro.mall.portal.controller.MemberProductCollectionController: com.macro.mall.common.api.CommonResult detail(java.lang.Long)>], Aspect: [com.macro.mall.common.log.WebLogAspect]
>>> AOP Match Found! Method: [<com.macro.mall.portal.controller.MemberProductCollectionController: com.macro.mall.common.api.CommonResult clear()>], Aspect: [com.macro.mall.common.log.WebLogAspect]
Added entry point (Empty): <com.macro.mall.portal.controller.MemberProductCollectionController: com.macro.mall.common.api.CommonResult clear()>
>>> AOP Match Found! Method: [<com.macro.mall.portal.controller.MemberReadHistoryController: com.macro.mall.common.api.CommonResult create(com.macro.mall.portal.domain.MemberReadHistory)>], Aspect: [com.macro.mall.common.log.WebLogAspect]
>>> AOP Match Found! Method: [<com.macro.mall.portal.controller.MemberReadHistoryController: com.macro.mall.common.api.CommonResult delete(java.util.List)>], Aspect: [com.macro.mall.common.log.WebLogAspect]
>>> AOP Match Found! Method: [<com.macro.mall.portal.controller.MemberReadHistoryController: com.macro.mall.common.api.CommonResult clear()>], Aspect: [com.macro.mall.common.log.WebLogAspect]
Added entry point (Empty): <com.macro.mall.portal.controller.MemberReadHistoryController: com.macro.mall.common.api.CommonResult clear()>
>>> AOP Match Found! Method: [<com.macro.mall.portal.controller.MemberReadHistoryController: com.macro.mall.common.api.CommonResult list(java.lang.Integer,java.lang.Integer)>], Aspect: [com.macro.mall.common.log.WebLogAspect]
>>> AOP Match Found! Method: [<com.macro.mall.portal.controller.MemberAttentionController: com.macro.mall.common.api.CommonResult add(com.macro.mall.portal.domain.MemberBrandAttention)>], Aspect: [com.macro.mall.common.log.WebLogAspect]
>>> AOP Match Found! Method: [<com.macro.mall.portal.controller.MemberAttentionController: com.macro.mall.common.api.CommonResult delete(java.lang.Long)>], Aspect: [com.macro.mall.common.log.WebLogAspect]
>>> AOP Match Found! Method: [<com.macro.mall.portal.controller.MemberAttentionController: com.macro.mall.common.api.CommonResult list(java.lang.Integer,java.lang.Integer)>], Aspect: [com.macro.mall.common.log.WebLogAspect]
>>> AOP Match Found! Method: [<com.macro.mall.portal.controller.MemberAttentionController: com.macro.mall.common.api.CommonResult detail(java.lang.Long)>], Aspect: [com.macro.mall.common.log.WebLogAspect]
>>> AOP Match Found! Method: [<com.macro.mall.portal.controller.MemberAttentionController: com.macro.mall.common.api.CommonResult clear()>], Aspect: [com.macro.mall.common.log.WebLogAspect]
Added entry point (Empty): <com.macro.mall.portal.controller.MemberAttentionController: com.macro.mall.common.api.CommonResult clear()>
>>> AOP Match Found! Method: [<com.macro.mall.portal.controller.AlipayController: void pay(com.macro.mall.portal.domain.AliPayParam,javax.servlet.http.HttpServletResponse)>], Aspect: [com.macro.mall.common.log.WebLogAspect]
>>> AOP Match Found! Method: [<com.macro.mall.portal.controller.AlipayController: void webPay(com.macro.mall.portal.domain.AliPayParam,javax.servlet.http.HttpServletResponse)>], Aspect: [com.macro.mall.common.log.WebLogAspect]
>>> AOP Match Found! Method: [<com.macro.mall.portal.controller.AlipayController: com.macro.mall.common.api.CommonResult query(java.lang.String,java.lang.String)>], Aspect: [com.macro.mall.common.log.WebLogAspect]
>>> AOP Match Found! Method: [<com.macro.mall.search.controller.EsProductController: com.macro.mall.common.api.CommonResult importAllList()>], Aspect: [com.macro.mall.common.log.WebLogAspect]
Added entry point (Empty): <com.macro.mall.search.controller.EsProductController: com.macro.mall.common.api.CommonResult importAllList()>
>>> AOP Match Found! Method: [<com.macro.mall.search.controller.EsProductController: com.macro.mall.common.api.CommonResult delete(java.lang.Long)>], Aspect: [com.macro.mall.common.log.WebLogAspect]
>>> AOP Match Found! Method: [<com.macro.mall.search.controller.EsProductController: com.macro.mall.common.api.CommonResult delete(java.util.List)>], Aspect: [com.macro.mall.common.log.WebLogAspect]
>>> AOP Match Found! Method: [<com.macro.mall.search.controller.EsProductController: com.macro.mall.common.api.CommonResult create(java.lang.Long)>], Aspect: [com.macro.mall.common.log.WebLogAspect]
>>> AOP Match Found! Method: [<com.macro.mall.search.controller.EsProductController: com.macro.mall.common.api.CommonResult search(java.lang.String,java.lang.Integer,java.lang.Integer)>], Aspect: [com.macro.mall.common.log.WebLogAspect]
>>> AOP Match Found! Method: [<com.macro.mall.search.controller.EsProductController: com.macro.mall.common.api.CommonResult search(java.lang.String,java.lang.Long,java.lang.Long,java.lang.Integer,java.lang.Integer,java.lang.Integer)>], Aspect: [com.macro.mall.common.log.WebLogAspect]
>>> AOP Match Found! Method: [<com.macro.mall.search.controller.EsProductController: com.macro.mall.common.api.CommonResult recommend(java.lang.Long,java.lang.Integer,java.lang.Integer)>], Aspect: [com.macro.mall.common.log.WebLogAspect]
>>> AOP Match Found! Method: [<com.macro.mall.search.controller.EsProductController: com.macro.mall.common.api.CommonResult searchRelatedInfo(java.lang.String)>], Aspect: [com.macro.mall.common.log.WebLogAspect]
Initializing global aspect mock objects...
No bean found for concrete class: org.springframework.data.elasticsearch.core.ElasticsearchRestTemplate
No bean found for concrete class: org.springframework.data.elasticsearch.core.ElasticsearchRestTemplate
No bean found for concrete class: org.springframework.data.elasticsearch.core.ElasticsearchRestTemplate
No implementation found for interface: com.macro.mall.common.service.RedisService
No bean found for concrete class: com.macro.mall.common.service.RedisService
No bean found for concrete class: com.macro.mall.common.service.RedisService
No bean found for concrete class: com.macro.mall.common.service.RedisService
No bean found for concrete class: org.springframework.amqp.core.AmqpTemplate
No bean found for concrete class: com.macro.mall.common.service.RedisService
No bean found for concrete class: com.macro.mall.common.service.RedisService
No bean found for concrete class: com.macro.mall.common.service.RedisService
No bean found for concrete class: com.macro.mall.common.service.RedisService
No bean found for concrete class: com.macro.mall.common.service.RedisService
[Pointer analysis] elapsed time: 0.29s
-------------- Pointer analysis statistics: --------------
#var pointers:                1,2801 (insens) / 2,9758 (sens)
#objects:                     3817 (insens) / 4591 (sens)
#var points-to:               1,4251 (insens) / 2,5451 (sens)
#static field points-to:      391 (sens)
#instance field points-to:    2975 (sens)
#array points-to:             286 (sens)
#reachable methods:           2845 (insens) / 9524 (sens)
#call graph edges:            6433 (insens) / 1,5940 (sens)
----------------------------------------
pta finishes, elapsed time: 0.54s
cg starts ...
Call graph has 2845 reachable methods and 6433 edges
Dumping call graph to /Users/yuntsy/My/Projects/Java/WebAnalyzer/output/call-graph.dot
Dumping reachable methods to /Users/yuntsy/My/Projects/Java/WebAnalyzer/output/reachable-methods.txt
Dumping call edges to /Users/yuntsy/My/Projects/Java/WebAnalyzer/output/call-edges.txt
cg finishes, elapsed time: 0.18s
Tai-e finishes, elapsed time: 23.88s
