Writing log to /Users/yuntsy/My/Projects/Java/WebAnalyzer/output/tai-e.log
java.version: 17.0.11
java.version.date: 2024-04-16
java.runtime.version: 17.0.11+7-LTS-207
java.vendor: Oracle Corporation
java.vendor.version: null
os.name: Mac OS X
os.version: 26.2
os.arch: aarch64
Tai-e Version: 0.5.1
Manifest does not contain Tai-e commit information
Tai-e Commit: Unknown
Writing analysis plan to /Users/yuntsy/My/Projects/Java/WebAnalyzer/output/tai-e-plan.yml
WorldBuilder starts ...
Warning: main class was not given!
27987 classes with 243159 methods in the world
WorldBuilder finishes, elapsed time: 23.09s
routerAnalysis starts ...
Router analysis started at: 2026-01-25 12:56:39
Router analysis completed at: 2026-01-25 12:56:39 (Duration: 11ms)
routerAnalysis finishes, elapsed time: 0.01s
beanAnalysis starts ...
beanAnalysis finishes, elapsed time: 0.04s
injectPointsAnalysis starts ...
injectPointsAnalysis finishes, elapsed time: 0.04s
aspectAnalysis starts ...
Starting AOP aspect analysis...
aspectAnalysis finishes, elapsed time: 0.00s
pta starts ...
Added entry point (Empty): <com.jeesite.modules.ai.cms.web.CmsAiChatController: java.util.Collection list()>
Added entry point (Empty): <com.jeesite.modules.cms.web.FileTemplateController: java.lang.String index()>
Added entry point (Empty): <com.jeesite.modules.cms.web.FileTemplateController: java.lang.String help()>
Added entry point (Empty): <com.jeesite.modules.cms.web.FileTemplateController: java.util.List treeData()>
Added entry point (Empty): <com.jeesite.modules.cms.web.CmsIndexController: java.lang.String index()>
Added entry point (Empty): <com.jeesite.modules.cms.web.CmsIndexController: java.lang.String none()>
Added entry point (Empty): <com.jeesite.modules.file.web.FileUploadController: java.util.Map params()>
Added entry point (Empty): <com.jeesite.modules.sys.web.LoginController: org.apache.shiro.authz.AuthorizationInfo authInfo()>
Concrete class not found for type: org.springframework.web.multipart.support.StandardMultipartFile
Added entry point (Empty): <com.jeesite.modules.sys.web.user.EmpUserController: java.util.List officeListData()>
Concrete class not found for type: org.springframework.web.multipart.support.StandardMultipartFile
Added entry point (Empty): <com.jeesite.modules.sys.web.CacheController: java.lang.String clearAll()>
Added entry point (Empty): <com.jeesite.modules.FastApplication$JeeSiteController: java.lang.String login()>
[Pointer analysis] elapsed time: 0.29s
-------------- Pointer analysis statistics: --------------
#var pointers:                1,2542 (insens) / 3,0279 (sens)
#objects:                     4462 (insens) / 5179 (sens)
#var points-to:               1,6851 (insens) / 5,6306 (sens)
#static field points-to:      183 (sens)
#instance field points-to:    5484 (sens)
#array points-to:             532 (sens)
#reachable methods:           1897 (insens) / 7040 (sens)
#call graph edges:            5652 (insens) / 2,2543 (sens)
----------------------------------------
pta finishes, elapsed time: 0.54s
cg starts ...
Call graph has 1897 reachable methods and 5652 edges
Dumping call graph to /Users/yuntsy/My/Projects/Java/WebAnalyzer/output/call-graph.dot
Dumping reachable methods to /Users/yuntsy/My/Projects/Java/WebAnalyzer/output/reachable-methods.txt
Dumping call edges to /Users/yuntsy/My/Projects/Java/WebAnalyzer/output/call-edges.txt
cg finishes, elapsed time: 0.16s
Tai-e finishes, elapsed time: 23.97s
