Writing log to /Users/yuntsy/My/Projects/Java/WebAnalyzer/output/tai-e.log
java.version: 17.0.11
java.version.date: 2024-04-16
java.runtime.version: 17.0.11+7-LTS-207
java.vendor: Oracle Corporation
java.vendor.version: null
os.name: Mac OS X
os.version: 26.3
os.arch: aarch64
Tai-e Version: 0.5.1
Manifest does not contain Tai-e commit information
Tai-e Commit: Unknown
Writing analysis plan to /Users/yuntsy/My/Projects/Java/WebAnalyzer/output/tai-e-plan.yml
WorldBuilder starts ...
Warning: main class was not given!
25877 classes with 236945 methods in the world
WorldBuilder finishes, elapsed time: 28.99s
routerAnalysis starts ...
Router analysis started at: 2026-03-03 14:15:22
Router analysis completed at: 2026-03-03 14:15:22 (Duration: 10ms)
routerAnalysis finishes, elapsed time: 0.01s
beanAnalysis starts ...
beanAnalysis finishes, elapsed time: 0.03s
injectPointsAnalysis starts ...
injectPointsAnalysis finishes, elapsed time: 0.04s
aspectAnalysis starts ...
Starting AOP aspect analysis...
aspectAnalysis finishes, elapsed time: 0.00s
resultAnalysis starts ...
============================================================
                 Spring Analysis Result Summary             
============================================================
Router Methods (Endpoints)     : 160
Spring Beans                   : 121
Aspect Methods (Advice)        : 3
============================================================
resultAnalysis finishes, elapsed time: 0.00s
srfaAnalysis starts ...
SRFA Analysis started at: 2026-03-03 14:15:22
Loaded 23 controller classes from RouterAnalysis
Discovering mapper paths from 6 appClassPath entries
Auto-discovered 0 mapper path(s)
No MyBatis mapper paths found. Sink config will be empty.
Parsed 0 MyBatis mapper files
Parsed 0 MyBatis mapper files
Collected 0 write field names from INSERT/UPDATE operations
Extracted 206 source metadata entries (before filtering)
Resolving 0 mapper namespaces...
Extracted 0 sink metadata entries (deduplicated, before risk filtering)
Sources: 105 generated, 101 filtered, 0 deduplicated
Sinks: 0 generated (risky), 0 filtered (safe), 0 deduplicated
  Note: 'risky' means uses string concatenation ($), 'safe' means uses prepared statement (#)
Written taint config to: output/taint-config-generated.yml
  Sources: 105 (SRFA param) + framework call sources
  Sinks: 0 (SRFA) + common predefined sinks
  Transfers: standard set included
SRFA Analysis completed at: 2026-03-03 14:15:22 (Duration: 12ms)
srfaAnalysis finishes, elapsed time: 0.01s
pta starts ...
Loading taint config from /Users/yuntsy/My/Projects/Java/WebAnalyzer/output/taint-config-generated.yml
Cannot find source method '<org.springframework.security.core.context.SecurityContextHolder: org.springframework.security.core.context.SecurityContext getContext()>'
Cannot find source method '<org.springframework.security.core.context.SecurityContext: org.springframework.security.core.Authentication getAuthentication()>'
Cannot find source method '<org.springframework.security.core.Authentication: java.lang.Object getPrincipal()>'
Cannot find source method '<org.springframework.security.core.Authentication: java.lang.Object getDetails()>'
Cannot find source method '<org.springframework.security.core.Authentication: java.lang.String getName()>'
Cannot find source method '<org.springframework.security.core.Authentication: java.util.Collection getAuthorities()>'
Cannot find source method '<org.springframework.security.core.userdetails.UserDetails: java.lang.String getUsername()>'
Cannot find source method '<javax.servlet.http.HttpServletRequest: java.lang.String getParameter(java.lang.String)>'
Cannot find source method '<javax.servlet.http.HttpServletRequest: java.lang.Object getAttribute(java.lang.String)>'
Cannot find source method '<java.lang.InheritableThreadLocal: java.lang.Object get()>'
Cannot find sink method '<org.springframework.jdbc.core.JdbcTemplate: java.util.List query(java.lang.String,org.springframework.jdbc.core.RowMapper)>'
Cannot find sink method '<org.springframework.jdbc.core.JdbcTemplate: java.lang.Object queryForObject(java.lang.String,java.lang.Class)>'
Cannot find sink method '<org.springframework.jdbc.core.JdbcTemplate: java.util.List queryForList(java.lang.String,java.lang.Class)>'
Cannot find sink method '<org.springframework.jdbc.core.JdbcTemplate: int update(java.lang.String)>'
Cannot find sink method '<org.springframework.jdbc.core.JdbcTemplate: int[] batchUpdate(java.lang.String[])>'
Cannot find sink method '<javax.persistence.EntityManager: javax.persistence.Query createQuery(java.lang.String)>'
Cannot find sink method '<javax.persistence.EntityManager: javax.persistence.Query createNativeQuery(java.lang.String)>'
Cannot find sink method '<javax.persistence.EntityManager: javax.persistence.Query createNativeQuery(java.lang.String,java.lang.Class)>'
Cannot find sink method '<org.hibernate.Session: org.hibernate.Query createQuery(java.lang.String)>'
Cannot find sink method '<org.hibernate.Session: org.hibernate.SQLQuery createSQLQuery(java.lang.String)>'
Cannot find sink method '<javax.servlet.ServletOutputStream: void write(byte[])>'
Cannot find sink method '<javax.servlet.jsp.JspWriter: void print(java.lang.String)>'
Cannot find sink method '<javax.servlet.jsp.JspWriter: void println(java.lang.String)>'
Cannot find sink method '<javax.servlet.jsp.JspWriter: void write(java.lang.String)>'
Cannot find sink method '<org.springframework.web.client.RestTemplate: java.lang.Object getForObject(java.lang.String,java.lang.Class)>'
Cannot find sink method '<org.springframework.web.client.RestTemplate: org.springframework.http.ResponseEntity getForEntity(java.lang.String,java.lang.Class)>'
Cannot find sink method '<org.springframework.web.client.RestTemplate: java.lang.Object postForObject(java.lang.String,java.lang.Object,java.lang.Class)>'
Cannot find sink method '<org.springframework.web.client.RestTemplate: org.springframework.http.ResponseEntity exchange(java.lang.String,org.springframework.http.HttpMethod,org.springframework.http.HttpEntity,java.lang.Class)>'
Cannot find sink method '<javax.naming.directory.InitialDirContext: javax.naming.NamingEnumeration search(java.lang.String,java.lang.String,javax.naming.directory.SearchControls)>'
Cannot find sink method '<javax.naming.directory.InitialDirContext: javax.naming.NamingEnumeration search(java.lang.String,java.lang.String,javax.naming.directory.SearchControls)>'
Cannot find sink method '<org.springframework.ldap.core.LdapTemplate: java.util.List search(java.lang.String,java.lang.String,javax.naming.directory.SearchControls,org.springframework.ldap.core.AttributesMapper)>'
Cannot find sink method '<org.springframework.expression.spel.standard.SpelExpressionParser: org.springframework.expression.Expression parseExpression(java.lang.String)>'
Cannot find sink method '<ognl.Ognl: java.lang.Object parseExpression(java.lang.String)>'
Cannot find sink method '<ognl.Ognl: java.lang.Object getValue(java.lang.String,java.lang.Object)>'
Cannot find sink method '<org.mvel2.MVEL: java.lang.Object eval(java.lang.String)>'
Cannot find sink method '<org.mvel2.MVEL: java.lang.Object eval(java.lang.String,java.lang.Object)>'
Cannot find sink method '<org.apache.commons.jexl3.JexlEngine: org.apache.commons.jexl3.JexlExpression createExpression(java.lang.String)>'
Cannot find sink method '<org.apache.commons.jexl3.JexlEngine: org.apache.commons.jexl3.JexlScript createScript(java.lang.String)>'
Cannot find sink method '<freemarker.template.Template: void <init>(java.lang.String,java.io.Reader)>'
Cannot find sink method '<org.apache.velocity.app.VelocityEngine: boolean evaluate(org.apache.velocity.context.Context,java.io.Writer,java.lang.String,java.lang.String)>'
Cannot find sink method '<com.alibaba.fastjson.JSON: java.lang.Object parse(java.lang.String)>'
Cannot find sink method '<com.alibaba.fastjson.JSON: java.lang.Object parseObject(java.lang.String)>'
Cannot find sink method '<com.alibaba.fastjson.JSON: java.lang.Object parseObject(java.lang.String,java.lang.Class)>'
Cannot find sink method '<com.fasterxml.jackson.databind.ObjectMapper: java.lang.Object readValue(java.lang.String,java.lang.Class)>'
Cannot find sink method '<org.yaml.snakeyaml.Yaml: java.lang.Object load(java.lang.String)>'
Cannot find sink method '<org.yaml.snakeyaml.Yaml: java.lang.Object load(java.io.InputStream)>'
Cannot find sink method '<javax.servlet.http.HttpServletRequest: javax.servlet.RequestDispatcher getRequestDispatcher(java.lang.String)>'
Cannot find taint-transfer method '<java.util.LinkedHashMap: java.lang.Object put(java.lang.Object,java.lang.Object)>'
Cannot find taint-transfer method '<javax.servlet.http.HttpServletRequest: java.lang.String getParameter(java.lang.String)>'
Cannot find taint-transfer method '<javax.servlet.http.HttpServletRequest: java.lang.String[] getParameterValues(java.lang.String)>'
Cannot find taint-transfer method '<javax.servlet.http.HttpServletRequest: java.lang.String getRemoteAddr()>'
Cannot find taint-transfer method '<javax.servlet.http.HttpServletRequest: java.lang.Object getAttribute(java.lang.String)>'
Cannot find taint-transfer method '<org.springframework.security.core.context.SecurityContext: org.springframework.security.core.Authentication getAuthentication()>'
Cannot find taint-transfer method '<org.springframework.security.core.Authentication: java.lang.Object getPrincipal()>'
Cannot find taint-transfer method '<org.springframework.security.core.Authentication: java.lang.Object getDetails()>'
Cannot find taint-transfer method '<org.springframework.security.core.Authentication: java.lang.String getName()>'
Cannot find taint-transfer method '<org.springframework.security.core.Authentication: java.util.Collection getAuthorities()>'
Cannot find taint-transfer method '<org.springframework.security.core.userdetails.UserDetails: java.lang.String getUsername()>'
Cannot find taint-transfer method '<org.springframework.security.core.GrantedAuthority: java.lang.String getAuthority()>'
Cannot find taint-transfer method '<java.lang.InheritableThreadLocal: java.lang.Object get()>'
TaintConfig:
sources:
  - { kind: "param", method: "<cn.exrick.front.controller.AddressController: cn.exrick.common.pojo.Result addressList(cn.exrick.manager.pojo.TbAddress)>", index: "0", type: "cn.exrick.manager.pojo.TbAddress" }
  - { kind: "param", method: "<cn.exrick.front.controller.AddressController: cn.exrick.common.pojo.Result address(cn.exrick.manager.pojo.TbAddress)>", index: "0", type: "cn.exrick.manager.pojo.TbAddress" }
  - { kind: "param", method: "<cn.exrick.front.controller.AddressController: cn.exrick.common.pojo.Result addAddress(cn.exrick.manager.pojo.TbAddress)>", index: "0", type: "cn.exrick.manager.pojo.TbAddress" }
  - { kind: "param", method: "<cn.exrick.front.controller.AddressController: cn.exrick.common.pojo.Result updateAddress(cn.exrick.manager.pojo.TbAddress)>", index: "0", type: "cn.exrick.manager.pojo.TbAddress" }
  - { kind: "param", method: "<cn.exrick.front.controller.AddressController: cn.exrick.common.pojo.Result delAddress(cn.exrick.manager.pojo.TbAddress)>", index: "0", type: "cn.exrick.manager.pojo.TbAddress" }
  - { kind: "param", method: "<cn.exrick.front.controller.CartController: cn.exrick.common.pojo.Result addCart(cn.exrick.manager.dto.front.Cart)>", index: "0", type: "cn.exrick.manager.dto.front.Cart" }
  - { kind: "param", method: "<cn.exrick.front.controller.CartController: cn.exrick.common.pojo.Result getCartList(cn.exrick.manager.dto.front.Cart)>", index: "0", type: "cn.exrick.manager.dto.front.Cart" }
  - { kind: "param", method: "<cn.exrick.front.controller.CartController: cn.exrick.common.pojo.Result updateCartNum(cn.exrick.manager.dto.front.Cart)>", index: "0", type: "cn.exrick.manager.dto.front.Cart" }
  - { kind: "param", method: "<cn.exrick.front.controller.CartController: cn.exrick.common.pojo.Result editCheckAll(cn.exrick.manager.dto.front.Cart)>", index: "0", type: "cn.exrick.manager.dto.front.Cart" }
  - { kind: "param", method: "<cn.exrick.front.controller.CartController: cn.exrick.common.pojo.Result deleteCartItem(cn.exrick.manager.dto.front.Cart)>", index: "0", type: "cn.exrick.manager.dto.front.Cart" }
  - { kind: "param", method: "<cn.exrick.front.controller.CartController: cn.exrick.common.pojo.Result delChecked(cn.exrick.manager.dto.front.Cart)>", index: "0", type: "cn.exrick.manager.dto.front.Cart" }
  - { kind: "param", method: "<cn.exrick.front.controller.GoodsController: cn.exrick.common.pojo.Result getAllProduct(int,int,java.lang.String,java.lang.Long,int,int)>", index: "0", type: "int" }
  - { kind: "param", method: "<cn.exrick.front.controller.GoodsController: cn.exrick.common.pojo.Result getAllProduct(int,int,java.lang.String,java.lang.Long,int,int)>", index: "1", type: "int" }
  - { kind: "param", method: "<cn.exrick.front.controller.GoodsController: cn.exrick.common.pojo.Result getAllProduct(int,int,java.lang.String,java.lang.Long,int,int)>", index: "2", type: "java.lang.String" }
  - { kind: "param", method: "<cn.exrick.front.controller.GoodsController: cn.exrick.common.pojo.Result getAllProduct(int,int,java.lang.String,java.lang.Long,int,int)>", index: "3", type: "java.lang.Long" }
  - { kind: "param", method: "<cn.exrick.front.controller.GoodsController: cn.exrick.common.pojo.Result getAllProduct(int,int,java.lang.String,java.lang.Long,int,int)>", index: "4", type: "int" }
  - { kind: "param", method: "<cn.exrick.front.controller.GoodsController: cn.exrick.common.pojo.Result getAllProduct(int,int,java.lang.String,java.lang.Long,int,int)>", index: "5", type: "int" }
  - { kind: "param", method: "<cn.exrick.front.controller.GoodsController: cn.exrick.common.pojo.Result searchProduct(java.lang.String,int,int,java.lang.String,int,int)>", index: "0", type: "java.lang.String" }
  - { kind: "param", method: "<cn.exrick.front.controller.GoodsController: cn.exrick.common.pojo.Result searchProduct(java.lang.String,int,int,java.lang.String,int,int)>", index: "1", type: "int" }
  - { kind: "param", method: "<cn.exrick.front.controller.GoodsController: cn.exrick.common.pojo.Result searchProduct(java.lang.String,int,int,java.lang.String,int,int)>", index: "2", type: "int" }
  - { kind: "param", method: "<cn.exrick.front.controller.GoodsController: cn.exrick.common.pojo.Result searchProduct(java.lang.String,int,int,java.lang.String,int,int)>", index: "3", type: "java.lang.String" }
  - { kind: "param", method: "<cn.exrick.front.controller.GoodsController: cn.exrick.common.pojo.Result searchProduct(java.lang.String,int,int,java.lang.String,int,int)>", index: "4", type: "int" }
  - { kind: "param", method: "<cn.exrick.front.controller.GoodsController: cn.exrick.common.pojo.Result searchProduct(java.lang.String,int,int,java.lang.String,int,int)>", index: "5", type: "int" }
  - { kind: "param", method: "<cn.exrick.front.controller.GoodsController: java.lang.String getQuickSearch(java.lang.String)>", index: "0", type: "java.lang.String" }
  - { kind: "param", method: "<cn.exrick.front.controller.MemberController: cn.exrick.common.pojo.Result login(cn.exrick.manager.dto.front.MemberLoginRegist,javax.servlet.http.HttpServletRequest)>", index: "0", type: "cn.exrick.manager.dto.front.MemberLoginRegist" }
  - { kind: "param", method: "<cn.exrick.front.controller.MemberController: cn.exrick.common.pojo.Result checkLogin(java.lang.String)>", index: "0", type: "java.lang.String" }
  - { kind: "param", method: "<cn.exrick.front.controller.MemberController: cn.exrick.common.pojo.Result logout(java.lang.String)>", index: "0", type: "java.lang.String" }
  - { kind: "param", method: "<cn.exrick.front.controller.MemberController: cn.exrick.common.pojo.Result register(cn.exrick.manager.dto.front.MemberLoginRegist,javax.servlet.http.HttpServletRequest)>", index: "0", type: "cn.exrick.manager.dto.front.MemberLoginRegist" }
  - { kind: "param", method: "<cn.exrick.front.controller.MemberController: cn.exrick.common.pojo.Result imgaeUpload(cn.exrick.manager.dto.front.CommonDto)>", index: "0", type: "cn.exrick.manager.dto.front.CommonDto" }
  - { kind: "param", method: "<cn.exrick.front.controller.OrderController: cn.exrick.common.pojo.Result getOrderList(java.lang.String,int,int)>", index: "1", type: "int" }
  - { kind: "param", method: "<cn.exrick.front.controller.OrderController: cn.exrick.common.pojo.Result getOrderList(java.lang.String,int,int)>", index: "2", type: "int" }
  - { kind: "param", method: "<cn.exrick.front.controller.OrderController: cn.exrick.common.pojo.Result addOrder(cn.exrick.manager.dto.front.OrderInfo)>", index: "0", type: "cn.exrick.manager.dto.front.OrderInfo" }
  - { kind: "param", method: "<cn.exrick.front.controller.OrderController: cn.exrick.common.pojo.Result cancelOrder(cn.exrick.manager.dto.front.Order)>", index: "0", type: "cn.exrick.manager.dto.front.Order" }
  - { kind: "param", method: "<cn.exrick.front.controller.OrderController: cn.exrick.common.pojo.Result payOrder(cn.exrick.manager.pojo.TbThanks)>", index: "0", type: "cn.exrick.manager.pojo.TbThanks" }
  - { kind: "param", method: "<cn.exrick.front.controller.ThanksController: cn.exrick.common.pojo.Result getThanksList(int,int)>", index: "0", type: "int" }
  - { kind: "param", method: "<cn.exrick.front.controller.ThanksController: cn.exrick.common.pojo.Result getThanksList(int,int)>", index: "1", type: "int" }
  - { kind: "param", method: "<cn.exrick.manager.controller.ContentController: cn.exrick.common.pojo.DataTablesResult getContentByCid(int)>", index: "0", type: "int" }
  - { kind: "param", method: "<cn.exrick.manager.controller.ContentController: cn.exrick.common.pojo.Result addContent(int[])>", index: "0", type: "int[]" }
  - { kind: "param", method: "<cn.exrick.manager.controller.CountController: cn.exrick.common.pojo.Result countOrder(int,java.lang.String,java.lang.String,int)>", index: "0", type: "int" }
  - { kind: "param", method: "<cn.exrick.manager.controller.CountController: cn.exrick.common.pojo.Result countOrder(int,java.lang.String,java.lang.String,int)>", index: "1", type: "java.lang.String" }
  - { kind: "param", method: "<cn.exrick.manager.controller.CountController: cn.exrick.common.pojo.Result countOrder(int,java.lang.String,java.lang.String,int)>", index: "2", type: "java.lang.String" }
  - { kind: "param", method: "<cn.exrick.manager.controller.CountController: cn.exrick.common.pojo.Result countOrder(int,java.lang.String,java.lang.String,int)>", index: "3", type: "int" }
  - { kind: "param", method: "<cn.exrick.manager.controller.DictController: cn.exrick.common.pojo.Result delDict(int[])>", index: "0", type: "int[]" }
  - { kind: "param", method: "<cn.exrick.manager.controller.ExpressController: cn.exrick.common.pojo.Result delAddress(int[])>", index: "0", type: "int[]" }
  - { kind: "param", method: "<cn.exrick.manager.controller.ImageController: cn.exrick.common.pojo.Result uploadFile(org.springframework.web.multipart.MultipartFile,javax.servlet.http.HttpServletRequest)>", index: "0", type: "org.springframework.web.multipart.MultipartFile" }
  - { kind: "param", method: "<cn.exrick.manager.controller.ImageController: cn.exrick.common.pojo.KindEditorResult kindeditor(org.springframework.web.multipart.MultipartFile,javax.servlet.http.HttpServletRequest)>", index: "0", type: "org.springframework.web.multipart.MultipartFile" }
  - { kind: "param", method: "<cn.exrick.manager.controller.ItemCatController: java.util.List getItemCatList(int)>", index: "0", type: "int" }
  - { kind: "param", method: "<cn.exrick.manager.controller.ItemCatController: cn.exrick.common.pojo.Result deleteItemCategory(java.lang.Long)>", index: "0", type: "java.lang.Long" }
  - { kind: "param", method: "<cn.exrick.manager.controller.ItemController: cn.exrick.common.pojo.Result getItemById(java.lang.Long)>", index: "0", type: "java.lang.Long" }
  - { kind: "param", method: "<cn.exrick.manager.controller.ItemController: cn.exrick.common.pojo.DataTablesResult getItemList(int,int,int,int,java.lang.String,int,java.lang.String,java.lang.String,java.lang.String,java.lang.String)>", index: "4", type: "java.lang.String" }
  - { kind: "param", method: "<cn.exrick.manager.controller.ItemController: cn.exrick.common.pojo.DataTablesResult getItemList(int,int,int,int,java.lang.String,int,java.lang.String,java.lang.String,java.lang.String,java.lang.String)>", index: "5", type: "int" }
  - { kind: "param", method: "<cn.exrick.manager.controller.ItemController: cn.exrick.common.pojo.DataTablesResult getItemList(int,int,int,int,java.lang.String,int,java.lang.String,java.lang.String,java.lang.String,java.lang.String)>", index: "6", type: "java.lang.String" }
  - { kind: "param", method: "<cn.exrick.manager.controller.ItemController: cn.exrick.common.pojo.DataTablesResult getItemSearchList(int,int,int,int,java.lang.String,java.lang.String,java.lang.String,java.lang.String,int,java.lang.String)>", index: "7", type: "java.lang.String" }
  - { kind: "param", method: "<cn.exrick.manager.controller.ItemController: cn.exrick.common.pojo.DataTablesResult getItemSearchList(int,int,int,int,java.lang.String,java.lang.String,java.lang.String,java.lang.String,int,java.lang.String)>", index: "8", type: "int" }
  - { kind: "param", method: "<cn.exrick.manager.controller.ItemController: cn.exrick.common.pojo.DataTablesResult getItemSearchList(int,int,int,int,java.lang.String,java.lang.String,java.lang.String,java.lang.String,int,java.lang.String)>", index: "9", type: "java.lang.String" }
  - { kind: "param", method: "<cn.exrick.manager.controller.ItemController: cn.exrick.common.pojo.Result stopItem(java.lang.Long)>", index: "0", type: "java.lang.Long" }
  - { kind: "param", method: "<cn.exrick.manager.controller.ItemController: cn.exrick.common.pojo.Result startItem(java.lang.Long)>", index: "0", type: "java.lang.Long" }
  - { kind: "param", method: "<cn.exrick.manager.controller.ItemController: cn.exrick.common.pojo.Result deleteItem(java.lang.Long[])>", index: "0", type: "java.lang.Long[]" }
  - { kind: "param", method: "<cn.exrick.manager.controller.ItemController: cn.exrick.common.pojo.Result updateItem(java.lang.Long,cn.exrick.manager.dto.ItemDto)>", index: "0", type: "java.lang.Long" }
  - { kind: "param", method: "<cn.exrick.manager.controller.MemberController: cn.exrick.common.pojo.DataTablesResult getMemberList(int,int,int,java.lang.String,java.lang.String,java.lang.String,java.lang.String,int,java.lang.String)>", index: "6", type: "java.lang.String" }
  - { kind: "param", method: "<cn.exrick.manager.controller.MemberController: cn.exrick.common.pojo.DataTablesResult getMemberList(int,int,int,java.lang.String,java.lang.String,java.lang.String,java.lang.String,int,java.lang.String)>", index: "7", type: "int" }
  - { kind: "param", method: "<cn.exrick.manager.controller.MemberController: cn.exrick.common.pojo.DataTablesResult getMemberList(int,int,int,java.lang.String,java.lang.String,java.lang.String,java.lang.String,int,java.lang.String)>", index: "8", type: "java.lang.String" }
  - { kind: "param", method: "<cn.exrick.manager.controller.MemberController: cn.exrick.common.pojo.DataTablesResult getDelMemberList(int,int,int,java.lang.String,java.lang.String,java.lang.String,java.lang.String,int,java.lang.String)>", index: "6", type: "java.lang.String" }
  - { kind: "param", method: "<cn.exrick.manager.controller.MemberController: cn.exrick.common.pojo.DataTablesResult getDelMemberList(int,int,int,java.lang.String,java.lang.String,java.lang.String,java.lang.String,int,java.lang.String)>", index: "7", type: "int" }
  - { kind: "param", method: "<cn.exrick.manager.controller.MemberController: cn.exrick.common.pojo.DataTablesResult getDelMemberList(int,int,int,java.lang.String,java.lang.String,java.lang.String,java.lang.String,int,java.lang.String)>", index: "8", type: "java.lang.String" }
  - { kind: "param", method: "<cn.exrick.manager.controller.MemberController: cn.exrick.common.pojo.Result stopMember(java.lang.Long)>", index: "0", type: "java.lang.Long" }
  - { kind: "param", method: "<cn.exrick.manager.controller.MemberController: cn.exrick.common.pojo.Result startMember(java.lang.Long[])>", index: "0", type: "java.lang.Long[]" }
  - { kind: "param", method: "<cn.exrick.manager.controller.MemberController: cn.exrick.common.pojo.Result removeMember(java.lang.Long[])>", index: "0", type: "java.lang.Long[]" }
  - { kind: "param", method: "<cn.exrick.manager.controller.MemberController: cn.exrick.common.pojo.Result deleteMember(java.lang.Long[])>", index: "0", type: "java.lang.Long[]" }
  - { kind: "param", method: "<cn.exrick.manager.controller.MemberController: cn.exrick.common.pojo.Result changeMemberPassword(java.lang.Long,cn.exrick.manager.dto.MemberDto)>", index: "0", type: "java.lang.Long" }
  - { kind: "param", method: "<cn.exrick.manager.controller.MemberController: cn.exrick.common.pojo.Result updateMember(java.lang.Long,cn.exrick.manager.dto.MemberDto)>", index: "0", type: "java.lang.Long" }
  - { kind: "param", method: "<cn.exrick.manager.controller.MemberController: cn.exrick.common.pojo.Result getMemberById(java.lang.Long)>", index: "0", type: "java.lang.Long" }
  - { kind: "param", method: "<cn.exrick.manager.controller.MemberController: java.lang.Boolean validateEditUsername(java.lang.Long,java.lang.String)>", index: "0", type: "java.lang.Long" }
  - { kind: "param", method: "<cn.exrick.manager.controller.MemberController: java.lang.Boolean validateEditPhone(java.lang.Long,java.lang.String)>", index: "0", type: "java.lang.Long" }
  - { kind: "param", method: "<cn.exrick.manager.controller.MemberController: java.lang.Boolean validateEditEmail(java.lang.Long,java.lang.String)>", index: "0", type: "java.lang.Long" }
  - { kind: "param", method: "<cn.exrick.manager.controller.OrderController: cn.exrick.common.pojo.DataTablesResult getOrderList(int,int,int,java.lang.String,int,java.lang.String)>", index: "3", type: "java.lang.String" }
  - { kind: "param", method: "<cn.exrick.manager.controller.OrderController: cn.exrick.common.pojo.DataTablesResult getOrderList(int,int,int,java.lang.String,int,java.lang.String)>", index: "4", type: "int" }
  - { kind: "param", method: "<cn.exrick.manager.controller.OrderController: cn.exrick.common.pojo.DataTablesResult getOrderList(int,int,int,java.lang.String,int,java.lang.String)>", index: "5", type: "java.lang.String" }
  - { kind: "param", method: "<cn.exrick.manager.controller.OrderController: cn.exrick.common.pojo.Result getOrderDetail(java.lang.String)>", index: "0", type: "java.lang.String" }
  - { kind: "param", method: "<cn.exrick.manager.controller.OrderController: cn.exrick.common.pojo.Result remark(java.lang.String,java.lang.String)>", index: "0", type: "java.lang.String" }
  - { kind: "param", method: "<cn.exrick.manager.controller.OrderController: cn.exrick.common.pojo.Result remark(java.lang.String,java.lang.String)>", index: "1", type: "java.lang.String" }
  - { kind: "param", method: "<cn.exrick.manager.controller.OrderController: cn.exrick.common.pojo.Result deliver(java.lang.String,java.lang.String,java.lang.String,java.math.BigDecimal)>", index: "0", type: "java.lang.String" }
  - { kind: "param", method: "<cn.exrick.manager.controller.OrderController: cn.exrick.common.pojo.Result deliver(java.lang.String,java.lang.String,java.lang.String,java.math.BigDecimal)>", index: "1", type: "java.lang.String" }
  - { kind: "param", method: "<cn.exrick.manager.controller.OrderController: cn.exrick.common.pojo.Result deliver(java.lang.String,java.lang.String,java.lang.String,java.math.BigDecimal)>", index: "2", type: "java.lang.String" }
  - { kind: "param", method: "<cn.exrick.manager.controller.OrderController: cn.exrick.common.pojo.Result deliver(java.lang.String,java.lang.String,java.lang.String,java.math.BigDecimal)>", index: "3", type: "java.math.BigDecimal" }
  - { kind: "param", method: "<cn.exrick.manager.controller.OrderController: cn.exrick.common.pojo.Result cancelOrderByAdmin(java.lang.String)>", index: "0", type: "java.lang.String" }
  - { kind: "param", method: "<cn.exrick.manager.controller.OrderController: cn.exrick.common.pojo.Result getUserInfo(java.lang.String[])>", index: "0", type: "java.lang.String[]" }
  - { kind: "param", method: "<cn.exrick.manager.controller.PageController: java.lang.String showPage(java.lang.String)>", index: "0", type: "java.lang.String" }
  - { kind: "param", method: "<cn.exrick.manager.controller.PanelController: cn.exrick.common.pojo.Result deleteContentCategory(int[])>", index: "0", type: "int[]" }
  - { kind: "param", method: "<cn.exrick.manager.controller.SystemController: cn.exrick.common.pojo.Result delShiro(int[])>", index: "0", type: "int[]" }
  - { kind: "param", method: "<cn.exrick.manager.controller.SystemController: cn.exrick.common.pojo.DataTablesResult getLog(int,int,int,java.lang.String,int,java.lang.String)>", index: "3", type: "java.lang.String" }
  - { kind: "param", method: "<cn.exrick.manager.controller.SystemController: cn.exrick.common.pojo.DataTablesResult getLog(int,int,int,java.lang.String,int,java.lang.String)>", index: "4", type: "int" }
  - { kind: "param", method: "<cn.exrick.manager.controller.SystemController: cn.exrick.common.pojo.DataTablesResult getLog(int,int,int,java.lang.String,int,java.lang.String)>", index: "5", type: "java.lang.String" }
  - { kind: "param", method: "<cn.exrick.manager.controller.SystemController: cn.exrick.common.pojo.Result delLog(int[])>", index: "0", type: "int[]" }
  - { kind: "param", method: "<cn.exrick.manager.controller.ThanksController: cn.exrick.common.pojo.Result delThanks(int[])>", index: "0", type: "int[]" }
  - { kind: "param", method: "<cn.exrick.manager.controller.ThanksController: cn.exrick.common.pojo.Result getThanks(int)>", index: "0", type: "int" }
  - { kind: "param", method: "<cn.exrick.manager.controller.UserController: boolean roleName(int,java.lang.String)>", index: "0", type: "int" }
  - { kind: "param", method: "<cn.exrick.manager.controller.UserController: cn.exrick.common.pojo.Result delRole(int[])>", index: "0", type: "int[]" }
  - { kind: "param", method: "<cn.exrick.manager.controller.UserController: cn.exrick.common.pojo.Result delPermission(int[])>", index: "0", type: "int[]" }
  - { kind: "param", method: "<cn.exrick.manager.controller.UserController: boolean getUserByEditName(java.lang.Long,java.lang.String)>", index: "0", type: "java.lang.Long" }
  - { kind: "param", method: "<cn.exrick.manager.controller.UserController: boolean getUserByEditPhone(java.lang.Long,java.lang.String)>", index: "0", type: "java.lang.Long" }
  - { kind: "param", method: "<cn.exrick.manager.controller.UserController: boolean getUserByEditEmail(java.lang.Long,java.lang.String)>", index: "0", type: "java.lang.Long" }
  - { kind: "param", method: "<cn.exrick.manager.controller.UserController: cn.exrick.common.pojo.Result stopUser(java.lang.Long)>", index: "0", type: "java.lang.Long" }
  - { kind: "param", method: "<cn.exrick.manager.controller.UserController: cn.exrick.common.pojo.Result startUser(java.lang.Long)>", index: "0", type: "java.lang.Long" }
  - { kind: "param", method: "<cn.exrick.manager.controller.UserController: cn.exrick.common.pojo.Result delUser(java.lang.Long[])>", index: "0", type: "java.lang.Long[]" }
  - { kind: "call", method: "<org.apache.shiro.SecurityUtils: org.apache.shiro.subject.Subject getSubject()>", index: "result", type: "org.apache.shiro.subject.Subject" }
  - { kind: "call", method: "<org.apache.shiro.subject.Subject: java.lang.Object getPrincipal()>", index: "result", type: "java.lang.Object" }
  - { kind: "call", method: "<org.apache.shiro.subject.Subject: org.apache.shiro.subject.PrincipalCollection getPrincipals()>", index: "result", type: "org.apache.shiro.subject.PrincipalCollection" }
  - { kind: "call", method: "<org.apache.shiro.subject.PrincipalCollection: java.lang.Object getPrimaryPrincipal()>", index: "result", type: "java.lang.Object" }
  - { kind: "call", method: "<javax.servlet.http.HttpSession: java.lang.Object getAttribute(java.lang.String)>", index: "result", type: "java.lang.Object" }
  - { kind: "call", method: "<javax.servlet.http.HttpSession: java.lang.Object getValue(java.lang.String)>", index: "result", type: "java.lang.Object" }
  - { kind: "call", method: "<javax.servlet.http.HttpServletRequest: javax.servlet.http.HttpSession getSession()>", index: "result", type: "javax.servlet.http.HttpSession" }
  - { kind: "call", method: "<javax.servlet.http.HttpServletRequest: javax.servlet.http.HttpSession getSession(boolean)>", index: "result", type: "javax.servlet.http.HttpSession" }
  - { kind: "call", method: "<javax.servlet.http.HttpServletRequest: java.security.Principal getUserPrincipal()>", index: "result", type: "java.security.Principal" }
  - { kind: "call", method: "<java.security.Principal: java.lang.String getName()>", index: "result", type: "java.lang.String" }
  - { kind: "call", method: "<javax.servlet.ServletRequest: java.lang.Object getAttribute(java.lang.String)>", index: "result", type: "java.lang.Object" }
  - { kind: "call", method: "<java.lang.ThreadLocal: java.lang.Object get()>", index: "result", type: "java.lang.Object" }

sinks:
  - { method: "<java.sql.Statement: java.sql.ResultSet executeQuery(java.lang.String)>", index: "0" }
  - { method: "<java.sql.Statement: int executeUpdate(java.lang.String)>", index: "0" }
  - { method: "<java.sql.Statement: boolean execute(java.lang.String)>", index: "0" }
  - { method: "<java.sql.Statement: void addBatch(java.lang.String)>", index: "0" }
  - { method: "<java.sql.Connection: java.sql.PreparedStatement prepareStatement(java.lang.String)>", index: "0" }
  - { method: "<java.sql.Connection: java.sql.CallableStatement prepareCall(java.lang.String)>", index: "0" }
  - { method: "<java.lang.Runtime: java.lang.Process exec(java.lang.String)>", index: "0" }
  - { method: "<java.lang.Runtime: java.lang.Process exec(java.lang.String[])>", index: "0" }
  - { method: "<java.lang.Runtime: java.lang.Process exec(java.lang.String,java.lang.String[])>", index: "0" }
  - { method: "<java.lang.Runtime: java.lang.Process exec(java.lang.String,java.lang.String[],java.io.File)>", index: "0" }
  - { method: "<java.lang.ProcessBuilder: void <init>(java.lang.String[])>", index: "0" }
  - { method: "<java.lang.ProcessBuilder: void <init>(java.util.List)>", index: "0" }
  - { method: "<java.lang.ProcessBuilder: java.lang.ProcessBuilder command(java.lang.String[])>", index: "0" }
  - { method: "<java.lang.ProcessBuilder: java.lang.ProcessBuilder command(java.util.List)>", index: "0" }
  - { method: "<java.io.File: void <init>(java.lang.String)>", index: "0" }
  - { method: "<java.io.File: void <init>(java.lang.String,java.lang.String)>", index: "0" }
  - { method: "<java.io.File: void <init>(java.lang.String,java.lang.String)>", index: "1" }
  - { method: "<java.io.FileInputStream: void <init>(java.lang.String)>", index: "0" }
  - { method: "<java.io.FileOutputStream: void <init>(java.lang.String)>", index: "0" }
  - { method: "<java.io.FileReader: void <init>(java.lang.String)>", index: "0" }
  - { method: "<java.io.FileWriter: void <init>(java.lang.String)>", index: "0" }
  - { method: "<java.nio.file.Paths: java.nio.file.Path get(java.lang.String,java.lang.String[])>", index: "0" }
  - { method: "<java.nio.file.Path: java.nio.file.Path resolve(java.lang.String)>", index: "0" }
  - { method: "<java.nio.file.Files: java.util.List readAllLines(java.nio.file.Path)>", index: "0" }
  - { method: "<java.nio.file.Files: byte[] readAllBytes(java.nio.file.Path)>", index: "0" }
  - { method: "<java.nio.file.Files: java.nio.file.Path write(java.nio.file.Path,byte[],java.nio.file.OpenOption[])>", index: "0" }
  - { method: "<java.io.PrintWriter: void print(java.lang.String)>", index: "0" }
  - { method: "<java.io.PrintWriter: void println(java.lang.String)>", index: "0" }
  - { method: "<java.io.PrintWriter: void write(java.lang.String)>", index: "0" }
  - { method: "<javax.servlet.ServletOutputStream: void print(java.lang.String)>", index: "0" }
  - { method: "<java.net.URL: void <init>(java.lang.String)>", index: "0" }
  - { method: "<java.net.URI: void <init>(java.lang.String)>", index: "0" }
  - { method: "<java.net.URI: java.net.URI create(java.lang.String)>", index: "0" }
  - { method: "<org.apache.http.client.HttpClient: org.apache.http.HttpResponse execute(org.apache.http.client.methods.HttpUriRequest)>", index: "0" }
  - { method: "<javax.servlet.http.HttpServletResponse: void sendRedirect(java.lang.String)>", index: "0" }
  - { method: "<javax.servlet.RequestDispatcher: void forward(javax.servlet.ServletRequest,javax.servlet.ServletResponse)>", index: "0" }
  - { method: "<javax.naming.directory.DirContext: javax.naming.NamingEnumeration search(java.lang.String,java.lang.String,javax.naming.directory.SearchControls)>", index: "0" }
  - { method: "<javax.naming.directory.DirContext: javax.naming.NamingEnumeration search(java.lang.String,java.lang.String,javax.naming.directory.SearchControls)>", index: "1" }
  - { method: "<javax.xml.xpath.XPath: java.lang.String evaluate(java.lang.String,java.lang.Object)>", index: "0" }
  - { method: "<javax.xml.xpath.XPath: javax.xml.xpath.XPathExpression compile(java.lang.String)>", index: "0" }
  - { method: "<javax.xml.parsers.DocumentBuilder: org.w3c.dom.Document parse(java.io.InputStream)>", index: "0" }
  - { method: "<javax.xml.parsers.DocumentBuilder: org.w3c.dom.Document parse(java.lang.String)>", index: "0" }
  - { method: "<javax.xml.parsers.SAXParser: void parse(java.io.InputStream,org.xml.sax.helpers.DefaultHandler)>", index: "0" }
  - { method: "<org.xml.sax.XMLReader: void parse(org.xml.sax.InputSource)>", index: "0" }
  - { method: "<org.springframework.expression.ExpressionParser: org.springframework.expression.Expression parseExpression(java.lang.String)>", index: "0" }
  - { method: "<java.io.ObjectInputStream: void <init>(java.io.InputStream)>", index: "0" }
  - { method: "<org.apache.logging.log4j.Logger: void info(java.lang.String)>", index: "0" }
  - { method: "<org.apache.logging.log4j.Logger: void warn(java.lang.String)>", index: "0" }
  - { method: "<org.apache.logging.log4j.Logger: void error(java.lang.String)>", index: "0" }
  - { method: "<org.apache.logging.log4j.Logger: void debug(java.lang.String)>", index: "0" }
  - { method: "<org.apache.logging.log4j.Logger: void fatal(java.lang.String)>", index: "0" }
  - { method: "<org.slf4j.Logger: void info(java.lang.String)>", index: "0" }
  - { method: "<org.slf4j.Logger: void warn(java.lang.String)>", index: "0" }
  - { method: "<org.slf4j.Logger: void error(java.lang.String)>", index: "0" }
  - { method: "<org.slf4j.Logger: void debug(java.lang.String)>", index: "0" }
  - { method: "<java.lang.Class: java.lang.Class forName(java.lang.String)>", index: "0" }
  - { method: "<java.lang.ClassLoader: java.lang.Class loadClass(java.lang.String)>", index: "0" }
  - { method: "<java.lang.reflect.Method: java.lang.Object invoke(java.lang.Object,java.lang.Object[])>", index: "1" }
  - { method: "<javax.servlet.ServletContext: javax.servlet.RequestDispatcher getRequestDispatcher(java.lang.String)>", index: "0" }
  - { method: "<javax.servlet.http.Cookie: void <init>(java.lang.String,java.lang.String)>", index: "1" }
  - { method: "<javax.servlet.http.Cookie: void setValue(java.lang.String)>", index: "0" }
  - { method: "<javax.servlet.http.HttpServletResponse: void addHeader(java.lang.String,java.lang.String)>", index: "1" }
  - { method: "<javax.servlet.http.HttpServletResponse: void setHeader(java.lang.String,java.lang.String)>", index: "1" }

transfers:
  - { method: "<java.lang.String: java.lang.String concat(java.lang.String)>", from: "base", to: "result", type: "java.lang.String" }
  - { method: "<java.lang.String: java.lang.String concat(java.lang.String)>", from: "0", to: "result", type: "java.lang.String" }
  - { method: "<java.lang.String: java.lang.String substring(int)>", from: "base", to: "result", type: "java.lang.String" }
  - { method: "<java.lang.String: java.lang.String substring(int,int)>", from: "base", to: "result", type: "java.lang.String" }
  - { method: "<java.lang.String: java.lang.String replace(char,char)>", from: "base", to: "result", type: "java.lang.String" }
  - { method: "<java.lang.String: java.lang.String replace(java.lang.CharSequence,java.lang.CharSequence)>", from: "base", to: "result", type: "java.lang.String" }
  - { method: "<java.lang.String: java.lang.String replaceAll(java.lang.String,java.lang.String)>", from: "base", to: "result", type: "java.lang.String" }
  - { method: "<java.lang.String: java.lang.String replaceFirst(java.lang.String,java.lang.String)>", from: "base", to: "result", type: "java.lang.String" }
  - { method: "<java.lang.String: java.lang.String trim()>", from: "base", to: "result", type: "java.lang.String" }
  - { method: "<java.lang.String: java.lang.String strip()>", from: "base", to: "result", type: "java.lang.String" }
  - { method: "<java.lang.String: java.lang.String stripLeading()>", from: "base", to: "result", type: "java.lang.String" }
  - { method: "<java.lang.String: java.lang.String stripTrailing()>", from: "base", to: "result", type: "java.lang.String" }
  - { method: "<java.lang.String: java.lang.String toLowerCase()>", from: "base", to: "result", type: "java.lang.String" }
  - { method: "<java.lang.String: java.lang.String toLowerCase(java.util.Locale)>", from: "base", to: "result", type: "java.lang.String" }
  - { method: "<java.lang.String: java.lang.String toUpperCase()>", from: "base", to: "result", type: "java.lang.String" }
  - { method: "<java.lang.String: java.lang.String toUpperCase(java.util.Locale)>", from: "base", to: "result", type: "java.lang.String" }
  - { method: "<java.lang.String: java.lang.String intern()>", from: "base", to: "result", type: "java.lang.String" }
  - { method: "<java.lang.String: java.lang.String valueOf(java.lang.Object)>", from: "0", to: "result", type: "java.lang.String" }
  - { method: "<java.lang.String: java.lang.String valueOf(char[])>", from: "0", to: "result", type: "java.lang.String" }
  - { method: "<java.lang.String: java.lang.String format(java.lang.String,java.lang.Object[])>", from: "0", to: "result", type: "java.lang.String" }
  - { method: "<java.lang.String: java.lang.String format(java.util.Locale,java.lang.String,java.lang.Object[])>", from: "1", to: "result", type: "java.lang.String" }
  - { method: "<java.lang.String: java.lang.String join(java.lang.CharSequence,java.lang.CharSequence[])>", from: "1", to: "result", type: "java.lang.String" }
  - { method: "<java.lang.String: java.lang.String join(java.lang.CharSequence,java.lang.Iterable)>", from: "1", to: "result", type: "java.lang.String" }
  - { method: "<java.lang.String: char[] toCharArray()>", from: "base", to: "result", type: "char[]" }
  - { method: "<java.lang.StringBuilder: java.lang.StringBuilder append(java.lang.String)>", from: "0", to: "base", type: "java.lang.StringBuilder" }
  - { method: "<java.lang.StringBuilder: java.lang.StringBuilder append(java.lang.Object)>", from: "0", to: "base", type: "java.lang.StringBuilder" }
  - { method: "<java.lang.StringBuilder: java.lang.StringBuilder append(java.lang.CharSequence)>", from: "0", to: "base", type: "java.lang.StringBuilder" }
  - { method: "<java.lang.StringBuilder: java.lang.StringBuilder append(char[])>", from: "0", to: "base", type: "java.lang.StringBuilder" }
  - { method: "<java.lang.StringBuilder: java.lang.StringBuilder append(boolean)>", from: "0", to: "base", type: "java.lang.StringBuilder" }
  - { method: "<java.lang.StringBuilder: java.lang.StringBuilder append(int)>", from: "0", to: "base", type: "java.lang.StringBuilder" }
  - { method: "<java.lang.StringBuilder: java.lang.StringBuilder append(long)>", from: "0", to: "base", type: "java.lang.StringBuilder" }
  - { method: "<java.lang.StringBuilder: java.lang.StringBuilder append(java.lang.String)>", from: "base", to: "result", type: "java.lang.StringBuilder" }
  - { method: "<java.lang.StringBuilder: java.lang.StringBuilder append(java.lang.Object)>", from: "base", to: "result", type: "java.lang.StringBuilder" }
  - { method: "<java.lang.StringBuilder: java.lang.StringBuilder append(java.lang.CharSequence)>", from: "base", to: "result", type: "java.lang.StringBuilder" }
  - { method: "<java.lang.StringBuilder: java.lang.String toString()>", from: "base", to: "result", type: "java.lang.String" }
  - { method: "<java.lang.StringBuilder: java.lang.StringBuilder insert(int,java.lang.String)>", from: "1", to: "base", type: "java.lang.StringBuilder" }
  - { method: "<java.lang.StringBuilder: java.lang.StringBuilder insert(int,java.lang.Object)>", from: "1", to: "base", type: "java.lang.StringBuilder" }
  - { method: "<java.lang.StringBuilder: java.lang.StringBuilder insert(int,java.lang.CharSequence)>", from: "1", to: "base", type: "java.lang.StringBuilder" }
  - { method: "<java.lang.StringBuffer: java.lang.StringBuffer append(java.lang.String)>", from: "0", to: "base", type: "java.lang.StringBuffer" }
  - { method: "<java.lang.StringBuffer: java.lang.StringBuffer append(java.lang.Object)>", from: "0", to: "base", type: "java.lang.StringBuffer" }
  - { method: "<java.lang.StringBuffer: java.lang.StringBuffer append(java.lang.String)>", from: "base", to: "result", type: "java.lang.StringBuffer" }
  - { method: "<java.lang.StringBuffer: java.lang.StringBuffer append(java.lang.Object)>", from: "base", to: "result", type: "java.lang.StringBuffer" }
  - { method: "<java.lang.StringBuffer: java.lang.String toString()>", from: "base", to: "result", type: "java.lang.String" }
  - { method: "<java.util.Map: java.lang.Object get(java.lang.Object)>", from: "base", to: "result", type: "java.lang.Object" }
  - { method: "<java.util.HashMap: java.lang.Object get(java.lang.Object)>", from: "base", to: "result", type: "java.lang.Object" }
  - { method: "<java.util.LinkedHashMap: java.lang.Object get(java.lang.Object)>", from: "base", to: "result", type: "java.lang.Object" }
  - { method: "<java.util.TreeMap: java.lang.Object get(java.lang.Object)>", from: "base", to: "result", type: "java.lang.Object" }
  - { method: "<java.util.concurrent.ConcurrentHashMap: java.lang.Object get(java.lang.Object)>", from: "base", to: "result", type: "java.lang.Object" }
  - { method: "<java.util.Map: java.lang.Object put(java.lang.Object,java.lang.Object)>", from: "1", to: "base", type: "java.util.Map" }
  - { method: "<java.util.HashMap: java.lang.Object put(java.lang.Object,java.lang.Object)>", from: "1", to: "base", type: "java.util.HashMap" }
  - { method: "<java.util.Map: void putAll(java.util.Map)>", from: "0", to: "base", type: "java.util.Map" }
  - { method: "<java.util.Map: java.util.Collection values()>", from: "base", to: "result", type: "java.util.Collection" }
  - { method: "<java.util.Map: java.util.Set entrySet()>", from: "base", to: "result", type: "java.util.Set" }
  - { method: "<java.util.Map$Entry: java.lang.Object getValue()>", from: "base", to: "result", type: "java.lang.Object" }
  - { method: "<java.util.Map$Entry: java.lang.Object getKey()>", from: "base", to: "result", type: "java.lang.Object" }
  - { method: "<java.util.List: java.lang.Object get(int)>", from: "base", to: "result", type: "java.lang.Object" }
  - { method: "<java.util.ArrayList: java.lang.Object get(int)>", from: "base", to: "result", type: "java.lang.Object" }
  - { method: "<java.util.LinkedList: java.lang.Object get(int)>", from: "base", to: "result", type: "java.lang.Object" }
  - { method: "<java.util.List: boolean add(java.lang.Object)>", from: "0", to: "base", type: "java.util.List" }
  - { method: "<java.util.ArrayList: boolean add(java.lang.Object)>", from: "0", to: "base", type: "java.util.ArrayList" }
  - { method: "<java.util.LinkedList: boolean add(java.lang.Object)>", from: "0", to: "base", type: "java.util.LinkedList" }
  - { method: "<java.util.Collection: boolean add(java.lang.Object)>", from: "0", to: "base", type: "java.util.Collection" }
  - { method: "<java.util.Iterator: java.lang.Object next()>", from: "base", to: "result", type: "java.lang.Object" }
  - { method: "<java.util.ListIterator: java.lang.Object next()>", from: "base", to: "result", type: "java.lang.Object" }
  - { method: "<java.util.Optional: java.lang.Object get()>", from: "base", to: "result", type: "java.lang.Object" }
  - { method: "<java.util.Optional: java.lang.Object orElse(java.lang.Object)>", from: "base", to: "result", type: "java.lang.Object" }
  - { method: "<java.util.Optional: java.lang.Object orElseGet(java.util.function.Supplier)>", from: "base", to: "result", type: "java.lang.Object" }
  - { method: "<java.util.Optional: java.util.Optional of(java.lang.Object)>", from: "0", to: "result", type: "java.util.Optional" }
  - { method: "<java.util.Optional: java.util.Optional ofNullable(java.lang.Object)>", from: "0", to: "result", type: "java.util.Optional" }
  - { method: "<java.lang.Object: java.lang.String toString()>", from: "base", to: "result", type: "java.lang.String" }
  - { method: "<javax.servlet.ServletRequest: java.lang.String getParameter(java.lang.String)>", from: "base", to: "result", type: "java.lang.String" }
  - { method: "<javax.servlet.http.HttpServletRequest: java.lang.String getHeader(java.lang.String)>", from: "base", to: "result", type: "java.lang.String" }
  - { method: "<javax.servlet.http.HttpServletRequest: java.lang.String getQueryString()>", from: "base", to: "result", type: "java.lang.String" }
  - { method: "<javax.servlet.http.HttpServletRequest: java.lang.String getRequestURI()>", from: "base", to: "result", type: "java.lang.String" }
  - { method: "<javax.servlet.http.HttpServletRequest: java.lang.StringBuffer getRequestURL()>", from: "base", to: "result", type: "java.lang.StringBuffer" }
  - { method: "<org.apache.shiro.subject.Subject: java.lang.Object getPrincipal()>", from: "base", to: "result", type: "java.lang.Object" }
  - { method: "<org.apache.shiro.subject.Subject: org.apache.shiro.subject.PrincipalCollection getPrincipals()>", from: "base", to: "result", type: "org.apache.shiro.subject.PrincipalCollection" }
  - { method: "<org.apache.shiro.subject.PrincipalCollection: java.lang.Object getPrimaryPrincipal()>", from: "base", to: "result", type: "java.lang.Object" }
  - { method: "<org.apache.shiro.subject.PrincipalCollection: java.util.Collection fromRealm(java.lang.String)>", from: "base", to: "result", type: "java.util.Collection" }
  - { method: "<javax.servlet.http.HttpSession: java.lang.Object getAttribute(java.lang.String)>", from: "base", to: "result", type: "java.lang.Object" }
  - { method: "<javax.servlet.http.HttpSession: java.lang.Object getValue(java.lang.String)>", from: "base", to: "result", type: "java.lang.Object" }
  - { method: "<javax.servlet.http.HttpSession: void setAttribute(java.lang.String,java.lang.Object)>", from: "1", to: "base", type: "javax.servlet.http.HttpSession" }
  - { method: "<java.lang.ThreadLocal: java.lang.Object get()>", from: "base", to: "result", type: "java.lang.Object" }

Initializing global bean mock objects for beans...
Initialized 91 global bean objects.
Added entry point (Empty): <cn.exrick.front.controller.GoodsController: cn.exrick.common.pojo.Result getNavList()>
Added entry point (Empty): <cn.exrick.front.controller.GoodsController: cn.exrick.common.pojo.Result getProductHome()>
Added entry point (Empty): <cn.exrick.front.controller.GoodsController: cn.exrick.common.pojo.Result getRecommendGoods()>
Added entry point (Empty): <cn.exrick.front.controller.GoodsController: cn.exrick.common.pojo.Result getThankGoods()>
No implementation found for interface: cn.exrick.common.jedis.JedisClient
Added entry point (Empty): <cn.exrick.manager.controller.DictController: cn.exrick.common.pojo.DataTablesResult getDictList()>
Added entry point (Empty): <cn.exrick.manager.controller.DictController: cn.exrick.common.pojo.DataTablesResult getStopList()>
Added entry point (Empty): <cn.exrick.manager.controller.ExpressController: cn.exrick.common.pojo.DataTablesResult addressList()>
Concrete class not found for type: org.springframework.web.multipart.support.StandardMultipartFile
Concrete class not found for type: org.springframework.web.multipart.support.StandardMultipartFile
Added entry point (Empty): <cn.exrick.manager.controller.ItemController: cn.exrick.common.pojo.DataTablesResult getAllItemCount()>
Added entry point (Empty): <cn.exrick.manager.controller.ItemController: cn.exrick.common.pojo.Result importIndex()>
Added entry point (Empty): <cn.exrick.manager.controller.ItemController: cn.exrick.common.pojo.Result getESInfo()>
Added entry point (Empty): <cn.exrick.manager.controller.MemberController: cn.exrick.common.pojo.DataTablesResult getMemberCount()>
Added entry point (Empty): <cn.exrick.manager.controller.MemberController: cn.exrick.common.pojo.DataTablesResult getRemoveMemberCount()>
Added entry point (Empty): <cn.exrick.manager.controller.OrderController: cn.exrick.common.pojo.Result getOrderCount()>
Added entry point (Empty): <cn.exrick.manager.controller.PageController: java.lang.String showIndex()>
Added entry point (Empty): <cn.exrick.manager.controller.PanelController: java.util.List getIndexPanel()>
Added entry point (Empty): <cn.exrick.manager.controller.PanelController: java.util.List getAllIndexPanel()>
Added entry point (Empty): <cn.exrick.manager.controller.PanelController: java.util.List getIndexBannerPanel()>
Added entry point (Empty): <cn.exrick.manager.controller.PanelController: java.util.List getRecommendPanel()>
Added entry point (Empty): <cn.exrick.manager.controller.RedisController: cn.exrick.common.pojo.Result getIndexRedis()>
Added entry point (Empty): <cn.exrick.manager.controller.RedisController: cn.exrick.common.pojo.Result updateIndexRedis()>
Added entry point (Empty): <cn.exrick.manager.controller.RedisController: cn.exrick.common.pojo.Result getRecommendRedis()>
Added entry point (Empty): <cn.exrick.manager.controller.RedisController: cn.exrick.common.pojo.Result updateRecommendRedis()>
Added entry point (Empty): <cn.exrick.manager.controller.RedisController: cn.exrick.common.pojo.Result getThankRedis()>
Added entry point (Empty): <cn.exrick.manager.controller.RedisController: cn.exrick.common.pojo.Result updateThankRedis()>
Added entry point (Empty): <cn.exrick.manager.controller.SystemController: cn.exrick.common.pojo.Result getUserCount()>
Added entry point (Empty): <cn.exrick.manager.controller.SystemController: cn.exrick.common.pojo.Result getBase()>
Added entry point (Empty): <cn.exrick.manager.controller.SystemController: cn.exrick.common.pojo.Result getWeekHot()>
Added entry point (Empty): <cn.exrick.manager.controller.SystemController: cn.exrick.common.pojo.Result countLog()>
Added entry point (Empty): <cn.exrick.manager.controller.ThanksController: cn.exrick.common.pojo.DataTablesResult getThanksList()>
Added entry point (Empty): <cn.exrick.manager.controller.ThanksController: cn.exrick.common.pojo.Result getThanksCount()>
>>> AOP Match Found! Method: [<cn.exrick.manager.controller.UserController: cn.exrick.common.pojo.Result login(java.lang.String,java.lang.String,java.lang.String,java.lang.String,java.lang.String,javax.servlet.http.HttpServletRequest)>], Aspect: [cn.exrick.manager.aop.SystemLogAspect]
Added entry point (Empty): <cn.exrick.manager.controller.UserController: cn.exrick.common.pojo.Result logout()>
Added entry point (Empty): <cn.exrick.manager.controller.UserController: cn.exrick.common.pojo.Result getUserInfo()>
Added entry point (Empty): <cn.exrick.manager.controller.UserController: cn.exrick.common.pojo.DataTablesResult getRoleList()>
Added entry point (Empty): <cn.exrick.manager.controller.UserController: cn.exrick.common.pojo.Result getAllRoles()>
Added entry point (Empty): <cn.exrick.manager.controller.UserController: cn.exrick.common.pojo.Result getRoleCount()>
Added entry point (Empty): <cn.exrick.manager.controller.UserController: cn.exrick.common.pojo.DataTablesResult getPermissionList()>
Added entry point (Empty): <cn.exrick.manager.controller.UserController: cn.exrick.common.pojo.Result getPermissionCount()>
Added entry point (Empty): <cn.exrick.manager.controller.UserController: cn.exrick.common.pojo.DataTablesResult getUserList()>
Added entry point (Empty): <cn.exrick.manager.controller.UserController: cn.exrick.common.pojo.Result getUserCount()>
Initializing global aspect mock objects...
No implementation found for interface: org.slf4j.Logger
No bean found for concrete class: cn.exrick.common.jedis.JedisClient
No bean found for concrete class: cn.exrick.common.jedis.JedisClient
No bean found for concrete class: cn.exrick.common.jedis.JedisClient
No bean found for concrete class: cn.exrick.common.jedis.JedisClient
No bean found for concrete class: cn.exrick.common.jedis.JedisClient
No bean found for concrete class: cn.exrick.common.jedis.JedisClient
No bean found for concrete class: cn.exrick.common.jedis.JedisClient
No bean found for concrete class: cn.exrick.common.jedis.JedisClient
No bean found for concrete class: cn.exrick.common.jedis.JedisClient
No bean found for concrete class: cn.exrick.common.jedis.JedisClient
No bean found for concrete class: cn.exrick.common.jedis.JedisClient
No bean found for concrete class: cn.exrick.common.jedis.JedisClient
No bean found for concrete class: cn.exrick.common.jedis.JedisClient
No bean found for concrete class: cn.exrick.common.jedis.JedisClient
No bean found for concrete class: cn.exrick.common.jedis.JedisClient
No bean found for concrete class: cn.exrick.common.jedis.JedisClient
No bean found for concrete class: cn.exrick.common.jedis.JedisClient
No bean found for concrete class: cn.exrick.common.jedis.JedisClient
No bean found for concrete class: cn.exrick.common.jedis.JedisClient
No bean found for concrete class: cn.exrick.common.jedis.JedisClient
No bean found for concrete class: cn.exrick.common.jedis.JedisClient
No bean found for concrete class: cn.exrick.common.jedis.JedisClient
No bean found for concrete class: cn.exrick.common.jedis.JedisClient
No bean found for concrete class: cn.exrick.common.jedis.JedisClient
No bean found for concrete class: cn.exrick.common.jedis.JedisClient
No bean found for concrete class: cn.exrick.common.jedis.JedisClient
No bean found for concrete class: cn.exrick.common.jedis.JedisClient
No bean found for concrete class: cn.exrick.common.jedis.JedisClient
No bean found for concrete class: cn.exrick.common.jedis.JedisClient
No bean found for concrete class: cn.exrick.common.jedis.JedisClient
No bean found for concrete class: cn.exrick.common.jedis.JedisClient
No bean found for concrete class: org.springframework.jms.core.JmsTemplate
No bean found for concrete class: cn.exrick.common.jedis.JedisClient
No bean found for concrete class: cn.exrick.common.jedis.JedisClient
[Pointer analysis] elapsed time: 1.14s
Detected 0 taint flow(s):
TFGDumper starts ...
Source nodes:
VarNode{<cn.exrick.manager.controller.OrderController: cn.exrick.common.pojo.DataTablesResult getOrderList(int,int,int,java.lang.String,int,java.lang.String)>/search}
VarNode{<cn.exrick.manager.controller.MemberController: cn.exrick.common.pojo.DataTablesResult getMemberList(int,int,int,java.lang.String,java.lang.String,java.lang.String,java.lang.String,int,java.lang.String)>/orderDir}
VarNode{<cn.exrick.manager.controller.MemberController: java.lang.Boolean validateEditPhone(java.lang.Long,java.lang.String)>/id}
VarNode{<cn.exrick.front.controller.AddressController: cn.exrick.common.pojo.Result addressList(cn.exrick.manager.pojo.TbAddress)>/tbAddress}
VarNode{<cn.exrick.front.controller.MemberController: cn.exrick.common.pojo.Result register(cn.exrick.manager.dto.front.MemberLoginRegist,javax.servlet.http.HttpServletRequest)>/memberLoginRegist}
VarNode{<cn.exrick.manager.controller.OrderController: cn.exrick.common.pojo.DataTablesResult getOrderList(int,int,int,java.lang.String,int,java.lang.String)>/orderCol}
VarNode{<cn.exrick.front.controller.CartController: cn.exrick.common.pojo.Result deleteCartItem(cn.exrick.manager.dto.front.Cart)>/cart}
VarNode{<org.apache.lucene.util.CloseableThreadLocal: java.lang.Object get()>/$r2}
VarNode{<cn.exrick.front.controller.MemberController: cn.exrick.common.pojo.Result logout(java.lang.String)>/token}
VarNode{<cn.exrick.front.controller.AddressController: cn.exrick.common.pojo.Result address(cn.exrick.manager.pojo.TbAddress)>/tbAddress}
VarNode{<org.apache.shiro.util.ThreadContext: void put(java.lang.Object,java.lang.Object)>/$r3}
VarNode{<cn.exrick.front.controller.GoodsController: cn.exrick.common.pojo.Result searchProduct(java.lang.String,int,int,java.lang.String,int,int)>/priceLte}
VarNode{<cn.exrick.manager.controller.UserController: cn.exrick.common.pojo.Result stopUser(java.lang.Long)>/id}
VarNode{<cn.exrick.manager.controller.OrderController: cn.exrick.common.pojo.Result remark(java.lang.String,java.lang.String)>/message}
VarNode{<cn.exrick.manager.controller.MemberController: cn.exrick.common.pojo.Result startMember(java.lang.Long[])>/ids}
VarNode{<cn.exrick.manager.controller.CountController: cn.exrick.common.pojo.Result countOrder(int,java.lang.String,java.lang.String,int)>/year}
VarNode{<cn.exrick.manager.controller.PageController: java.lang.String showPage(java.lang.String)>/page}
VarNode{<cn.exrick.manager.controller.MemberController: cn.exrick.common.pojo.Result changeMemberPassword(java.lang.Long,cn.exrick.manager.dto.MemberDto)>/id}
VarNode{<cn.exrick.manager.controller.OrderController: cn.exrick.common.pojo.Result deliver(java.lang.String,java.lang.String,java.lang.String,java.math.BigDecimal)>/shippingCode}
VarNode{<cn.exrick.manager.controller.ItemController: cn.exrick.common.pojo.DataTablesResult getItemSearchList(int,int,int,int,java.lang.String,java.lang.String,java.lang.String,java.lang.String,int,java.lang.String)>/orderDir}
VarNode{<org.apache.shiro.util.ThreadContext: java.lang.Object remove(java.lang.Object)>/$r1}
VarNode{<cn.exrick.manager.controller.OrderController: cn.exrick.common.pojo.Result remark(java.lang.String,java.lang.String)>/orderId}
VarNode{<cn.exrick.manager.aop.SystemLogAspect: void after(org.aspectj.lang.JoinPoint)>/$r0}
VarNode{<cn.exrick.manager.controller.SystemController: cn.exrick.common.pojo.DataTablesResult getLog(int,int,int,java.lang.String,int,java.lang.String)>/orderCol}
VarNode{<com.fasterxml.jackson.dataformat.smile.SmileGenerator: com.fasterxml.jackson.dataformat.smile.SmileBufferRecycler _smileBufferRecycler()>/$r1}
VarNode{<cn.exrick.front.controller.ThanksController: cn.exrick.common.pojo.Result getThanksList(int,int)>/page}
VarNode{<cn.exrick.manager.controller.ItemController: cn.exrick.common.pojo.Result deleteItem(java.lang.Long[])>/ids}
VarNode{<cn.exrick.front.controller.GoodsController: cn.exrick.common.pojo.Result searchProduct(java.lang.String,int,int,java.lang.String,int,int)>/size}
VarNode{<cn.exrick.manager.controller.OrderController: cn.exrick.common.pojo.Result deliver(java.lang.String,java.lang.String,java.lang.String,java.math.BigDecimal)>/postFee}
VarNode{<cn.exrick.front.controller.GoodsController: cn.exrick.common.pojo.Result getAllProduct(int,int,java.lang.String,java.lang.Long,int,int)>/page}
VarNode{<cn.exrick.manager.controller.SystemController: cn.exrick.common.pojo.Result delLog(int[])>/ids}
VarNode{<cn.exrick.manager.controller.MemberController: cn.exrick.common.pojo.Result updateMember(java.lang.Long,cn.exrick.manager.dto.MemberDto)>/id}
VarNode{<cn.exrick.front.controller.GoodsController: cn.exrick.common.pojo.Result getAllProduct(int,int,java.lang.String,java.lang.Long,int,int)>/priceGt}
VarNode{<cn.exrick.manager.controller.UserController: cn.exrick.common.pojo.Result delPermission(int[])>/ids}
VarNode{<cn.exrick.manager.controller.UserController: boolean roleName(int,java.lang.String)>/id}
VarNode{<cn.exrick.manager.controller.ContentController: cn.exrick.common.pojo.Result addContent(int[])>/ids}
VarNode{<cn.exrick.front.controller.GoodsController: cn.exrick.common.pojo.Result getAllProduct(int,int,java.lang.String,java.lang.Long,int,int)>/priceLte}
VarNode{<cn.exrick.front.controller.AddressController: cn.exrick.common.pojo.Result delAddress(cn.exrick.manager.pojo.TbAddress)>/tbAddress}
VarNode{<com.fasterxml.jackson.dataformat.yaml.UTF8Writer: byte[][] _findBufferHolder()>/$r1}
VarNode{<cn.exrick.manager.controller.UserController: boolean getUserByEditPhone(java.lang.Long,java.lang.String)>/id}
VarNode{<cn.exrick.front.controller.GoodsController: cn.exrick.common.pojo.Result getAllProduct(int,int,java.lang.String,java.lang.Long,int,int)>/cid}
VarNode{<cn.exrick.manager.controller.MemberController: cn.exrick.common.pojo.Result stopMember(java.lang.Long)>/id}
VarNode{<cn.exrick.manager.controller.CountController: cn.exrick.common.pojo.Result countOrder(int,java.lang.String,java.lang.String,int)>/type}
VarNode{<cn.exrick.manager.controller.ItemController: cn.exrick.common.pojo.Result getItemById(java.lang.Long)>/itemId}
VarNode{<cn.exrick.front.controller.OrderController: cn.exrick.common.pojo.Result addOrder(cn.exrick.manager.dto.front.OrderInfo)>/orderInfo}
VarNode{<cn.exrick.manager.controller.ItemController: cn.exrick.common.pojo.DataTablesResult getItemSearchList(int,int,int,int,java.lang.String,java.lang.String,java.lang.String,java.lang.String,int,java.lang.String)>/orderCol}
VarNode{<cn.exrick.manager.controller.DictController: cn.exrick.common.pojo.Result delDict(int[])>/ids}
VarNode{<cn.exrick.front.controller.GoodsController: cn.exrick.common.pojo.Result searchProduct(java.lang.String,int,int,java.lang.String,int,int)>/priceGt}
VarNode{<cn.exrick.front.controller.OrderController: cn.exrick.common.pojo.Result cancelOrder(cn.exrick.manager.dto.front.Order)>/order}
VarNode{<cn.exrick.front.controller.GoodsController: cn.exrick.common.pojo.Result searchProduct(java.lang.String,int,int,java.lang.String,int,int)>/page}
VarNode{<cn.exrick.manager.controller.ItemCatController: java.util.List getItemCatList(int)>/parentId}
VarNode{<cn.exrick.manager.controller.ExpressController: cn.exrick.common.pojo.Result delAddress(int[])>/ids}
VarNode{<cn.exrick.manager.controller.ThanksController: cn.exrick.common.pojo.Result delThanks(int[])>/ids}
VarNode{<cn.exrick.manager.controller.OrderController: cn.exrick.common.pojo.Result cancelOrderByAdmin(java.lang.String)>/orderId}
VarNode{<cn.exrick.front.controller.MemberController: cn.exrick.common.pojo.Result imgaeUpload(cn.exrick.manager.dto.front.CommonDto)>/common}
VarNode{<cn.exrick.front.controller.AddressController: cn.exrick.common.pojo.Result addAddress(cn.exrick.manager.pojo.TbAddress)>/tbAddress}
VarNode{<cn.exrick.manager.controller.ItemCatController: cn.exrick.common.pojo.Result deleteItemCategory(java.lang.Long)>/id}
VarNode{<cn.exrick.manager.controller.OrderController: cn.exrick.common.pojo.Result getOrderDetail(java.lang.String)>/orderId}
VarNode{<cn.exrick.manager.controller.UserController: boolean getUserByEditName(java.lang.Long,java.lang.String)>/id}
VarNode{<cn.exrick.front.controller.MemberController: cn.exrick.common.pojo.Result login(cn.exrick.manager.dto.front.MemberLoginRegist,javax.servlet.http.HttpServletRequest)>/memberLoginRegist}
VarNode{<cn.exrick.manager.aop.SystemLogAspect: void after(org.aspectj.lang.JoinPoint)>/$r25}
VarNode{<cn.exrick.manager.controller.UserController: cn.exrick.common.pojo.Result login(java.lang.String,java.lang.String,java.lang.String,java.lang.String,java.lang.String,javax.servlet.http.HttpServletRequest)>/$r14}
VarNode{<cn.exrick.front.controller.CartController: cn.exrick.common.pojo.Result addCart(cn.exrick.manager.dto.front.Cart)>/cart}
VarNode{<cn.exrick.manager.controller.MemberController: cn.exrick.common.pojo.DataTablesResult getMemberList(int,int,int,java.lang.String,java.lang.String,java.lang.String,java.lang.String,int,java.lang.String)>/orderCol}
VarNode{<cn.exrick.front.controller.CartController: cn.exrick.common.pojo.Result getCartList(cn.exrick.manager.dto.front.Cart)>/cart}
VarNode{<cn.exrick.front.controller.GoodsController: cn.exrick.common.pojo.Result getAllProduct(int,int,java.lang.String,java.lang.Long,int,int)>/size}
VarNode{<cn.exrick.manager.controller.MemberController: cn.exrick.common.pojo.DataTablesResult getDelMemberList(int,int,int,java.lang.String,java.lang.String,java.lang.String,java.lang.String,int,java.lang.String)>/orderCol}
VarNode{<cn.exrick.manager.controller.ThanksController: cn.exrick.common.pojo.Result getThanks(int)>/id}
VarNode{<cn.exrick.manager.controller.CountController: cn.exrick.common.pojo.Result countOrder(int,java.lang.String,java.lang.String,int)>/startTime}
VarNode{<cn.exrick.manager.controller.MemberController: cn.exrick.common.pojo.Result removeMember(java.lang.Long[])>/ids}
VarNode{<cn.exrick.front.controller.OrderController: cn.exrick.common.pojo.Result getOrderList(java.lang.String,int,int)>/size}
VarNode{<com.fasterxml.jackson.core.JsonFactory: com.fasterxml.jackson.core.util.BufferRecycler _getBufferRecycler()>/$r4}
VarNode{<cn.exrick.manager.controller.ItemController: cn.exrick.common.pojo.DataTablesResult getItemSearchList(int,int,int,int,java.lang.String,java.lang.String,java.lang.String,java.lang.String,int,java.lang.String)>/search}
VarNode{<cn.exrick.manager.controller.UserController: cn.exrick.common.pojo.Result delRole(int[])>/ids}
VarNode{<cn.exrick.manager.controller.ItemController: cn.exrick.common.pojo.DataTablesResult getItemList(int,int,int,int,java.lang.String,int,java.lang.String,java.lang.String,java.lang.String,java.lang.String)>/orderCol}
VarNode{<cn.exrick.manager.controller.UserController: cn.exrick.common.pojo.Result getUserInfo()>/$r0}
VarNode{<cn.exrick.manager.controller.UserController: cn.exrick.common.pojo.Result startUser(java.lang.Long)>/id}
VarNode{<com.google.gson.Gson: com.google.gson.TypeAdapter getAdapter(com.google.gson.reflect.TypeToken)>/$r5}
VarNode{<cn.exrick.manager.controller.ItemController: cn.exrick.common.pojo.Result startItem(java.lang.Long)>/id}
VarNode{<cn.exrick.manager.controller.ItemController: cn.exrick.common.pojo.Result updateItem(java.lang.Long,cn.exrick.manager.dto.ItemDto)>/id}
VarNode{<cn.exrick.front.controller.OrderController: cn.exrick.common.pojo.Result getOrderList(java.lang.String,int,int)>/page}
VarNode{<cn.exrick.manager.controller.CountController: cn.exrick.common.pojo.Result countOrder(int,java.lang.String,java.lang.String,int)>/endTime}
VarNode{<org.apache.logging.log4j.spi.GarbageFreeSortedArrayThreadContextMap: java.util.Map getImmutableMapOrNull()>/$r2}
VarNode{<cn.exrick.manager.controller.MemberController: cn.exrick.common.pojo.DataTablesResult getMemberList(int,int,int,java.lang.String,java.lang.String,java.lang.String,java.lang.String,int,java.lang.String)>/search}
VarNode{<cn.exrick.manager.controller.MemberController: java.lang.Boolean validateEditEmail(java.lang.Long,java.lang.String)>/id}
VarNode{<cn.exrick.front.controller.CartController: cn.exrick.common.pojo.Result editCheckAll(cn.exrick.manager.dto.front.Cart)>/cart}
VarNode{<org.apache.shiro.util.ThreadContext: void ensureResourcesInitialized()>/$r1}
VarNode{<com.fasterxml.jackson.core.io.JsonStringEncoder: com.fasterxml.jackson.core.io.JsonStringEncoder getInstance()>/$r1}
VarNode{<cn.exrick.front.controller.CartController: cn.exrick.common.pojo.Result delChecked(cn.exrick.manager.dto.front.Cart)>/cart}
VarNode{<cn.exrick.manager.controller.OrderController: cn.exrick.common.pojo.Result deliver(java.lang.String,java.lang.String,java.lang.String,java.math.BigDecimal)>/orderId}
VarNode{<cn.exrick.manager.controller.MemberController: cn.exrick.common.pojo.Result deleteMember(java.lang.Long[])>/ids}
VarNode{<org.apache.shiro.util.ThreadContext: java.lang.Object getValue(java.lang.Object)>/$r1}
VarNode{<cn.exrick.manager.controller.OrderController: cn.exrick.common.pojo.Result getUserInfo(java.lang.String[])>/ids}
VarNode{<org.apache.logging.log4j.spi.CopyOnWriteSortedArrayThreadContextMap: java.util.Map getImmutableMapOrNull()>/$r2}
VarNode{<cn.exrick.manager.controller.ItemController: cn.exrick.common.pojo.DataTablesResult getItemList(int,int,int,int,java.lang.String,int,java.lang.String,java.lang.String,java.lang.String,java.lang.String)>/orderDir}
VarNode{<cn.exrick.manager.controller.ContentController: cn.exrick.common.pojo.DataTablesResult getContentByCid(int)>/panelId}
VarNode{<cn.exrick.manager.controller.MemberController: cn.exrick.common.pojo.DataTablesResult getDelMemberList(int,int,int,java.lang.String,java.lang.String,java.lang.String,java.lang.String,int,java.lang.String)>/orderDir}
VarNode{<org.apache.logging.log4j.message.ParameterizedMessage: java.lang.StringBuilder getThreadLocalStringBuilder()>/$r1}
VarNode{<cn.exrick.manager.controller.UserController: boolean getUserByEditEmail(java.lang.Long,java.lang.String)>/id}
VarNode{<cn.exrick.manager.controller.OrderController: cn.exrick.common.pojo.DataTablesResult getOrderList(int,int,int,java.lang.String,int,java.lang.String)>/orderDir}
VarNode{<org.apache.logging.log4j.message.ParameterFormatter: java.text.SimpleDateFormat getSimpleDateFormat()>/$r1}
VarNode{<cn.exrick.manager.controller.SystemController: cn.exrick.common.pojo.DataTablesResult getLog(int,int,int,java.lang.String,int,java.lang.String)>/orderDir}
VarNode{<cn.exrick.manager.controller.MemberController: cn.exrick.common.pojo.Result getMemberById(java.lang.Long)>/id}
VarNode{<org.apache.logging.log4j.spi.DefaultThreadContextMap: java.util.Map getImmutableMapOrNull()>/$r2}
VarNode{<cn.exrick.manager.controller.UserController: cn.exrick.common.pojo.Result delUser(java.lang.Long[])>/ids}
VarNode{<cn.exrick.manager.controller.PanelController: cn.exrick.common.pojo.Result deleteContentCategory(int[])>/ids}
VarNode{<cn.exrick.front.controller.MemberController: cn.exrick.common.pojo.Result checkLogin(java.lang.String)>/token}
VarNode{<cn.exrick.manager.controller.OrderController: cn.exrick.common.pojo.Result deliver(java.lang.String,java.lang.String,java.lang.String,java.math.BigDecimal)>/shippingName}
VarNode{<cn.exrick.manager.controller.SystemController: cn.exrick.common.pojo.DataTablesResult getLog(int,int,int,java.lang.String,int,java.lang.String)>/search}
VarNode{<cn.exrick.front.controller.GoodsController: cn.exrick.common.pojo.Result searchProduct(java.lang.String,int,int,java.lang.String,int,int)>/sort}
VarNode{<cn.exrick.front.controller.GoodsController: cn.exrick.common.pojo.Result getAllProduct(int,int,java.lang.String,java.lang.Long,int,int)>/sort}
VarNode{<com.github.pagehelper.SqlUtil: com.github.pagehelper.Page getLocalPage()>/$r1}
VarNode{<cn.exrick.manager.aop.SystemLogAspect: void after(org.aspectj.lang.JoinPoint)>/$r22}
VarNode{<cn.exrick.front.controller.OrderController: cn.exrick.common.pojo.Result payOrder(cn.exrick.manager.pojo.TbThanks)>/tbThanks}
VarNode{<cn.exrick.manager.controller.ItemController: cn.exrick.common.pojo.DataTablesResult getItemList(int,int,int,int,java.lang.String,int,java.lang.String,java.lang.String,java.lang.String,java.lang.String)>/search}
VarNode{<cn.exrick.manager.controller.UserController: cn.exrick.common.pojo.Result logout()>/$r0}
VarNode{<cn.exrick.front.controller.CartController: cn.exrick.common.pojo.Result updateCartNum(cn.exrick.manager.dto.front.Cart)>/cart}
VarNode{<cn.exrick.manager.controller.MemberController: cn.exrick.common.pojo.DataTablesResult getDelMemberList(int,int,int,java.lang.String,java.lang.String,java.lang.String,java.lang.String,int,java.lang.String)>/search}
VarNode{<cn.exrick.manager.controller.ItemController: cn.exrick.common.pojo.Result stopItem(java.lang.Long)>/id}
VarNode{<cn.exrick.front.controller.GoodsController: java.lang.String getQuickSearch(java.lang.String)>/key}
VarNode{<cn.exrick.front.controller.AddressController: cn.exrick.common.pojo.Result updateAddress(cn.exrick.manager.pojo.TbAddress)>/tbAddress}
VarNode{<cn.exrick.front.controller.GoodsController: cn.exrick.common.pojo.Result searchProduct(java.lang.String,int,int,java.lang.String,int,int)>/key}
VarNode{<cn.exrick.manager.controller.SystemController: cn.exrick.common.pojo.Result delShiro(int[])>/ids}
VarNode{<cn.exrick.front.controller.ThanksController: cn.exrick.common.pojo.Result getThanksList(int,int)>/size}
VarNode{<cn.exrick.manager.controller.MemberController: java.lang.Boolean validateEditUsername(java.lang.Long,java.lang.String)>/id}
Sink nodes:
Dumping /Users/yuntsy/My/Projects/Java/WebAnalyzer/output/taint-flow-graph.dot
TFGDumper finishes, elapsed time: 0.18s
-------------- Pointer analysis statistics: --------------
#var pointers:                5,8612 (insens) / 5,8612 (sens)
#objects:                     9041 (insens) / 9041 (sens)
#var points-to:               17,6125 (insens) / 17,6149 (sens)
#static field points-to:      2988 (sens)
#instance field points-to:    10,8139 (sens)
#array points-to:             2111 (sens)
#reachable methods:           9428 (insens) / 9428 (sens)
#call graph edges:            2,9911 (insens) / 2,9956 (sens)
----------------------------------------
pta finishes, elapsed time: 1.81s
cg starts ...
Call graph has 9428 reachable methods and 29911 edges
Dumping call graph to /Users/yuntsy/My/Projects/Java/WebAnalyzer/output/call-graph.dot
Dumping reachable methods to /Users/yuntsy/My/Projects/Java/WebAnalyzer/output/reachable-methods.txt
Dumping call edges to /Users/yuntsy/My/Projects/Java/WebAnalyzer/output/call-edges.txt
cg finishes, elapsed time: 0.82s
Tai-e finishes, elapsed time: 31.85s
