Tai-e starts ...
Output directory: /Users/yuntsy/My/Projects/Java/WebAnalyzer/output
Writing options to /Users/yuntsy/My/Projects/Java/WebAnalyzer/output/options.yml
Writing log to /Users/yuntsy/My/Projects/Java/WebAnalyzer/output/tai-e.log
java.version: 17.0.11
java.version.date: 2024-04-16
java.runtime.version: 17.0.11+7-LTS-207
java.vendor: Oracle Corporation
java.vendor.version: null
os.name: Mac OS X
os.version: 26.2
os.arch: aarch64
Tai-e Version: 0.5.1
Manifest does not contain Tai-e commit information
Tai-e Commit: Unknown
Writing analysis plan to /Users/yuntsy/My/Projects/Java/WebAnalyzer/output/tai-e-plan.yml
WorldBuilder starts ...
Scanning /Users/yuntsy/My/Graduate/Data/final/RuoYi/ruoyi-admin/target ... 42 classes
Scanning /Users/yuntsy/My/Graduate/Data/final/RuoYi/ruoyi-common/target ... 132 classes
Scanning /Users/yuntsy/My/Graduate/Data/final/RuoYi/ruoyi-framework/target ... 57 classes
Scanning /Users/yuntsy/My/Graduate/Data/final/RuoYi/ruoyi-generator/target ... 13 classes
Scanning /Users/yuntsy/My/Graduate/Data/final/RuoYi/ruoyi-quartz/target ... 17 classes
Scanning /Users/yuntsy/My/Graduate/Data/final/RuoYi/ruoyi-system/target ... 50 classes
Scanning /Users/yuntsy/.m2/repository/jakarta/servlet/jakarta.servlet-api/4.0.4/jakarta.servlet-api-4.0.4.jar ... 85 classes
Scanning /Users/yuntsy/.m2/repository/javax/servlet/javax.servlet-api/4.0.1/javax.servlet-api-4.0.1.jar ... 85 classes
Scanning /Users/yuntsy/.m2/repository/org/springframework/spring-web/6.2.1/spring-web-6.2.1.jar ... 1239 classes
Scanning /Users/yuntsy/.m2/repository/org/springframework/spring-aop/6.2.0/spring-aop-6.2.0.jar ... 289 classes
Scanning /Users/yuntsy/.m2/repository/org/springframework/spring-core/6.2.0/spring-core-6.2.0.jar ... 1181 classes
Scanning /Users/yuntsy/.m2/repository/org/springframework/spring-jdbc/6.2.0/spring-jdbc-6.2.0.jar ... 303 classes
Scanning /Users/yuntsy/.m2/repository/jakarta/servlet/jakarta.servlet-api/6.0.0/jakarta.servlet-api-6.0.0.jar ... 85 classes
Scanning /Users/yuntsy/.m2/repository/org/springframework/spring-context/6.2.0/spring-context-6.2.0.jar ... 861 classes
Scanning /Users/yuntsy/.m2/repository/org/mybatis/mybatis/3.4.6/mybatis-3.4.6.jar ... 949 classes
Scanning /Users/yuntsy/.m2/repository/org/apache/tomcat/tomcat-catalina/10.1.18/tomcat-catalina-10.1.18.jar ... 681 classes
Scanning /Users/yuntsy/.m2/repository/org/hibernate/orm/hibernate-core/6.4.4.Final/hibernate-core-6.4.4.Final.jar ... 6733 classes
Scanning /Users/yuntsy/.m2/repository/org/mybatis/mybatis/3.5.15/mybatis-3.5.15.jar ... 1083 classes
Scanning /Users/yuntsy/.m2/repository/org/apache/shiro/shiro-web/1.13.0/shiro-web-1.13.0.jar ... 109 classes
Scanning /Users/yuntsy/.m2/repository/org/apache/shiro/shiro-core/1.13.0/shiro-core-1.13.0.jar ... 367 classes
Scanning /Users/yuntsy/.m2/repository/org/quartz-scheduler/quartz/2.3.2/quartz-2.3.2.jar ... 353 classes
Warning: main class was not given!
28053 classes with 242746 methods in the world
WorldBuilder finishes, elapsed time: 21.41s
routerAnalysis starts ...
Router analysis started at: 2026-01-25 12:53:13
Router analysis completed at: 2026-01-25 12:53:13 (Duration: 14ms)
routerAnalysis finishes, elapsed time: 0.02s
beanAnalysis starts ...
beanAnalysis finishes, elapsed time: 0.06s
injectPointsAnalysis starts ...
injectPointsAnalysis finishes, elapsed time: 0.06s
aspectAnalysis starts ...
Starting AOP aspect analysis...
aspectAnalysis finishes, elapsed time: 0.00s
pta starts ...
Added entry point (Empty): <classes.com.ruoyi.web.controller.demo.controller.DemoTableController: java.lang.String search()>
Added entry point (Empty): <classes.com.ruoyi.web.controller.demo.controller.DemoTableController: java.lang.String footer()>
Added entry point (Empty): <classes.com.ruoyi.web.controller.demo.controller.DemoTableController: java.lang.String groupHeader()>
Added entry point (Empty): <classes.com.ruoyi.web.controller.demo.controller.DemoTableController: java.lang.String export()>
Added entry point (Empty): <classes.com.ruoyi.web.controller.demo.controller.DemoTableController: java.lang.String exportSelected()>
Added entry point (Empty): <classes.com.ruoyi.web.controller.demo.controller.DemoTableController: java.lang.String remember()>
Added entry point (Empty): <classes.com.ruoyi.web.controller.demo.controller.DemoTableController: java.lang.String cookie()>
Added entry point (Empty): <classes.com.ruoyi.web.controller.demo.controller.DemoTableController: java.lang.String pageGo()>
Added entry point (Empty): <classes.com.ruoyi.web.controller.demo.controller.DemoTableController: java.lang.String params()>
Added entry point (Empty): <classes.com.ruoyi.web.controller.demo.controller.DemoTableController: java.lang.String multi()>
Added entry point (Empty): <classes.com.ruoyi.web.controller.demo.controller.DemoTableController: java.lang.String button()>
Added entry point (Empty): <classes.com.ruoyi.web.controller.demo.controller.DemoTableController: java.lang.String fixedColumns()>
Added entry point (Empty): <classes.com.ruoyi.web.controller.demo.controller.DemoTableController: java.lang.String event()>
Added entry point (Empty): <classes.com.ruoyi.web.controller.demo.controller.DemoTableController: java.lang.String detail()>
Added entry point (Empty): <classes.com.ruoyi.web.controller.demo.controller.DemoTableController: java.lang.String child()>
Added entry point (Empty): <classes.com.ruoyi.web.controller.demo.controller.DemoTableController: java.lang.String image()>
Added entry point (Empty): <classes.com.ruoyi.web.controller.demo.controller.DemoTableController: java.lang.String curd()>
Added entry point (Empty): <classes.com.ruoyi.web.controller.demo.controller.DemoTableController: java.lang.String reorderRows()>
Added entry point (Empty): <classes.com.ruoyi.web.controller.demo.controller.DemoTableController: java.lang.String reorderColumns()>
Added entry point (Empty): <classes.com.ruoyi.web.controller.demo.controller.DemoTableController: java.lang.String resizable()>
Added entry point (Empty): <classes.com.ruoyi.web.controller.demo.controller.DemoTableController: java.lang.String editable()>
Added entry point (Empty): <classes.com.ruoyi.web.controller.demo.controller.DemoTableController: java.lang.String subdata()>
Added entry point (Empty): <classes.com.ruoyi.web.controller.demo.controller.DemoTableController: java.lang.String refresh()>
Added entry point (Empty): <classes.com.ruoyi.web.controller.demo.controller.DemoTableController: java.lang.String print()>
Added entry point (Empty): <classes.com.ruoyi.web.controller.demo.controller.DemoTableController: java.lang.String headerStyle()>
Added entry point (Empty): <classes.com.ruoyi.web.controller.demo.controller.DemoTableController: java.lang.String dynamicColumns()>
Added entry point (Empty): <classes.com.ruoyi.web.controller.demo.controller.DemoTableController: java.lang.String virtualScroll()>
Added entry point (Empty): <classes.com.ruoyi.web.controller.demo.controller.DemoTableController: java.lang.String customView()>
Added entry point (Empty): <classes.com.ruoyi.web.controller.demo.controller.DemoTableController: java.lang.String textSearch()>
Added entry point (Empty): <classes.com.ruoyi.web.controller.demo.controller.DemoTableController: java.lang.String asynTree()>
Added entry point (Empty): <classes.com.ruoyi.web.controller.demo.controller.DemoTableController: java.lang.String other()>
Added entry point (Empty): <classes.com.ruoyi.web.controller.demo.controller.DemoIconController: java.lang.String fontAwesome()>
Added entry point (Empty): <classes.com.ruoyi.web.controller.demo.controller.DemoIconController: java.lang.String glyphicons()>
Added entry point (Empty): <classes.com.ruoyi.web.controller.demo.controller.DemoOperateController: java.lang.String table()>
Added entry point (Empty): <classes.com.ruoyi.web.controller.demo.controller.DemoOperateController: java.lang.String other()>
Added entry point (Empty): <classes.com.ruoyi.web.controller.demo.controller.DemoOperateController: com.ruoyi.common.core.domain.AjaxResult importTemplate()>
Concrete class not found for type: org.springframework.web.multipart.support.StandardMultipartFile
Added entry point (Empty): <classes.com.ruoyi.web.controller.demo.controller.DemoOperateController: com.ruoyi.common.core.domain.AjaxResult clean()>
Added entry point (Empty): <classes.com.ruoyi.web.controller.demo.controller.DemoFormController: java.lang.String button()>
Added entry point (Empty): <classes.com.ruoyi.web.controller.demo.controller.DemoFormController: java.lang.String select()>
Added entry point (Empty): <classes.com.ruoyi.web.controller.demo.controller.DemoFormController: java.lang.String timeline()>
Added entry point (Empty): <classes.com.ruoyi.web.controller.demo.controller.DemoFormController: java.lang.String progress_bars()>
Added entry point (Empty): <classes.com.ruoyi.web.controller.demo.controller.DemoFormController: java.lang.String validate()>
Added entry point (Empty): <classes.com.ruoyi.web.controller.demo.controller.DemoFormController: java.lang.String jasny()>
Added entry point (Empty): <classes.com.ruoyi.web.controller.demo.controller.DemoFormController: java.lang.String sortable()>
Added entry point (Empty): <classes.com.ruoyi.web.controller.demo.controller.DemoFormController: java.lang.String invoice()>
Added entry point (Empty): <classes.com.ruoyi.web.controller.demo.controller.DemoFormController: java.lang.String labels_tips()>
Added entry point (Empty): <classes.com.ruoyi.web.controller.demo.controller.DemoFormController: java.lang.String tabs_panels()>
Added entry point (Empty): <classes.com.ruoyi.web.controller.demo.controller.DemoFormController: java.lang.String grid()>
Added entry point (Empty): <classes.com.ruoyi.web.controller.demo.controller.DemoFormController: java.lang.String wizard()>
Added entry point (Empty): <classes.com.ruoyi.web.controller.demo.controller.DemoFormController: java.lang.String upload()>
Added entry point (Empty): <classes.com.ruoyi.web.controller.demo.controller.DemoFormController: java.lang.String datetime()>
Added entry point (Empty): <classes.com.ruoyi.web.controller.demo.controller.DemoFormController: java.lang.String duallistbox()>
Added entry point (Empty): <classes.com.ruoyi.web.controller.demo.controller.DemoFormController: java.lang.String basic()>
Added entry point (Empty): <classes.com.ruoyi.web.controller.demo.controller.DemoFormController: java.lang.String cards()>
Added entry point (Empty): <classes.com.ruoyi.web.controller.demo.controller.DemoFormController: java.lang.String summernote()>
Added entry point (Empty): <classes.com.ruoyi.web.controller.demo.controller.DemoFormController: java.lang.String autocomplete()>
Added entry point (Empty): <classes.com.ruoyi.web.controller.demo.controller.DemoFormController: java.lang.String cityData()>
Added entry point (Empty): <classes.com.ruoyi.web.controller.demo.controller.DemoFormController: com.ruoyi.common.core.domain.AjaxResult userModel()>
Added entry point (Empty): <classes.com.ruoyi.web.controller.demo.controller.DemoFormController: com.ruoyi.common.core.domain.AjaxResult collection()>
Added entry point (Empty): <classes.com.ruoyi.web.controller.demo.controller.DemoReportController: java.lang.String echarts()>
Added entry point (Empty): <classes.com.ruoyi.web.controller.demo.controller.DemoReportController: java.lang.String peity()>
Added entry point (Empty): <classes.com.ruoyi.web.controller.demo.controller.DemoReportController: java.lang.String sparkline()>
Added entry point (Empty): <classes.com.ruoyi.web.controller.demo.controller.DemoReportController: java.lang.String metrics()>
Added entry point (Empty): <classes.com.ruoyi.web.controller.demo.controller.DemoDialogController: java.lang.String dialog()>
Added entry point (Empty): <classes.com.ruoyi.web.controller.demo.controller.DemoDialogController: java.lang.String layer()>
Added entry point (Empty): <classes.com.ruoyi.web.controller.demo.controller.DemoDialogController: java.lang.String form()>
Added entry point (Empty): <classes.com.ruoyi.web.controller.demo.controller.DemoDialogController: java.lang.String table()>
Added entry point (Empty): <classes.com.ruoyi.web.controller.demo.controller.DemoDialogController: java.lang.String check()>
Added entry point (Empty): <classes.com.ruoyi.web.controller.demo.controller.DemoDialogController: java.lang.String radio()>
Added entry point (Empty): <classes.com.ruoyi.web.controller.demo.controller.DemoDialogController: java.lang.String parent()>
Added entry point (Empty): <classes.com.ruoyi.web.controller.demo.controller.DemoDialogController: java.lang.String frame1()>
Added entry point (Empty): <classes.com.ruoyi.web.controller.demo.controller.DemoDialogController: java.lang.String frame2()>
Added entry point (Empty): <classes.com.ruoyi.web.controller.monitor.SysLogininforController: java.lang.String logininfor()>
Added entry point (Empty): <classes.com.ruoyi.web.controller.monitor.SysLogininforController: com.ruoyi.common.core.domain.AjaxResult clean()>
Added entry point (Empty): <classes.com.ruoyi.web.controller.monitor.SysUserOnlineController: java.lang.String online()>
Added entry point (Empty): <classes.com.ruoyi.web.controller.monitor.DruidController: java.lang.String index()>
Added entry point (Empty): <classes.com.ruoyi.web.controller.monitor.SysOperlogController: java.lang.String operlog()>
Added entry point (Empty): <classes.com.ruoyi.web.controller.monitor.SysOperlogController: com.ruoyi.common.core.domain.AjaxResult clean()>
Added entry point (Empty): <classes.com.ruoyi.web.controller.system.SysConfigController: java.lang.String config()>
Added entry point (Empty): <classes.com.ruoyi.web.controller.system.SysConfigController: java.lang.String add()>
Added entry point (Empty): <classes.com.ruoyi.web.controller.system.SysConfigController: com.ruoyi.common.core.domain.AjaxResult refreshCache()>
Added entry point (Empty): <classes.com.ruoyi.web.controller.system.SysDictDataController: java.lang.String dictData()>
Added entry point (Empty): <classes.com.ruoyi.web.controller.system.SysRegisterController: java.lang.String register()>
Added entry point (Empty): <classes.com.ruoyi.web.controller.system.SysRoleController: java.lang.String role()>
Added entry point (Empty): <classes.com.ruoyi.web.controller.system.SysRoleController: java.lang.String add()>
Added entry point (Empty): <classes.com.ruoyi.web.controller.system.SysRoleController: java.lang.String selectMenuTree()>
Concrete class not found for type: org.springframework.web.multipart.support.StandardMultipartFile
Added entry point (Empty): <classes.com.ruoyi.web.controller.system.SysIndexController: java.lang.String switchSkin()>
Added entry point (Empty): <classes.com.ruoyi.web.controller.system.SysDeptController: java.lang.String dept()>
Added entry point (Empty): <classes.com.ruoyi.web.controller.system.SysDictTypeController: java.lang.String dictType()>
Added entry point (Empty): <classes.com.ruoyi.web.controller.system.SysDictTypeController: java.lang.String add()>
Added entry point (Empty): <classes.com.ruoyi.web.controller.system.SysDictTypeController: com.ruoyi.common.core.domain.AjaxResult refreshCache()>
Added entry point (Empty): <classes.com.ruoyi.web.controller.system.SysDictTypeController: java.util.List treeData()>
Added entry point (Empty): <classes.com.ruoyi.web.controller.system.SysPostController: java.lang.String operlog()>
Added entry point (Empty): <classes.com.ruoyi.web.controller.system.SysPostController: java.lang.String add()>
Added entry point (Empty): <classes.com.ruoyi.web.controller.system.SysUserController: java.lang.String user()>
Concrete class not found for type: org.springframework.web.multipart.support.StandardMultipartFile
Added entry point (Empty): <classes.com.ruoyi.web.controller.system.SysUserController: com.ruoyi.common.core.domain.AjaxResult importTemplate()>
Added entry point (Empty): <classes.com.ruoyi.web.controller.system.SysUserController: java.util.List deptTreeData()>
Added entry point (Empty): <classes.com.ruoyi.web.controller.system.SysNoticeController: java.lang.String notice()>
Added entry point (Empty): <classes.com.ruoyi.web.controller.system.SysNoticeController: java.lang.String add()>
Added entry point (Empty): <classes.com.ruoyi.web.controller.system.SysMenuController: java.lang.String menu()>
Added entry point (Empty): <classes.com.ruoyi.web.controller.system.SysMenuController: java.lang.String icon()>
Added entry point (Empty): <classes.com.ruoyi.web.controller.system.SysMenuController: java.util.List menuTreeData()>
Added entry point (Empty): <classes.com.ruoyi.web.controller.system.SysLoginController: java.lang.String unauth()>
Concrete class not found for type: org.springframework.web.multipart.support.StandardMultipartFile
Added entry point (Empty): <classes.com.ruoyi.web.controller.tool.SwaggerController: java.lang.String index()>
Added entry point (Empty): <classes.com.ruoyi.web.controller.tool.BuildController: java.lang.String build()>
Added entry point (Empty): <classes.com.ruoyi.web.controller.tool.TestController: com.ruoyi.common.core.domain.R userList()>
Added entry point (Empty): <classes.com.ruoyi.generator.controller.GenController: java.lang.String gen()>
Added entry point (Empty): <classes.com.ruoyi.generator.controller.GenController: java.lang.String importTable()>
Added entry point (Empty): <classes.com.ruoyi.generator.controller.GenController: java.lang.String createTable()>
Added entry point (Empty): <classes.com.ruoyi.quartz.controller.SysJobController: java.lang.String job()>
Added entry point (Empty): <classes.com.ruoyi.quartz.controller.SysJobController: java.lang.String add()>
Added entry point (Empty): <classes.com.ruoyi.quartz.controller.SysJobController: java.lang.String cron()>
Added entry point (Empty): <classes.com.ruoyi.quartz.controller.SysJobLogController: com.ruoyi.common.core.domain.AjaxResult clean()>
Initializing global bean mock objects for beans...
Initialized 124 global bean objects.
[Pointer analysis] elapsed time: 0.08s
-------------- Pointer analysis statistics: --------------
#var pointers:                2086 (insens) / 2104 (sens)
#objects:                     1212 (insens) / 1212 (sens)
#var points-to:               1226 (insens) / 1234 (sens)
#static field points-to:      1 (sens)
#instance field points-to:    641 (sens)
#array points-to:             14 (sens)
#reachable methods:           378 (insens) / 507 (sens)
#call graph edges:            705 (insens) / 713 (sens)
----------------------------------------
pta finishes, elapsed time: 0.24s
cg starts ...
Call graph has 378 reachable methods and 705 edges
Dumping call graph to /Users/yuntsy/My/Projects/Java/WebAnalyzer/output/call-graph.dot
Dumping reachable methods to /Users/yuntsy/My/Projects/Java/WebAnalyzer/output/reachable-methods.txt
Dumping call edges to /Users/yuntsy/My/Projects/Java/WebAnalyzer/output/call-edges.txt
cg finishes, elapsed time: 0.05s
Tai-e finishes, elapsed time: 21.93s
