Writing log to /Users/yuntsy/My/Projects/Java/WebAnalyzer/output/tai-e.log
java.version: 17.0.11
java.version.date: 2024-04-16
java.runtime.version: 17.0.11+7-LTS-207
java.vendor: Oracle Corporation
java.vendor.version: null
os.name: Mac OS X
os.version: 26.2
os.arch: aarch64
Tai-e Version: 0.5.1
Manifest does not contain Tai-e commit information
Tai-e Commit: Unknown
Writing analysis plan to /Users/yuntsy/My/Projects/Java/WebAnalyzer/output/tai-e-plan.yml
WorldBuilder starts ...
Warning: main class was not given!
27754 classes with 254135 methods in the world
WorldBuilder finishes, elapsed time: 22.57s
routerAnalysis starts ...
Router analysis started at: 2026-01-25 12:57:25
Router analysis completed at: 2026-01-25 12:57:25 (Duration: 12ms)
routerAnalysis finishes, elapsed time: 0.01s
beanAnalysis starts ...
beanAnalysis finishes, elapsed time: 0.03s
injectPointsAnalysis starts ...
injectPointsAnalysis finishes, elapsed time: 0.11s
aspectAnalysis starts ...
Starting AOP aspect analysis...
aspectAnalysis finishes, elapsed time: 0.00s
pta starts ...
Initializing global bean mock objects for beans...
Initialized 94 global bean objects.
No bean found for concrete class: org.slf4j.Logger
No bean found for concrete class: org.slf4j.Logger
No bean found for concrete class: org.slf4j.Logger
No bean found for concrete class: org.slf4j.Logger
No bean found for concrete class: org.slf4j.Logger
No bean found for concrete class: org.slf4j.Logger
No bean found for concrete class: org.slf4j.Logger
No bean found for concrete class: org.slf4j.Logger
No bean found for concrete class: org.slf4j.Logger
No bean found for concrete class: org.slf4j.Logger
No bean found for concrete class: org.slf4j.Logger
No bean found for concrete class: org.slf4j.Logger
No bean found for concrete class: org.slf4j.Logger
Concrete class not found for type: org.springframework.web.multipart.support.StandardMultipartFile
No bean found for concrete class: org.slf4j.Logger
Added entry point (Empty): <com.jsh.erp.controller.MaterialController: com.jsh.erp.utils.BaseResponseInfo getMaxBarCode()>
No bean found for concrete class: org.slf4j.Logger
Added entry point (Empty): <com.jsh.erp.controller.MaterialController: com.alibaba.fastjson.JSONArray getMaterialNameList()>
No bean found for concrete class: org.slf4j.Logger
No bean found for concrete class: org.slf4j.Logger
No bean found for concrete class: org.slf4j.Logger
No bean found for concrete class: org.slf4j.Logger
No bean found for concrete class: org.slf4j.Logger
No bean found for concrete class: org.slf4j.Logger
No bean found for concrete class: org.slf4j.Logger
No bean found for concrete class: org.slf4j.Logger
No bean found for concrete class: org.slf4j.Logger
Concrete class not found for type: org.springframework.web.multipart.support.StandardMultipartFile
Concrete class not found for type: org.springframework.web.multipart.support.StandardMultipartFile
Concrete class not found for type: org.springframework.web.multipart.support.StandardMultipartFile
No bean found for concrete class: org.slf4j.Logger
No bean found for concrete class: org.slf4j.Logger
No bean found for concrete class: org.slf4j.Logger
No bean found for concrete class: org.slf4j.Logger
No bean found for concrete class: com.gitee.starblues.integration.operator.PluginOperator
No bean found for concrete class: org.slf4j.Logger
No bean found for concrete class: com.gitee.starblues.integration.operator.PluginOperator
No bean found for concrete class: org.slf4j.Logger
Added entry point (Empty): <com.jsh.erp.controller.PluginController: java.util.Set getPluginFilePaths()>
No bean found for concrete class: com.gitee.starblues.integration.operator.PluginOperator
No bean found for concrete class: org.slf4j.Logger
No bean found for concrete class: com.gitee.starblues.integration.operator.PluginOperator
No bean found for concrete class: org.slf4j.Logger
No bean found for concrete class: com.gitee.starblues.integration.operator.PluginOperator
No bean found for concrete class: org.slf4j.Logger
No bean found for concrete class: com.gitee.starblues.integration.operator.PluginOperator
No bean found for concrete class: org.slf4j.Logger
Concrete class not found for type: org.springframework.web.multipart.support.StandardMultipartFile
Concrete class not found for type: org.springframework.web.multipart.support.StandardMultipartFile
No bean found for concrete class: com.gitee.starblues.integration.operator.PluginOperator
No bean found for concrete class: org.slf4j.Logger
No bean found for concrete class: org.slf4j.Logger
Added entry point (Empty): <com.jsh.erp.controller.PluginController: com.jsh.erp.utils.BaseResponseInfo getMacWithSecret()>
No bean found for concrete class: com.gitee.starblues.integration.operator.PluginOperator
No bean found for concrete class: org.slf4j.Logger
No bean found for concrete class: org.slf4j.Logger
No bean found for concrete class: org.slf4j.Logger
No bean found for concrete class: org.slf4j.Logger
No bean found for concrete class: org.slf4j.Logger
No bean found for concrete class: org.slf4j.Logger
No bean found for concrete class: org.slf4j.Logger
No bean found for concrete class: org.slf4j.Logger
No bean found for concrete class: org.slf4j.Logger
No bean found for concrete class: org.slf4j.Logger
No bean found for concrete class: org.slf4j.Logger
No bean found for concrete class: org.slf4j.Logger
No bean found for concrete class: org.slf4j.Logger
No bean found for concrete class: org.slf4j.Logger
No bean found for concrete class: org.slf4j.Logger
No bean found for concrete class: org.slf4j.Logger
No bean found for concrete class: org.slf4j.Logger
No bean found for concrete class: org.slf4j.Logger
No bean found for concrete class: org.slf4j.Logger
No bean found for concrete class: org.slf4j.Logger
No bean found for concrete class: org.slf4j.Logger
No bean found for concrete class: org.slf4j.Logger
No bean found for concrete class: org.slf4j.Logger
No bean found for concrete class: org.slf4j.Logger
No bean found for concrete class: org.slf4j.Logger
No bean found for concrete class: org.slf4j.Logger
Concrete class not found for type: org.springframework.web.multipart.support.StandardMultipartFile
No bean found for concrete class: org.slf4j.Logger
No bean found for concrete class: org.slf4j.Logger
No bean found for concrete class: org.slf4j.Logger
No bean found for concrete class: org.slf4j.Logger
No bean found for concrete class: org.slf4j.Logger
No bean found for concrete class: org.slf4j.Logger
No bean found for concrete class: org.slf4j.Logger
No bean found for concrete class: org.slf4j.Logger
No bean found for concrete class: org.slf4j.Logger
No bean found for concrete class: org.slf4j.Logger
No bean found for concrete class: org.slf4j.Logger
No bean found for concrete class: org.slf4j.Logger
No bean found for concrete class: org.slf4j.Logger
No bean found for concrete class: org.slf4j.Logger
No bean found for concrete class: org.slf4j.Logger
No bean found for concrete class: org.slf4j.Logger
No bean found for concrete class: org.slf4j.Logger
No bean found for concrete class: org.slf4j.Logger
Added entry point (Empty): <com.jsh.erp.controller.UserController: com.alibaba.fastjson.JSONArray getOrganizationUserTree()>
No bean found for concrete class: org.slf4j.Logger
Initializing global aspect mock objects...
No bean found for concrete class: org.slf4j.Logger
No bean found for concrete class: org.slf4j.Logger
No bean found for concrete class: org.slf4j.Logger
No bean found for concrete class: org.slf4j.Logger
No bean found for concrete class: org.slf4j.Logger
No bean found for concrete class: org.slf4j.Logger
No bean found for concrete class: org.slf4j.Logger
No bean found for concrete class: org.slf4j.Logger
No bean found for concrete class: org.slf4j.Logger
No bean found for concrete class: org.slf4j.Logger
No bean found for concrete class: org.slf4j.Logger
No bean found for concrete class: org.slf4j.Logger
No bean found for concrete class: org.slf4j.Logger
No bean found for concrete class: org.slf4j.Logger
No bean found for concrete class: org.slf4j.Logger
No bean found for concrete class: org.slf4j.Logger
No bean found for concrete class: org.slf4j.Logger
No bean found for concrete class: org.slf4j.Logger
No bean found for concrete class: org.slf4j.Logger
No bean found for concrete class: org.slf4j.Logger
No bean found for concrete class: org.slf4j.Logger
No bean found for concrete class: org.springframework.data.redis.core.RedisTemplate
No bean found for concrete class: org.slf4j.Logger
No bean found for concrete class: org.slf4j.Logger
No bean found for concrete class: org.slf4j.Logger
No bean found for concrete class: org.slf4j.Logger
No bean found for concrete class: org.slf4j.Logger
No bean found for concrete class: org.slf4j.Logger
No bean found for concrete class: org.slf4j.Logger
No bean found for concrete class: org.slf4j.Logger
No bean found for concrete class: org.slf4j.Logger
No bean found for concrete class: org.slf4j.Logger
No bean found for concrete class: org.slf4j.Logger
No bean found for concrete class: org.slf4j.Logger
No bean found for concrete class: org.slf4j.Logger
No bean found for concrete class: org.slf4j.Logger
No bean found for concrete class: org.slf4j.Logger
No bean found for concrete class: org.slf4j.Logger
No bean found for concrete class: org.slf4j.Logger
No bean found for concrete class: org.slf4j.Logger
No bean found for concrete class: org.slf4j.Logger
No bean found for concrete class: org.slf4j.Logger
No bean found for concrete class: org.slf4j.Logger
No bean found for concrete class: org.slf4j.Logger
No bean found for concrete class: org.slf4j.Logger
No bean found for concrete class: org.slf4j.Logger
No bean found for concrete class: org.springframework.data.redis.core.RedisTemplate
No bean found for concrete class: org.springframework.data.redis.core.RedisTemplate
No bean found for concrete class: org.slf4j.Logger
No bean found for concrete class: org.springframework.data.redis.core.RedisTemplate
No bean found for concrete class: org.springframework.data.redis.core.RedisTemplate
No bean found for concrete class: org.slf4j.Logger
No bean found for concrete class: org.slf4j.Logger
No bean found for concrete class: org.slf4j.Logger
No bean found for concrete class: org.slf4j.Logger
No bean found for concrete class: org.slf4j.Logger
No bean found for concrete class: org.slf4j.Logger
No bean found for concrete class: org.slf4j.Logger
No bean found for concrete class: org.slf4j.Logger
No bean found for concrete class: org.slf4j.Logger
No bean found for concrete class: org.springframework.data.redis.core.RedisTemplate
No bean found for concrete class: org.slf4j.Logger
No bean found for concrete class: org.slf4j.Logger
No bean found for concrete class: org.slf4j.Logger
No bean found for concrete class: org.slf4j.Logger
No bean found for concrete class: org.slf4j.Logger
No bean found for concrete class: org.slf4j.Logger
No bean found for concrete class: org.slf4j.Logger
No bean found for concrete class: org.slf4j.Logger
No bean found for concrete class: org.slf4j.Logger
No bean found for concrete class: org.slf4j.Logger
No bean found for concrete class: org.slf4j.Logger
No bean found for concrete class: org.springframework.data.redis.core.RedisTemplate
No bean found for concrete class: org.slf4j.Logger
No bean found for concrete class: org.slf4j.Logger
No bean found for concrete class: org.slf4j.Logger
No bean found for concrete class: org.slf4j.Logger
No bean found for concrete class: org.slf4j.Logger
No bean found for concrete class: org.slf4j.Logger
No bean found for concrete class: org.slf4j.Logger
No bean found for concrete class: org.slf4j.Logger
No bean found for concrete class: org.slf4j.Logger
No bean found for concrete class: org.slf4j.Logger
No bean found for concrete class: org.springframework.data.redis.core.RedisTemplate
No bean found for concrete class: org.slf4j.Logger
No bean found for concrete class: org.slf4j.Logger
No bean found for concrete class: org.slf4j.Logger
No bean found for concrete class: org.slf4j.Logger
No bean found for concrete class: org.slf4j.Logger
No bean found for concrete class: org.slf4j.Logger
No bean found for concrete class: org.slf4j.Logger
No bean found for concrete class: org.slf4j.Logger
[Pointer analysis] elapsed time: 0.27s
-------------- Pointer analysis statistics: --------------
#var pointers:                1,7131 (insens) / 4,1993 (sens)
#objects:                     4326 (insens) / 5934 (sens)
#var points-to:               1,4500 (insens) / 3,0282 (sens)
#static field points-to:      122 (sens)
#instance field points-to:    3147 (sens)
#array points-to:             791 (sens)
#reachable methods:           2154 (insens) / 1,1236 (sens)
#call graph edges:            7374 (insens) / 2,1615 (sens)
----------------------------------------
pta finishes, elapsed time: 0.55s
cg starts ...
Call graph has 2154 reachable methods and 7374 edges
Dumping call graph to /Users/yuntsy/My/Projects/Java/WebAnalyzer/output/call-graph.dot
Dumping reachable methods to /Users/yuntsy/My/Projects/Java/WebAnalyzer/output/reachable-methods.txt
Dumping call edges to /Users/yuntsy/My/Projects/Java/WebAnalyzer/output/call-edges.txt
cg finishes, elapsed time: 0.18s
Tai-e finishes, elapsed time: 23.55s
