Writing log to /Users/yuntsy/My/Projects/Java/WebAnalyzer/output/tai-e.log
java.version: 17.0.11
java.version.date: 2024-04-16
java.runtime.version: 17.0.11+7-LTS-207
java.vendor: Oracle Corporation
java.vendor.version: null
os.name: Mac OS X
os.version: 26.2
os.arch: aarch64
Tai-e Version: 0.5.1
Manifest does not contain Tai-e commit information
Tai-e Commit: Unknown
Writing analysis plan to /Users/yuntsy/My/Projects/Java/WebAnalyzer/output/tai-e-plan.yml
WorldBuilder starts ...
Warning: main class was not given!
11537 classes with 125945 methods in the world
WorldBuilder finishes, elapsed time: 4.36s
routerAnalysis starts ...
Router analysis started at: 2026-01-25 17:24:08
Router analysis completed at: 2026-01-25 17:24:08 (Duration: 7ms)
routerAnalysis finishes, elapsed time: 0.01s
beanAnalysis starts ...
beanAnalysis finishes, elapsed time: 0.01s
injectPointsAnalysis starts ...
injectPointsAnalysis finishes, elapsed time: 0.07s
aspectAnalysis starts ...
Starting AOP aspect analysis...
aspectAnalysis finishes, elapsed time: 0.00s
pta starts ...
Added entry point (Empty): <com.roncoo.education.app.gateway.IndexController: reactor.core.publisher.Mono index()>
Added entry point (Empty): <com.roncoo.education.app.gateway.swagger.SwaggerHandler: reactor.core.publisher.Mono securityConfiguration()>
Added entry point (Empty): <com.roncoo.education.app.gateway.swagger.SwaggerHandler: reactor.core.publisher.Mono uiConfiguration()>
Added entry point (Empty): <com.roncoo.education.app.gateway.swagger.SwaggerHandler: reactor.core.publisher.Mono swaggerResources()>
Added entry point (Empty): <com.roncoo.education.course.service.api.ApiCourseCategoryController: com.roncoo.education.common.core.base.Result list()>
Concrete class not found for type: org.springframework.web.multipart.support.StandardMultipartFile
Concrete class not found for type: org.springframework.web.multipart.support.StandardMultipartFile
Concrete class not found for type: org.springframework.web.multipart.support.StandardMultipartFile
Concrete class not found for type: javax.servlet.http.HttpServletRequestWrapper
Added entry point (Empty): <com.roncoo.education.course.service.pc.PcApiCourseController: com.roncoo.education.common.core.base.Result addEs()>
Concrete class not found for type: org.springframework.web.multipart.support.StandardMultipartFile
Concrete class not found for type: org.springframework.web.multipart.support.StandardMultipartFile
Added entry point (Empty): <com.roncoo.education.system.service.api.ApiNavBarController: com.roncoo.education.common.core.base.Result list()>
Added entry point (Empty): <com.roncoo.education.system.service.api.ApiWebsiteController: com.roncoo.education.common.core.base.Result get()>
Added entry point (Empty): <com.roncoo.education.system.service.api.ApiWebsiteLinkController: com.roncoo.education.common.core.base.Result list()>
Added entry point (Empty): <com.roncoo.education.system.service.api.ApiWebsiteNavController: com.roncoo.education.common.core.base.Result list()>
Added entry point (Empty): <com.roncoo.education.system.service.pc.PcApiSysController: com.roncoo.education.common.core.base.Result view()>
Added entry point (Empty): <com.roncoo.education.system.service.pc.PcApiWebsiteController: com.roncoo.education.common.core.base.Result view()>
Initializing global bean mock objects for beans...
Initialized 293 global bean objects.
Initializing global aspect mock objects...
No bean found for concrete class: org.springframework.data.elasticsearch.core.ElasticsearchRestTemplate
No bean found for concrete class: org.springframework.data.elasticsearch.core.ElasticsearchRestTemplate
No bean found for concrete class: org.springframework.data.redis.core.RedisTemplate
No bean found for concrete class: org.springframework.data.redis.core.RedisTemplate
No bean found for concrete class: org.springframework.data.redis.core.RedisTemplate
No bean found for concrete class: org.springframework.data.redis.core.RedisTemplate
No bean found for concrete class: org.springframework.data.redis.core.RedisTemplate
No bean found for concrete class: org.springframework.data.redis.core.RedisTemplate
No bean found for concrete class: org.springframework.data.redis.core.RedisTemplate
No bean found for concrete class: org.springframework.data.redis.core.RedisTemplate
No bean found for concrete class: org.springframework.cloud.gateway.route.RouteLocator
No bean found for concrete class: org.springframework.cloud.gateway.config.GatewayProperties
No bean found for concrete class: org.springframework.data.elasticsearch.core.ElasticsearchRestTemplate
No bean found for concrete class: org.springframework.data.elasticsearch.core.ElasticsearchRestTemplate
No bean found for concrete class: org.springframework.data.elasticsearch.core.ElasticsearchRestTemplate
No bean found for concrete class: org.springframework.data.elasticsearch.core.ElasticsearchRestTemplate
No bean found for concrete class: org.springframework.data.elasticsearch.core.ElasticsearchRestTemplate
No bean found for concrete class: org.springframework.data.redis.core.RedisTemplate
No bean found for concrete class: org.springframework.data.redis.core.RedisTemplate
No bean found for concrete class: org.springframework.data.redis.core.RedisTemplate
No bean found for concrete class: org.springframework.data.redis.core.RedisTemplate
No bean found for concrete class: org.springframework.data.redis.core.RedisTemplate
No bean found for concrete class: org.springframework.data.redis.core.RedisTemplate
No bean found for concrete class: org.springframework.data.redis.core.RedisTemplate
No bean found for concrete class: org.springframework.data.redis.core.RedisTemplate
No bean found for concrete class: org.springframework.data.elasticsearch.core.ElasticsearchRestTemplate
No bean found for concrete class: org.springframework.data.elasticsearch.core.ElasticsearchRestTemplate
No bean found for concrete class: org.springframework.data.elasticsearch.core.ElasticsearchRestTemplate
No bean found for concrete class: org.springframework.data.elasticsearch.core.ElasticsearchRestTemplate
[Pointer analysis] elapsed time: 0.16s
-------------- Pointer analysis statistics: --------------
#var pointers:                9412 (insens) / 1,5805 (sens)
#objects:                     1854 (insens) / 2048 (sens)
#var points-to:               7145 (insens) / 1,0564 (sens)
#static field points-to:      0 (sens)
#instance field points-to:    1158 (sens)
#array points-to:             20 (sens)
#reachable methods:           1775 (insens) / 3371 (sens)
#call graph edges:            3188 (insens) / 6070 (sens)
----------------------------------------
pta finishes, elapsed time: 0.33s
cg starts ...
Call graph has 1775 reachable methods and 3188 edges
Dumping call graph to /Users/yuntsy/My/Projects/Java/WebAnalyzer/output/call-graph.dot
Dumping reachable methods to /Users/yuntsy/My/Projects/Java/WebAnalyzer/output/reachable-methods.txt
Dumping call edges to /Users/yuntsy/My/Projects/Java/WebAnalyzer/output/call-edges.txt
cg finishes, elapsed time: 0.12s
Tai-e finishes, elapsed time: 5.00s
