Tai-e starts ...
Output directory: /Users/yuntsy/My/Projects/Java/WebAnalyzer/output
Writing options to /Users/yuntsy/My/Projects/Java/WebAnalyzer/output/options.yml
Writing log to /Users/yuntsy/My/Projects/Java/WebAnalyzer/output/tai-e.log
java.version: 17.0.11
java.version.date: 2024-04-16
java.runtime.version: 17.0.11+7-LTS-207
java.vendor: Oracle Corporation
java.vendor.version: null
os.name: Mac OS X
os.version: 26.2
os.arch: aarch64
Tai-e Version: 0.5.1
Manifest does not contain Tai-e commit information
Tai-e Commit: Unknown
Writing analysis plan to /Users/yuntsy/My/Projects/Java/WebAnalyzer/output/tai-e-plan.yml
WorldBuilder starts ...
Scanning /Users/yuntsy/My/Graduate/Data/final/mall/mall-admin/target/classes ... 157 classes
Scanning /Users/yuntsy/My/Graduate/Data/final/mall/mall-common/target/classes ... 17 classes
Scanning /Users/yuntsy/My/Graduate/Data/final/mall/mall-demo/target/classes ... 14 classes
Scanning /Users/yuntsy/My/Graduate/Data/final/mall/mall-mbg/target/classes ... 458 classes
Scanning /Users/yuntsy/My/Graduate/Data/final/mall/mall-security/target/classes ... 15 classes
Scanning /Users/yuntsy/.m2/repository/jakarta/servlet/jakarta.servlet-api/4.0.4/jakarta.servlet-api-4.0.4.jar ... 85 classes
Scanning /Users/yuntsy/.m2/repository/javax/servlet/javax.servlet-api/4.0.1/javax.servlet-api-4.0.1.jar ... 85 classes
Scanning /Users/yuntsy/.m2/repository/org/springframework/spring-web/6.2.1/spring-web-6.2.1.jar ... 1239 classes
Scanning /Users/yuntsy/.m2/repository/org/springframework/spring-aop/6.2.0/spring-aop-6.2.0.jar ... 289 classes
Scanning /Users/yuntsy/.m2/repository/org/springframework/spring-core/6.2.0/spring-core-6.2.0.jar ... 1181 classes
Scanning /Users/yuntsy/.m2/repository/org/springframework/spring-jdbc/6.2.0/spring-jdbc-6.2.0.jar ... 303 classes
Scanning /Users/yuntsy/.m2/repository/jakarta/servlet/jakarta.servlet-api/6.0.0/jakarta.servlet-api-6.0.0.jar ... 85 classes
Scanning /Users/yuntsy/.m2/repository/org/springframework/spring-context/6.2.0/spring-context-6.2.0.jar ... 861 classes
Scanning /Users/yuntsy/.m2/repository/org/mybatis/mybatis/3.4.6/mybatis-3.4.6.jar ... 949 classes
Scanning /Users/yuntsy/.m2/repository/org/apache/tomcat/tomcat-catalina/10.1.18/tomcat-catalina-10.1.18.jar ... 681 classes
Scanning /Users/yuntsy/.m2/repository/org/hibernate/orm/hibernate-core/6.4.4.Final/hibernate-core-6.4.4.Final.jar ... 6733 classes
Scanning /Users/yuntsy/.m2/repository/org/mybatis/mybatis/3.5.15/mybatis-3.5.15.jar ... 1083 classes
Scanning /Users/yuntsy/.m2/repository/org/apache/shiro/shiro-web/1.13.0/shiro-web-1.13.0.jar ... 109 classes
Scanning /Users/yuntsy/.m2/repository/org/apache/shiro/shiro-core/1.13.0/shiro-core-1.13.0.jar ... 367 classes
Scanning /Users/yuntsy/.m2/repository/org/quartz-scheduler/quartz/2.3.2/quartz-2.3.2.jar ... 353 classes
Warning: main class was not given!
28095 classes with 262856 methods in the world
WorldBuilder finishes, elapsed time: 23.48s
routerAnalysis starts ...
Router analysis started at: 2026-01-25 13:00:35
Router analysis completed at: 2026-01-25 13:00:35 (Duration: 13ms)
routerAnalysis finishes, elapsed time: 0.02s
beanAnalysis starts ...
beanAnalysis finishes, elapsed time: 0.04s
injectPointsAnalysis starts ...
injectPointsAnalysis finishes, elapsed time: 0.03s
aspectAnalysis starts ...
Starting AOP aspect analysis...
aspectAnalysis finishes, elapsed time: 0.00s
pta starts ...
Initializing global bean mock objects for beans...
Initialized 116 global bean objects.
>>> AOP Match Found! Method: [<com.macro.mall.controller.PmsProductController: com.macro.mall.common.api.CommonResult create(com.macro.mall.dto.PmsProductParam)>], Aspect: [com.macro.mall.common.log.WebLogAspect]
>>> AOP Match Found! Method: [<com.macro.mall.controller.PmsProductController: com.macro.mall.common.api.CommonResult getUpdateInfo(java.lang.Long)>], Aspect: [com.macro.mall.common.log.WebLogAspect]
>>> AOP Match Found! Method: [<com.macro.mall.controller.PmsProductController: com.macro.mall.common.api.CommonResult update(java.lang.Long,com.macro.mall.dto.PmsProductParam)>], Aspect: [com.macro.mall.common.log.WebLogAspect]
>>> AOP Match Found! Method: [<com.macro.mall.controller.PmsProductController: com.macro.mall.common.api.CommonResult getList(com.macro.mall.dto.PmsProductQueryParam,java.lang.Integer,java.lang.Integer)>], Aspect: [com.macro.mall.common.log.WebLogAspect]
>>> AOP Match Found! Method: [<com.macro.mall.controller.PmsProductController: com.macro.mall.common.api.CommonResult getList(java.lang.String)>], Aspect: [com.macro.mall.common.log.WebLogAspect]
>>> AOP Match Found! Method: [<com.macro.mall.controller.PmsProductController: com.macro.mall.common.api.CommonResult updateVerifyStatus(java.util.List,java.lang.Integer,java.lang.String)>], Aspect: [com.macro.mall.common.log.WebLogAspect]
>>> AOP Match Found! Method: [<com.macro.mall.controller.PmsProductController: com.macro.mall.common.api.CommonResult updatePublishStatus(java.util.List,java.lang.Integer)>], Aspect: [com.macro.mall.common.log.WebLogAspect]
>>> AOP Match Found! Method: [<com.macro.mall.controller.PmsProductController: com.macro.mall.common.api.CommonResult updateRecommendStatus(java.util.List,java.lang.Integer)>], Aspect: [com.macro.mall.common.log.WebLogAspect]
>>> AOP Match Found! Method: [<com.macro.mall.controller.PmsProductController: com.macro.mall.common.api.CommonResult updateNewStatus(java.util.List,java.lang.Integer)>], Aspect: [com.macro.mall.common.log.WebLogAspect]
>>> AOP Match Found! Method: [<com.macro.mall.controller.PmsProductController: com.macro.mall.common.api.CommonResult updateDeleteStatus(java.util.List,java.lang.Integer)>], Aspect: [com.macro.mall.common.log.WebLogAspect]
>>> AOP Match Found! Method: [<com.macro.mall.controller.OssController: com.macro.mall.common.api.CommonResult policy()>], Aspect: [com.macro.mall.common.log.WebLogAspect]
Added entry point (Empty): <com.macro.mall.controller.OssController: com.macro.mall.common.api.CommonResult policy()>
>>> AOP Match Found! Method: [<com.macro.mall.controller.SmsHomeRecommendSubjectController: com.macro.mall.common.api.CommonResult create(java.util.List)>], Aspect: [com.macro.mall.common.log.WebLogAspect]
>>> AOP Match Found! Method: [<com.macro.mall.controller.SmsHomeRecommendSubjectController: com.macro.mall.common.api.CommonResult updateSort(java.lang.Long,java.lang.Integer)>], Aspect: [com.macro.mall.common.log.WebLogAspect]
>>> AOP Match Found! Method: [<com.macro.mall.controller.SmsHomeRecommendSubjectController: com.macro.mall.common.api.CommonResult delete(java.util.List)>], Aspect: [com.macro.mall.common.log.WebLogAspect]
>>> AOP Match Found! Method: [<com.macro.mall.controller.SmsHomeRecommendSubjectController: com.macro.mall.common.api.CommonResult updateRecommendStatus(java.util.List,java.lang.Integer)>], Aspect: [com.macro.mall.common.log.WebLogAspect]
>>> AOP Match Found! Method: [<com.macro.mall.controller.SmsHomeRecommendSubjectController: com.macro.mall.common.api.CommonResult list(java.lang.String,java.lang.Integer,java.lang.Integer,java.lang.Integer)>], Aspect: [com.macro.mall.common.log.WebLogAspect]
>>> AOP Match Found! Method: [<com.macro.mall.controller.OmsOrderSettingController: com.macro.mall.common.api.CommonResult getItem(java.lang.Long)>], Aspect: [com.macro.mall.common.log.WebLogAspect]
>>> AOP Match Found! Method: [<com.macro.mall.controller.OmsOrderSettingController: com.macro.mall.common.api.CommonResult update(java.lang.Long,com.macro.mall.model.OmsOrderSetting)>], Aspect: [com.macro.mall.common.log.WebLogAspect]
>>> AOP Match Found! Method: [<com.macro.mall.controller.SmsFlashPromotionProductRelationController: com.macro.mall.common.api.CommonResult create(java.util.List)>], Aspect: [com.macro.mall.common.log.WebLogAspect]
>>> AOP Match Found! Method: [<com.macro.mall.controller.SmsFlashPromotionProductRelationController: com.macro.mall.common.api.CommonResult update(java.lang.Long,com.macro.mall.model.SmsFlashPromotionProductRelation)>], Aspect: [com.macro.mall.common.log.WebLogAspect]
>>> AOP Match Found! Method: [<com.macro.mall.controller.SmsFlashPromotionProductRelationController: com.macro.mall.common.api.CommonResult delete(java.lang.Long)>], Aspect: [com.macro.mall.common.log.WebLogAspect]
>>> AOP Match Found! Method: [<com.macro.mall.controller.SmsFlashPromotionProductRelationController: com.macro.mall.common.api.CommonResult getItem(java.lang.Long)>], Aspect: [com.macro.mall.common.log.WebLogAspect]
>>> AOP Match Found! Method: [<com.macro.mall.controller.SmsFlashPromotionProductRelationController: com.macro.mall.common.api.CommonResult list(java.lang.Long,java.lang.Long,java.lang.Integer,java.lang.Integer)>], Aspect: [com.macro.mall.common.log.WebLogAspect]
>>> AOP Match Found! Method: [<com.macro.mall.controller.UmsResourceCategoryController: com.macro.mall.common.api.CommonResult listAll()>], Aspect: [com.macro.mall.common.log.WebLogAspect]
Added entry point (Empty): <com.macro.mall.controller.UmsResourceCategoryController: com.macro.mall.common.api.CommonResult listAll()>
>>> AOP Match Found! Method: [<com.macro.mall.controller.UmsResourceCategoryController: com.macro.mall.common.api.CommonResult create(com.macro.mall.model.UmsResourceCategory)>], Aspect: [com.macro.mall.common.log.WebLogAspect]
>>> AOP Match Found! Method: [<com.macro.mall.controller.UmsResourceCategoryController: com.macro.mall.common.api.CommonResult update(java.lang.Long,com.macro.mall.model.UmsResourceCategory)>], Aspect: [com.macro.mall.common.log.WebLogAspect]
>>> AOP Match Found! Method: [<com.macro.mall.controller.UmsResourceCategoryController: com.macro.mall.common.api.CommonResult delete(java.lang.Long)>], Aspect: [com.macro.mall.common.log.WebLogAspect]
>>> AOP Match Found! Method: [<com.macro.mall.controller.OmsOrderReturnReasonController: com.macro.mall.common.api.CommonResult create(com.macro.mall.model.OmsOrderReturnReason)>], Aspect: [com.macro.mall.common.log.WebLogAspect]
>>> AOP Match Found! Method: [<com.macro.mall.controller.OmsOrderReturnReasonController: com.macro.mall.common.api.CommonResult update(java.lang.Long,com.macro.mall.model.OmsOrderReturnReason)>], Aspect: [com.macro.mall.common.log.WebLogAspect]
>>> AOP Match Found! Method: [<com.macro.mall.controller.OmsOrderReturnReasonController: com.macro.mall.common.api.CommonResult delete(java.util.List)>], Aspect: [com.macro.mall.common.log.WebLogAspect]
>>> AOP Match Found! Method: [<com.macro.mall.controller.OmsOrderReturnReasonController: com.macro.mall.common.api.CommonResult list(java.lang.Integer,java.lang.Integer)>], Aspect: [com.macro.mall.common.log.WebLogAspect]
>>> AOP Match Found! Method: [<com.macro.mall.controller.OmsOrderReturnReasonController: com.macro.mall.common.api.CommonResult getItem(java.lang.Long)>], Aspect: [com.macro.mall.common.log.WebLogAspect]
>>> AOP Match Found! Method: [<com.macro.mall.controller.OmsOrderReturnReasonController: com.macro.mall.common.api.CommonResult updateStatus(java.lang.Integer,java.util.List)>], Aspect: [com.macro.mall.common.log.WebLogAspect]
>>> AOP Match Found! Method: [<com.macro.mall.controller.UmsRoleController: com.macro.mall.common.api.CommonResult create(com.macro.mall.model.UmsRole)>], Aspect: [com.macro.mall.common.log.WebLogAspect]
>>> AOP Match Found! Method: [<com.macro.mall.controller.UmsRoleController: com.macro.mall.common.api.CommonResult update(java.lang.Long,com.macro.mall.model.UmsRole)>], Aspect: [com.macro.mall.common.log.WebLogAspect]
>>> AOP Match Found! Method: [<com.macro.mall.controller.UmsRoleController: com.macro.mall.common.api.CommonResult delete(java.util.List)>], Aspect: [com.macro.mall.common.log.WebLogAspect]
>>> AOP Match Found! Method: [<com.macro.mall.controller.UmsRoleController: com.macro.mall.common.api.CommonResult listAll()>], Aspect: [com.macro.mall.common.log.WebLogAspect]
Added entry point (Empty): <com.macro.mall.controller.UmsRoleController: com.macro.mall.common.api.CommonResult listAll()>
>>> AOP Match Found! Method: [<com.macro.mall.controller.UmsRoleController: com.macro.mall.common.api.CommonResult list(java.lang.String,java.lang.Integer,java.lang.Integer)>], Aspect: [com.macro.mall.common.log.WebLogAspect]
>>> AOP Match Found! Method: [<com.macro.mall.controller.UmsRoleController: com.macro.mall.common.api.CommonResult updateStatus(java.lang.Long,java.lang.Integer)>], Aspect: [com.macro.mall.common.log.WebLogAspect]
>>> AOP Match Found! Method: [<com.macro.mall.controller.UmsRoleController: com.macro.mall.common.api.CommonResult listMenu(java.lang.Long)>], Aspect: [com.macro.mall.common.log.WebLogAspect]
>>> AOP Match Found! Method: [<com.macro.mall.controller.UmsRoleController: com.macro.mall.common.api.CommonResult listResource(java.lang.Long)>], Aspect: [com.macro.mall.common.log.WebLogAspect]
>>> AOP Match Found! Method: [<com.macro.mall.controller.UmsRoleController: com.macro.mall.common.api.CommonResult allocMenu(java.lang.Long,java.util.List)>], Aspect: [com.macro.mall.common.log.WebLogAspect]
>>> AOP Match Found! Method: [<com.macro.mall.controller.UmsRoleController: com.macro.mall.common.api.CommonResult allocResource(java.lang.Long,java.util.List)>], Aspect: [com.macro.mall.common.log.WebLogAspect]
>>> AOP Match Found! Method: [<com.macro.mall.controller.CmsSubjectController: com.macro.mall.common.api.CommonResult listAll()>], Aspect: [com.macro.mall.common.log.WebLogAspect]
Added entry point (Empty): <com.macro.mall.controller.CmsSubjectController: com.macro.mall.common.api.CommonResult listAll()>
>>> AOP Match Found! Method: [<com.macro.mall.controller.CmsSubjectController: com.macro.mall.common.api.CommonResult getList(java.lang.String,java.lang.Integer,java.lang.Integer)>], Aspect: [com.macro.mall.common.log.WebLogAspect]
>>> AOP Match Found! Method: [<com.macro.mall.controller.OmsOrderReturnApplyController: com.macro.mall.common.api.CommonResult list(com.macro.mall.dto.OmsReturnApplyQueryParam,java.lang.Integer,java.lang.Integer)>], Aspect: [com.macro.mall.common.log.WebLogAspect]
>>> AOP Match Found! Method: [<com.macro.mall.controller.OmsOrderReturnApplyController: com.macro.mall.common.api.CommonResult delete(java.util.List)>], Aspect: [com.macro.mall.common.log.WebLogAspect]
>>> AOP Match Found! Method: [<com.macro.mall.controller.OmsOrderReturnApplyController: com.macro.mall.common.api.CommonResult getItem(java.lang.Long)>], Aspect: [com.macro.mall.common.log.WebLogAspect]
>>> AOP Match Found! Method: [<com.macro.mall.controller.OmsOrderReturnApplyController: com.macro.mall.common.api.CommonResult updateStatus(java.lang.Long,com.macro.mall.dto.OmsUpdateStatusParam)>], Aspect: [com.macro.mall.common.log.WebLogAspect]
>>> AOP Match Found! Method: [<com.macro.mall.controller.SmsCouponController: com.macro.mall.common.api.CommonResult add(com.macro.mall.dto.SmsCouponParam)>], Aspect: [com.macro.mall.common.log.WebLogAspect]
>>> AOP Match Found! Method: [<com.macro.mall.controller.SmsCouponController: com.macro.mall.common.api.CommonResult delete(java.lang.Long)>], Aspect: [com.macro.mall.common.log.WebLogAspect]
>>> AOP Match Found! Method: [<com.macro.mall.controller.SmsCouponController: com.macro.mall.common.api.CommonResult update(java.lang.Long,com.macro.mall.dto.SmsCouponParam)>], Aspect: [com.macro.mall.common.log.WebLogAspect]
>>> AOP Match Found! Method: [<com.macro.mall.controller.SmsCouponController: com.macro.mall.common.api.CommonResult list(java.lang.String,java.lang.Integer,java.lang.Integer,java.lang.Integer)>], Aspect: [com.macro.mall.common.log.WebLogAspect]
>>> AOP Match Found! Method: [<com.macro.mall.controller.SmsCouponController: com.macro.mall.common.api.CommonResult getItem(java.lang.Long)>], Aspect: [com.macro.mall.common.log.WebLogAspect]
>>> AOP Match Found! Method: [<com.macro.mall.controller.CmsPrefrenceAreaController: com.macro.mall.common.api.CommonResult listAll()>], Aspect: [com.macro.mall.common.log.WebLogAspect]
Added entry point (Empty): <com.macro.mall.controller.CmsPrefrenceAreaController: com.macro.mall.common.api.CommonResult listAll()>
>>> AOP Match Found! Method: [<com.macro.mall.controller.PmsSkuStockController: com.macro.mall.common.api.CommonResult getList(java.lang.Long,java.lang.String)>], Aspect: [com.macro.mall.common.log.WebLogAspect]
>>> AOP Match Found! Method: [<com.macro.mall.controller.PmsSkuStockController: com.macro.mall.common.api.CommonResult update(java.lang.Long,java.util.List)>], Aspect: [com.macro.mall.common.log.WebLogAspect]
>>> AOP Match Found! Method: [<com.macro.mall.controller.PmsProductCategoryController: com.macro.mall.common.api.CommonResult create(com.macro.mall.dto.PmsProductCategoryParam)>], Aspect: [com.macro.mall.common.log.WebLogAspect]
>>> AOP Match Found! Method: [<com.macro.mall.controller.PmsProductCategoryController: com.macro.mall.common.api.CommonResult update(java.lang.Long,com.macro.mall.dto.PmsProductCategoryParam)>], Aspect: [com.macro.mall.common.log.WebLogAspect]
>>> AOP Match Found! Method: [<com.macro.mall.controller.PmsProductCategoryController: com.macro.mall.common.api.CommonResult getList(java.lang.Long,java.lang.Integer,java.lang.Integer)>], Aspect: [com.macro.mall.common.log.WebLogAspect]
>>> AOP Match Found! Method: [<com.macro.mall.controller.PmsProductCategoryController: com.macro.mall.common.api.CommonResult getItem(java.lang.Long)>], Aspect: [com.macro.mall.common.log.WebLogAspect]
>>> AOP Match Found! Method: [<com.macro.mall.controller.PmsProductCategoryController: com.macro.mall.common.api.CommonResult delete(java.lang.Long)>], Aspect: [com.macro.mall.common.log.WebLogAspect]
>>> AOP Match Found! Method: [<com.macro.mall.controller.PmsProductCategoryController: com.macro.mall.common.api.CommonResult updateNavStatus(java.util.List,java.lang.Integer)>], Aspect: [com.macro.mall.common.log.WebLogAspect]
>>> AOP Match Found! Method: [<com.macro.mall.controller.PmsProductCategoryController: com.macro.mall.common.api.CommonResult updateShowStatus(java.util.List,java.lang.Integer)>], Aspect: [com.macro.mall.common.log.WebLogAspect]
>>> AOP Match Found! Method: [<com.macro.mall.controller.PmsProductCategoryController: com.macro.mall.common.api.CommonResult listWithChildren()>], Aspect: [com.macro.mall.common.log.WebLogAspect]
Added entry point (Empty): <com.macro.mall.controller.PmsProductCategoryController: com.macro.mall.common.api.CommonResult listWithChildren()>
>>> AOP Match Found! Method: [<com.macro.mall.controller.PmsProductAttributeController: com.macro.mall.common.api.CommonResult getList(java.lang.Long,java.lang.Integer,java.lang.Integer,java.lang.Integer)>], Aspect: [com.macro.mall.common.log.WebLogAspect]
>>> AOP Match Found! Method: [<com.macro.mall.controller.PmsProductAttributeController: com.macro.mall.common.api.CommonResult create(com.macro.mall.dto.PmsProductAttributeParam)>], Aspect: [com.macro.mall.common.log.WebLogAspect]
>>> AOP Match Found! Method: [<com.macro.mall.controller.PmsProductAttributeController: com.macro.mall.common.api.CommonResult update(java.lang.Long,com.macro.mall.dto.PmsProductAttributeParam)>], Aspect: [com.macro.mall.common.log.WebLogAspect]
>>> AOP Match Found! Method: [<com.macro.mall.controller.PmsProductAttributeController: com.macro.mall.common.api.CommonResult getItem(java.lang.Long)>], Aspect: [com.macro.mall.common.log.WebLogAspect]
>>> AOP Match Found! Method: [<com.macro.mall.controller.PmsProductAttributeController: com.macro.mall.common.api.CommonResult delete(java.util.List)>], Aspect: [com.macro.mall.common.log.WebLogAspect]
>>> AOP Match Found! Method: [<com.macro.mall.controller.PmsProductAttributeController: com.macro.mall.common.api.CommonResult getAttrInfo(java.lang.Long)>], Aspect: [com.macro.mall.common.log.WebLogAspect]
>>> AOP Match Found! Method: [<com.macro.mall.controller.UmsResourceController: com.macro.mall.common.api.CommonResult create(com.macro.mall.model.UmsResource)>], Aspect: [com.macro.mall.common.log.WebLogAspect]
>>> AOP Match Found! Method: [<com.macro.mall.controller.UmsResourceController: com.macro.mall.common.api.CommonResult update(java.lang.Long,com.macro.mall.model.UmsResource)>], Aspect: [com.macro.mall.common.log.WebLogAspect]
>>> AOP Match Found! Method: [<com.macro.mall.controller.UmsResourceController: com.macro.mall.common.api.CommonResult getItem(java.lang.Long)>], Aspect: [com.macro.mall.common.log.WebLogAspect]
>>> AOP Match Found! Method: [<com.macro.mall.controller.UmsResourceController: com.macro.mall.common.api.CommonResult delete(java.lang.Long)>], Aspect: [com.macro.mall.common.log.WebLogAspect]
>>> AOP Match Found! Method: [<com.macro.mall.controller.UmsResourceController: com.macro.mall.common.api.CommonResult list(java.lang.Long,java.lang.String,java.lang.String,java.lang.Integer,java.lang.Integer)>], Aspect: [com.macro.mall.common.log.WebLogAspect]
>>> AOP Match Found! Method: [<com.macro.mall.controller.UmsResourceController: com.macro.mall.common.api.CommonResult listAll()>], Aspect: [com.macro.mall.common.log.WebLogAspect]
Added entry point (Empty): <com.macro.mall.controller.UmsResourceController: com.macro.mall.common.api.CommonResult listAll()>
>>> AOP Match Found! Method: [<com.macro.mall.controller.SmsHomeAdvertiseController: com.macro.mall.common.api.CommonResult create(com.macro.mall.model.SmsHomeAdvertise)>], Aspect: [com.macro.mall.common.log.WebLogAspect]
>>> AOP Match Found! Method: [<com.macro.mall.controller.SmsHomeAdvertiseController: com.macro.mall.common.api.CommonResult delete(java.util.List)>], Aspect: [com.macro.mall.common.log.WebLogAspect]
>>> AOP Match Found! Method: [<com.macro.mall.controller.SmsHomeAdvertiseController: com.macro.mall.common.api.CommonResult updateStatus(java.lang.Long,java.lang.Integer)>], Aspect: [com.macro.mall.common.log.WebLogAspect]
>>> AOP Match Found! Method: [<com.macro.mall.controller.SmsHomeAdvertiseController: com.macro.mall.common.api.CommonResult getItem(java.lang.Long)>], Aspect: [com.macro.mall.common.log.WebLogAspect]
>>> AOP Match Found! Method: [<com.macro.mall.controller.SmsHomeAdvertiseController: com.macro.mall.common.api.CommonResult update(java.lang.Long,com.macro.mall.model.SmsHomeAdvertise)>], Aspect: [com.macro.mall.common.log.WebLogAspect]
>>> AOP Match Found! Method: [<com.macro.mall.controller.SmsHomeAdvertiseController: com.macro.mall.common.api.CommonResult list(java.lang.String,java.lang.Integer,java.lang.String,java.lang.Integer,java.lang.Integer)>], Aspect: [com.macro.mall.common.log.WebLogAspect]
>>> AOP Match Found! Method: [<com.macro.mall.controller.SmsFlashPromotionSessionController: com.macro.mall.common.api.CommonResult create(com.macro.mall.model.SmsFlashPromotionSession)>], Aspect: [com.macro.mall.common.log.WebLogAspect]
>>> AOP Match Found! Method: [<com.macro.mall.controller.SmsFlashPromotionSessionController: com.macro.mall.common.api.CommonResult update(java.lang.Long,com.macro.mall.model.SmsFlashPromotionSession)>], Aspect: [com.macro.mall.common.log.WebLogAspect]
>>> AOP Match Found! Method: [<com.macro.mall.controller.SmsFlashPromotionSessionController: com.macro.mall.common.api.CommonResult updateStatus(java.lang.Long,java.lang.Integer)>], Aspect: [com.macro.mall.common.log.WebLogAspect]
>>> AOP Match Found! Method: [<com.macro.mall.controller.SmsFlashPromotionSessionController: com.macro.mall.common.api.CommonResult delete(java.lang.Long)>], Aspect: [com.macro.mall.common.log.WebLogAspect]
>>> AOP Match Found! Method: [<com.macro.mall.controller.SmsFlashPromotionSessionController: com.macro.mall.common.api.CommonResult getItem(java.lang.Long)>], Aspect: [com.macro.mall.common.log.WebLogAspect]
>>> AOP Match Found! Method: [<com.macro.mall.controller.SmsFlashPromotionSessionController: com.macro.mall.common.api.CommonResult list()>], Aspect: [com.macro.mall.common.log.WebLogAspect]
Added entry point (Empty): <com.macro.mall.controller.SmsFlashPromotionSessionController: com.macro.mall.common.api.CommonResult list()>
>>> AOP Match Found! Method: [<com.macro.mall.controller.SmsFlashPromotionSessionController: com.macro.mall.common.api.CommonResult selectList(java.lang.Long)>], Aspect: [com.macro.mall.common.log.WebLogAspect]
>>> AOP Match Found! Method: [<com.macro.mall.controller.PmsBrandController: com.macro.mall.common.api.CommonResult getList()>], Aspect: [com.macro.mall.common.log.WebLogAspect]
Added entry point (Empty): <com.macro.mall.controller.PmsBrandController: com.macro.mall.common.api.CommonResult getList()>
>>> AOP Match Found! Method: [<com.macro.mall.controller.PmsBrandController: com.macro.mall.common.api.CommonResult create(com.macro.mall.dto.PmsBrandParam)>], Aspect: [com.macro.mall.common.log.WebLogAspect]
>>> AOP Match Found! Method: [<com.macro.mall.controller.PmsBrandController: com.macro.mall.common.api.CommonResult update(java.lang.Long,com.macro.mall.dto.PmsBrandParam)>], Aspect: [com.macro.mall.common.log.WebLogAspect]
>>> AOP Match Found! Method: [<com.macro.mall.controller.PmsBrandController: com.macro.mall.common.api.CommonResult delete(java.lang.Long)>], Aspect: [com.macro.mall.common.log.WebLogAspect]
>>> AOP Match Found! Method: [<com.macro.mall.controller.PmsBrandController: com.macro.mall.common.api.CommonResult getList(java.lang.String,java.lang.Integer,java.lang.Integer,java.lang.Integer)>], Aspect: [com.macro.mall.common.log.WebLogAspect]
>>> AOP Match Found! Method: [<com.macro.mall.controller.PmsBrandController: com.macro.mall.common.api.CommonResult getItem(java.lang.Long)>], Aspect: [com.macro.mall.common.log.WebLogAspect]
>>> AOP Match Found! Method: [<com.macro.mall.controller.PmsBrandController: com.macro.mall.common.api.CommonResult deleteBatch(java.util.List)>], Aspect: [com.macro.mall.common.log.WebLogAspect]
>>> AOP Match Found! Method: [<com.macro.mall.controller.PmsBrandController: com.macro.mall.common.api.CommonResult updateShowStatus(java.util.List,java.lang.Integer)>], Aspect: [com.macro.mall.common.log.WebLogAspect]
>>> AOP Match Found! Method: [<com.macro.mall.controller.PmsBrandController: com.macro.mall.common.api.CommonResult updateFactoryStatus(java.util.List,java.lang.Integer)>], Aspect: [com.macro.mall.common.log.WebLogAspect]
Concrete class not found for type: org.springframework.web.multipart.support.StandardMultipartFile
>>> AOP Match Found! Method: [<com.macro.mall.controller.MinioController: com.macro.mall.common.api.CommonResult delete(java.lang.String)>], Aspect: [com.macro.mall.common.log.WebLogAspect]
>>> AOP Match Found! Method: [<com.macro.mall.controller.UmsMemberLevelController: com.macro.mall.common.api.CommonResult list(java.lang.Integer)>], Aspect: [com.macro.mall.common.log.WebLogAspect]
>>> AOP Match Found! Method: [<com.macro.mall.controller.OmsOrderController: com.macro.mall.common.api.CommonResult list(com.macro.mall.dto.OmsOrderQueryParam,java.lang.Integer,java.lang.Integer)>], Aspect: [com.macro.mall.common.log.WebLogAspect]
>>> AOP Match Found! Method: [<com.macro.mall.controller.OmsOrderController: com.macro.mall.common.api.CommonResult delivery(java.util.List)>], Aspect: [com.macro.mall.common.log.WebLogAspect]
>>> AOP Match Found! Method: [<com.macro.mall.controller.OmsOrderController: com.macro.mall.common.api.CommonResult close(java.util.List,java.lang.String)>], Aspect: [com.macro.mall.common.log.WebLogAspect]
>>> AOP Match Found! Method: [<com.macro.mall.controller.OmsOrderController: com.macro.mall.common.api.CommonResult delete(java.util.List)>], Aspect: [com.macro.mall.common.log.WebLogAspect]
>>> AOP Match Found! Method: [<com.macro.mall.controller.OmsOrderController: com.macro.mall.common.api.CommonResult detail(java.lang.Long)>], Aspect: [com.macro.mall.common.log.WebLogAspect]
>>> AOP Match Found! Method: [<com.macro.mall.controller.OmsOrderController: com.macro.mall.common.api.CommonResult updateReceiverInfo(com.macro.mall.dto.OmsReceiverInfoParam)>], Aspect: [com.macro.mall.common.log.WebLogAspect]
>>> AOP Match Found! Method: [<com.macro.mall.controller.OmsOrderController: com.macro.mall.common.api.CommonResult updateReceiverInfo(com.macro.mall.dto.OmsMoneyInfoParam)>], Aspect: [com.macro.mall.common.log.WebLogAspect]
>>> AOP Match Found! Method: [<com.macro.mall.controller.OmsOrderController: com.macro.mall.common.api.CommonResult updateNote(java.lang.Long,java.lang.String,java.lang.Integer)>], Aspect: [com.macro.mall.common.log.WebLogAspect]
>>> AOP Match Found! Method: [<com.macro.mall.controller.SmsFlashPromotionController: com.macro.mall.common.api.CommonResult create(com.macro.mall.model.SmsFlashPromotion)>], Aspect: [com.macro.mall.common.log.WebLogAspect]
>>> AOP Match Found! Method: [<com.macro.mall.controller.SmsFlashPromotionController: com.macro.mall.common.api.CommonResult update(java.lang.Long,com.macro.mall.model.SmsFlashPromotion)>], Aspect: [com.macro.mall.common.log.WebLogAspect]
>>> AOP Match Found! Method: [<com.macro.mall.controller.SmsFlashPromotionController: com.macro.mall.common.api.CommonResult delete(java.lang.Long)>], Aspect: [com.macro.mall.common.log.WebLogAspect]
>>> AOP Match Found! Method: [<com.macro.mall.controller.SmsFlashPromotionController: com.macro.mall.common.api.CommonResult update(java.lang.Long,java.lang.Integer)>], Aspect: [com.macro.mall.common.log.WebLogAspect]
>>> AOP Match Found! Method: [<com.macro.mall.controller.SmsFlashPromotionController: com.macro.mall.common.api.CommonResult getItem(java.lang.Long)>], Aspect: [com.macro.mall.common.log.WebLogAspect]
>>> AOP Match Found! Method: [<com.macro.mall.controller.SmsFlashPromotionController: com.macro.mall.common.api.CommonResult getItem(java.lang.String,java.lang.Integer,java.lang.Integer)>], Aspect: [com.macro.mall.common.log.WebLogAspect]
>>> AOP Match Found! Method: [<com.macro.mall.controller.PmsProductAttributeCategoryController: com.macro.mall.common.api.CommonResult create(java.lang.String)>], Aspect: [com.macro.mall.common.log.WebLogAspect]
>>> AOP Match Found! Method: [<com.macro.mall.controller.PmsProductAttributeCategoryController: com.macro.mall.common.api.CommonResult update(java.lang.Long,java.lang.String)>], Aspect: [com.macro.mall.common.log.WebLogAspect]
>>> AOP Match Found! Method: [<com.macro.mall.controller.PmsProductAttributeCategoryController: com.macro.mall.common.api.CommonResult delete(java.lang.Long)>], Aspect: [com.macro.mall.common.log.WebLogAspect]
>>> AOP Match Found! Method: [<com.macro.mall.controller.PmsProductAttributeCategoryController: com.macro.mall.common.api.CommonResult getItem(java.lang.Long)>], Aspect: [com.macro.mall.common.log.WebLogAspect]
>>> AOP Match Found! Method: [<com.macro.mall.controller.PmsProductAttributeCategoryController: com.macro.mall.common.api.CommonResult getList(java.lang.Integer,java.lang.Integer)>], Aspect: [com.macro.mall.common.log.WebLogAspect]
>>> AOP Match Found! Method: [<com.macro.mall.controller.PmsProductAttributeCategoryController: com.macro.mall.common.api.CommonResult getListWithAttr()>], Aspect: [com.macro.mall.common.log.WebLogAspect]
Added entry point (Empty): <com.macro.mall.controller.PmsProductAttributeCategoryController: com.macro.mall.common.api.CommonResult getListWithAttr()>
>>> AOP Match Found! Method: [<com.macro.mall.controller.SmsHomeBrandController: com.macro.mall.common.api.CommonResult create(java.util.List)>], Aspect: [com.macro.mall.common.log.WebLogAspect]
>>> AOP Match Found! Method: [<com.macro.mall.controller.SmsHomeBrandController: com.macro.mall.common.api.CommonResult updateSort(java.lang.Long,java.lang.Integer)>], Aspect: [com.macro.mall.common.log.WebLogAspect]
>>> AOP Match Found! Method: [<com.macro.mall.controller.SmsHomeBrandController: com.macro.mall.common.api.CommonResult delete(java.util.List)>], Aspect: [com.macro.mall.common.log.WebLogAspect]
>>> AOP Match Found! Method: [<com.macro.mall.controller.SmsHomeBrandController: com.macro.mall.common.api.CommonResult updateRecommendStatus(java.util.List,java.lang.Integer)>], Aspect: [com.macro.mall.common.log.WebLogAspect]
>>> AOP Match Found! Method: [<com.macro.mall.controller.SmsHomeBrandController: com.macro.mall.common.api.CommonResult list(java.lang.String,java.lang.Integer,java.lang.Integer,java.lang.Integer)>], Aspect: [com.macro.mall.common.log.WebLogAspect]
>>> AOP Match Found! Method: [<com.macro.mall.controller.SmsHomeNewProductController: com.macro.mall.common.api.CommonResult create(java.util.List)>], Aspect: [com.macro.mall.common.log.WebLogAspect]
>>> AOP Match Found! Method: [<com.macro.mall.controller.SmsHomeNewProductController: com.macro.mall.common.api.CommonResult updateSort(java.lang.Long,java.lang.Integer)>], Aspect: [com.macro.mall.common.log.WebLogAspect]
>>> AOP Match Found! Method: [<com.macro.mall.controller.SmsHomeNewProductController: com.macro.mall.common.api.CommonResult delete(java.util.List)>], Aspect: [com.macro.mall.common.log.WebLogAspect]
>>> AOP Match Found! Method: [<com.macro.mall.controller.SmsHomeNewProductController: com.macro.mall.common.api.CommonResult updateRecommendStatus(java.util.List,java.lang.Integer)>], Aspect: [com.macro.mall.common.log.WebLogAspect]
>>> AOP Match Found! Method: [<com.macro.mall.controller.SmsHomeNewProductController: com.macro.mall.common.api.CommonResult list(java.lang.String,java.lang.Integer,java.lang.Integer,java.lang.Integer)>], Aspect: [com.macro.mall.common.log.WebLogAspect]
>>> AOP Match Found! Method: [<com.macro.mall.controller.OmsCompanyAddressController: com.macro.mall.common.api.CommonResult list()>], Aspect: [com.macro.mall.common.log.WebLogAspect]
Added entry point (Empty): <com.macro.mall.controller.OmsCompanyAddressController: com.macro.mall.common.api.CommonResult list()>
>>> AOP Match Found! Method: [<com.macro.mall.controller.SmsCouponHistoryController: com.macro.mall.common.api.CommonResult list(java.lang.Long,java.lang.Integer,java.lang.String,java.lang.Integer,java.lang.Integer)>], Aspect: [com.macro.mall.common.log.WebLogAspect]
>>> AOP Match Found! Method: [<com.macro.mall.controller.SmsHomeRecommendProductController: com.macro.mall.common.api.CommonResult create(java.util.List)>], Aspect: [com.macro.mall.common.log.WebLogAspect]
>>> AOP Match Found! Method: [<com.macro.mall.controller.SmsHomeRecommendProductController: com.macro.mall.common.api.CommonResult updateSort(java.lang.Long,java.lang.Integer)>], Aspect: [com.macro.mall.common.log.WebLogAspect]
>>> AOP Match Found! Method: [<com.macro.mall.controller.SmsHomeRecommendProductController: com.macro.mall.common.api.CommonResult delete(java.util.List)>], Aspect: [com.macro.mall.common.log.WebLogAspect]
>>> AOP Match Found! Method: [<com.macro.mall.controller.SmsHomeRecommendProductController: com.macro.mall.common.api.CommonResult updateRecommendStatus(java.util.List,java.lang.Integer)>], Aspect: [com.macro.mall.common.log.WebLogAspect]
>>> AOP Match Found! Method: [<com.macro.mall.controller.SmsHomeRecommendProductController: com.macro.mall.common.api.CommonResult list(java.lang.String,java.lang.Integer,java.lang.Integer,java.lang.Integer)>], Aspect: [com.macro.mall.common.log.WebLogAspect]
>>> AOP Match Found! Method: [<com.macro.mall.controller.UmsAdminController: com.macro.mall.common.api.CommonResult register(com.macro.mall.dto.UmsAdminParam)>], Aspect: [com.macro.mall.common.log.WebLogAspect]
>>> AOP Match Found! Method: [<com.macro.mall.controller.UmsAdminController: com.macro.mall.common.api.CommonResult login(com.macro.mall.dto.UmsAdminLoginParam)>], Aspect: [com.macro.mall.common.log.WebLogAspect]
>>> AOP Match Found! Method: [<com.macro.mall.controller.UmsAdminController: com.macro.mall.common.api.CommonResult getAdminInfo(java.security.Principal)>], Aspect: [com.macro.mall.common.log.WebLogAspect]
>>> AOP Match Found! Method: [<com.macro.mall.controller.UmsAdminController: com.macro.mall.common.api.CommonResult logout(java.security.Principal)>], Aspect: [com.macro.mall.common.log.WebLogAspect]
>>> AOP Match Found! Method: [<com.macro.mall.controller.UmsAdminController: com.macro.mall.common.api.CommonResult list(java.lang.String,java.lang.Integer,java.lang.Integer)>], Aspect: [com.macro.mall.common.log.WebLogAspect]
>>> AOP Match Found! Method: [<com.macro.mall.controller.UmsAdminController: com.macro.mall.common.api.CommonResult getItem(java.lang.Long)>], Aspect: [com.macro.mall.common.log.WebLogAspect]
>>> AOP Match Found! Method: [<com.macro.mall.controller.UmsAdminController: com.macro.mall.common.api.CommonResult update(java.lang.Long,com.macro.mall.model.UmsAdmin)>], Aspect: [com.macro.mall.common.log.WebLogAspect]
>>> AOP Match Found! Method: [<com.macro.mall.controller.UmsAdminController: com.macro.mall.common.api.CommonResult updatePassword(com.macro.mall.dto.UpdateAdminPasswordParam)>], Aspect: [com.macro.mall.common.log.WebLogAspect]
>>> AOP Match Found! Method: [<com.macro.mall.controller.UmsAdminController: com.macro.mall.common.api.CommonResult delete(java.lang.Long)>], Aspect: [com.macro.mall.common.log.WebLogAspect]
>>> AOP Match Found! Method: [<com.macro.mall.controller.UmsAdminController: com.macro.mall.common.api.CommonResult updateStatus(java.lang.Long,java.lang.Integer)>], Aspect: [com.macro.mall.common.log.WebLogAspect]
>>> AOP Match Found! Method: [<com.macro.mall.controller.UmsAdminController: com.macro.mall.common.api.CommonResult updateRole(java.lang.Long,java.util.List)>], Aspect: [com.macro.mall.common.log.WebLogAspect]
>>> AOP Match Found! Method: [<com.macro.mall.controller.UmsAdminController: com.macro.mall.common.api.CommonResult getRoleList(java.lang.Long)>], Aspect: [com.macro.mall.common.log.WebLogAspect]
>>> AOP Match Found! Method: [<com.macro.mall.controller.UmsMenuController: com.macro.mall.common.api.CommonResult create(com.macro.mall.model.UmsMenu)>], Aspect: [com.macro.mall.common.log.WebLogAspect]
>>> AOP Match Found! Method: [<com.macro.mall.controller.UmsMenuController: com.macro.mall.common.api.CommonResult update(java.lang.Long,com.macro.mall.model.UmsMenu)>], Aspect: [com.macro.mall.common.log.WebLogAspect]
>>> AOP Match Found! Method: [<com.macro.mall.controller.UmsMenuController: com.macro.mall.common.api.CommonResult getItem(java.lang.Long)>], Aspect: [com.macro.mall.common.log.WebLogAspect]
>>> AOP Match Found! Method: [<com.macro.mall.controller.UmsMenuController: com.macro.mall.common.api.CommonResult delete(java.lang.Long)>], Aspect: [com.macro.mall.common.log.WebLogAspect]
>>> AOP Match Found! Method: [<com.macro.mall.controller.UmsMenuController: com.macro.mall.common.api.CommonResult list(java.lang.Long,java.lang.Integer,java.lang.Integer)>], Aspect: [com.macro.mall.common.log.WebLogAspect]
>>> AOP Match Found! Method: [<com.macro.mall.controller.UmsMenuController: com.macro.mall.common.api.CommonResult treeList()>], Aspect: [com.macro.mall.common.log.WebLogAspect]
Added entry point (Empty): <com.macro.mall.controller.UmsMenuController: com.macro.mall.common.api.CommonResult treeList()>
>>> AOP Match Found! Method: [<com.macro.mall.controller.UmsMenuController: com.macro.mall.common.api.CommonResult updateHidden(java.lang.Long,java.lang.Integer)>], Aspect: [com.macro.mall.common.log.WebLogAspect]
>>> AOP Match Found! Method: [<com.macro.mall.demo.controller.RestTemplateDemoController: java.lang.Object getForEntity(java.lang.Long)>], Aspect: [com.macro.mall.common.log.WebLogAspect]
>>> AOP Match Found! Method: [<com.macro.mall.demo.controller.RestTemplateDemoController: java.lang.Object getForEntity2(java.lang.Long)>], Aspect: [com.macro.mall.common.log.WebLogAspect]
>>> AOP Match Found! Method: [<com.macro.mall.demo.controller.RestTemplateDemoController: java.lang.Object getForEntity3(java.lang.Long)>], Aspect: [com.macro.mall.common.log.WebLogAspect]
>>> AOP Match Found! Method: [<com.macro.mall.demo.controller.RestTemplateDemoController: java.lang.Object getForObject(java.lang.Long)>], Aspect: [com.macro.mall.common.log.WebLogAspect]
>>> AOP Match Found! Method: [<com.macro.mall.demo.controller.RestTemplateDemoController: java.lang.Object postForEntity(com.macro.mall.model.PmsBrand)>], Aspect: [com.macro.mall.common.log.WebLogAspect]
>>> AOP Match Found! Method: [<com.macro.mall.demo.controller.RestTemplateDemoController: java.lang.Object postForObject(com.macro.mall.model.PmsBrand)>], Aspect: [com.macro.mall.common.log.WebLogAspect]
>>> AOP Match Found! Method: [<com.macro.mall.demo.controller.RestTemplateDemoController: java.lang.Object postForEntity3(java.lang.String)>], Aspect: [com.macro.mall.common.log.WebLogAspect]
>>> AOP Match Found! Method: [<com.macro.mall.demo.controller.DemoController: com.macro.mall.common.api.CommonResult getBrandList()>], Aspect: [com.macro.mall.common.log.WebLogAspect]
Added entry point (Empty): <com.macro.mall.demo.controller.DemoController: com.macro.mall.common.api.CommonResult getBrandList()>
>>> AOP Match Found! Method: [<com.macro.mall.demo.controller.DemoController: void <clinit>()>], Aspect: [com.macro.mall.common.log.WebLogAspect]
>>> AOP Match Found! Method: [<com.macro.mall.demo.controller.DemoController: com.macro.mall.common.api.CommonResult createBrand(com.macro.mall.demo.dto.PmsBrandDto)>], Aspect: [com.macro.mall.common.log.WebLogAspect]
>>> AOP Match Found! Method: [<com.macro.mall.demo.controller.DemoController: com.macro.mall.common.api.CommonResult updateBrand(java.lang.Long,com.macro.mall.demo.dto.PmsBrandDto)>], Aspect: [com.macro.mall.common.log.WebLogAspect]
>>> AOP Match Found! Method: [<com.macro.mall.demo.controller.DemoController: com.macro.mall.common.api.CommonResult deleteBrand(java.lang.Long)>], Aspect: [com.macro.mall.common.log.WebLogAspect]
>>> AOP Match Found! Method: [<com.macro.mall.demo.controller.DemoController: com.macro.mall.common.api.CommonResult listBrand(java.lang.Integer,java.lang.Integer)>], Aspect: [com.macro.mall.common.log.WebLogAspect]
>>> AOP Match Found! Method: [<com.macro.mall.demo.controller.DemoController: com.macro.mall.common.api.CommonResult brand(java.lang.Long)>], Aspect: [com.macro.mall.common.log.WebLogAspect]
Initializing global aspect mock objects...
No implementation found for interface: com.macro.mall.common.service.RedisService
No bean found for concrete class: com.macro.mall.common.service.RedisService
No bean found for concrete class: com.macro.mall.common.service.RedisService
[Pointer analysis] elapsed time: 0.28s
-------------- Pointer analysis statistics: --------------
#var pointers:                9600 (insens) / 2,4050 (sens)
#objects:                     2852 (insens) / 3476 (sens)
#var points-to:               1,1229 (insens) / 2,1319 (sens)
#static field points-to:      388 (sens)
#instance field points-to:    2336 (sens)
#array points-to:             278 (sens)
#reachable methods:           2251 (insens) / 7679 (sens)
#call graph edges:            4903 (insens) / 1,3365 (sens)
----------------------------------------
pta finishes, elapsed time: 0.57s
cg starts ...
Call graph has 2251 reachable methods and 4903 edges
Dumping call graph to /Users/yuntsy/My/Projects/Java/WebAnalyzer/output/call-graph.dot
Dumping reachable methods to /Users/yuntsy/My/Projects/Java/WebAnalyzer/output/reachable-methods.txt
Dumping call edges to /Users/yuntsy/My/Projects/Java/WebAnalyzer/output/call-edges.txt
cg finishes, elapsed time: 0.16s
Tai-e finishes, elapsed time: 24.38s
