Writing log to /Users/yuntsy/My/Projects/Java/WebAnalyzer/output/tai-e.log
java.version: 17.0.11
java.version.date: 2024-04-16
java.runtime.version: 17.0.11+7-LTS-207
java.vendor: Oracle Corporation
java.vendor.version: null
os.name: Mac OS X
os.version: 26.3
os.arch: aarch64
Tai-e Version: 0.5.1
Manifest does not contain Tai-e commit information
Tai-e Commit: Unknown
Writing analysis plan to /Users/yuntsy/My/Projects/Java/WebAnalyzer/output/tai-e-plan.yml
WorldBuilder starts ...
Warning: main class was not given!
38225 classes with 377897 methods in the world
WorldBuilder finishes, elapsed time: 42.50s
routerAnalysis starts ...
Router analysis started at: 2026-03-03 14:16:08
Router analysis completed at: 2026-03-03 14:16:08 (Duration: 17ms)
routerAnalysis finishes, elapsed time: 0.02s
beanAnalysis starts ...
beanAnalysis finishes, elapsed time: 0.06s
injectPointsAnalysis starts ...
injectPointsAnalysis finishes, elapsed time: 0.08s
aspectAnalysis starts ...
Starting AOP aspect analysis...
aspectAnalysis finishes, elapsed time: 0.00s
resultAnalysis starts ...
============================================================
                 Spring Analysis Result Summary             
============================================================
Router Methods (Endpoints)     : 146
Spring Beans                   : 262
Aspect Methods (Advice)        : 0
============================================================
resultAnalysis finishes, elapsed time: 0.00s
srfaAnalysis starts ...
SRFA Analysis started at: 2026-03-03 14:16:08
Loaded 28 controller classes from RouterAnalysis
Discovering mapper paths from 7 appClassPath entries
Auto-discovered 0 mapper path(s)
No MyBatis mapper paths found. Sink config will be empty.
Parsed 0 MyBatis mapper files
Parsed 0 MyBatis mapper files
Collected 0 write field names from INSERT/UPDATE operations
Extracted 162 source metadata entries (before filtering)
Resolving 0 mapper namespaces...
Extracted 0 sink metadata entries (deduplicated, before risk filtering)
Sources: 133 generated, 29 filtered, 0 deduplicated
Sinks: 0 generated (risky), 0 filtered (safe), 0 deduplicated
  Note: 'risky' means uses string concatenation ($), 'safe' means uses prepared statement (#)
Written taint config to: output/taint-config-generated.yml
  Sources: 133 (SRFA param) + framework call sources
  Sinks: 0 (SRFA) + common predefined sinks
  Transfers: standard set included
SRFA Analysis completed at: 2026-03-03 14:16:08 (Duration: 18ms)
srfaAnalysis finishes, elapsed time: 0.02s
pta starts ...
Loading taint config from /Users/yuntsy/My/Projects/Java/WebAnalyzer/output/taint-config-generated.yml
Cannot find source method '<org.apache.shiro.SecurityUtils: org.apache.shiro.subject.Subject getSubject()>'
Cannot find source method '<org.apache.shiro.subject.Subject: java.lang.Object getPrincipal()>'
Cannot find source method '<org.apache.shiro.subject.Subject: org.apache.shiro.subject.PrincipalCollection getPrincipals()>'
Cannot find source method '<org.apache.shiro.subject.PrincipalCollection: java.lang.Object getPrimaryPrincipal()>'
Cannot find source method '<org.springframework.security.core.Authentication: java.lang.String getName()>'
Cannot find source method '<javax.servlet.http.HttpServletRequest: java.lang.String getParameter(java.lang.String)>'
Cannot find source method '<javax.servlet.http.HttpServletRequest: java.lang.Object getAttribute(java.lang.String)>'
Cannot find source method '<java.lang.InheritableThreadLocal: java.lang.Object get()>'
Cannot find sink method '<javax.persistence.EntityManager: javax.persistence.Query createQuery(java.lang.String)>'
Cannot find sink method '<javax.persistence.EntityManager: javax.persistence.Query createNativeQuery(java.lang.String)>'
Cannot find sink method '<javax.persistence.EntityManager: javax.persistence.Query createNativeQuery(java.lang.String,java.lang.Class)>'
Cannot find sink method '<org.hibernate.Session: org.hibernate.Query createQuery(java.lang.String)>'
Cannot find sink method '<org.hibernate.Session: org.hibernate.SQLQuery createSQLQuery(java.lang.String)>'
Cannot find sink method '<javax.servlet.ServletOutputStream: void write(byte[])>'
Cannot find sink method '<javax.servlet.jsp.JspWriter: void print(java.lang.String)>'
Cannot find sink method '<javax.servlet.jsp.JspWriter: void println(java.lang.String)>'
Cannot find sink method '<javax.servlet.jsp.JspWriter: void write(java.lang.String)>'
Cannot find sink method '<org.springframework.web.client.RestTemplate: java.lang.Object getForObject(java.lang.String,java.lang.Class)>'
Cannot find sink method '<org.springframework.web.client.RestTemplate: org.springframework.http.ResponseEntity getForEntity(java.lang.String,java.lang.Class)>'
Cannot find sink method '<org.springframework.web.client.RestTemplate: java.lang.Object postForObject(java.lang.String,java.lang.Object,java.lang.Class)>'
Cannot find sink method '<org.springframework.web.client.RestTemplate: org.springframework.http.ResponseEntity exchange(java.lang.String,org.springframework.http.HttpMethod,org.springframework.http.HttpEntity,java.lang.Class)>'
Cannot find sink method '<org.springframework.ldap.core.LdapTemplate: java.util.List search(java.lang.String,java.lang.String,javax.naming.directory.SearchControls,org.springframework.ldap.core.AttributesMapper)>'
Cannot find sink method '<org.springframework.expression.spel.standard.SpelExpressionParser: org.springframework.expression.Expression parseExpression(java.lang.String)>'
Cannot find sink method '<ognl.Ognl: java.lang.Object parseExpression(java.lang.String)>'
Cannot find sink method '<ognl.Ognl: java.lang.Object getValue(java.lang.String,java.lang.Object)>'
Cannot find sink method '<org.mvel2.MVEL: java.lang.Object eval(java.lang.String)>'
Cannot find sink method '<org.mvel2.MVEL: java.lang.Object eval(java.lang.String,java.lang.Object)>'
Cannot find sink method '<org.apache.commons.jexl3.JexlEngine: org.apache.commons.jexl3.JexlExpression createExpression(java.lang.String)>'
Cannot find sink method '<org.apache.commons.jexl3.JexlEngine: org.apache.commons.jexl3.JexlScript createScript(java.lang.String)>'
Cannot find sink method '<freemarker.template.Template: void <init>(java.lang.String,java.io.Reader)>'
Cannot find sink method '<org.apache.velocity.app.VelocityEngine: boolean evaluate(org.apache.velocity.context.Context,java.io.Writer,java.lang.String,java.lang.String)>'
Cannot find sink method '<com.alibaba.fastjson.JSON: java.lang.Object parse(java.lang.String)>'
Cannot find sink method '<com.alibaba.fastjson.JSON: java.lang.Object parseObject(java.lang.String)>'
Cannot find sink method '<com.alibaba.fastjson.JSON: java.lang.Object parseObject(java.lang.String,java.lang.Class)>'
Cannot find sink method '<org.yaml.snakeyaml.Yaml: java.lang.Object load(java.lang.String)>'
Cannot find sink method '<org.yaml.snakeyaml.Yaml: java.lang.Object load(java.io.InputStream)>'
Cannot find sink method '<javax.servlet.http.HttpServletRequest: javax.servlet.RequestDispatcher getRequestDispatcher(java.lang.String)>'
Cannot find taint-transfer method '<java.util.LinkedHashMap: java.lang.Object put(java.lang.Object,java.lang.Object)>'
Cannot find taint-transfer method '<javax.servlet.http.HttpServletRequest: java.lang.String getParameter(java.lang.String)>'
Cannot find taint-transfer method '<javax.servlet.http.HttpServletRequest: java.lang.String[] getParameterValues(java.lang.String)>'
Cannot find taint-transfer method '<javax.servlet.http.HttpServletRequest: java.lang.String getRemoteAddr()>'
Cannot find taint-transfer method '<javax.servlet.http.HttpServletRequest: java.lang.Object getAttribute(java.lang.String)>'
Cannot find taint-transfer method '<org.apache.shiro.subject.Subject: java.lang.Object getPrincipal()>'
Cannot find taint-transfer method '<org.apache.shiro.subject.Subject: org.apache.shiro.subject.PrincipalCollection getPrincipals()>'
Cannot find taint-transfer method '<org.apache.shiro.subject.PrincipalCollection: java.lang.Object getPrimaryPrincipal()>'
Cannot find taint-transfer method '<org.apache.shiro.subject.PrincipalCollection: java.util.Collection fromRealm(java.lang.String)>'
Cannot find taint-transfer method '<org.springframework.security.core.Authentication: java.lang.String getName()>'
Cannot find taint-transfer method '<java.lang.InheritableThreadLocal: java.lang.Object get()>'
TaintConfig:
sources:
  - { kind: "param", method: "<com.youlai.admin.controller.SysDeptController: com.youlai.common.result.Result getDeptDetail(java.lang.Long)>", index: "0", type: "java.lang.Long" }
  - { kind: "param", method: "<com.youlai.admin.controller.SysDeptController: com.youlai.common.result.Result addDept(com.youlai.admin.pojo.entity.SysDept)>", index: "0", type: "com.youlai.admin.pojo.entity.SysDept" }
  - { kind: "param", method: "<com.youlai.admin.controller.SysDeptController: com.youlai.common.result.Result updateDept(java.lang.Long,com.youlai.admin.pojo.entity.SysDept)>", index: "0", type: "java.lang.Long" }
  - { kind: "param", method: "<com.youlai.admin.controller.SysDeptController: com.youlai.common.result.Result updateDept(java.lang.Long,com.youlai.admin.pojo.entity.SysDept)>", index: "1", type: "com.youlai.admin.pojo.entity.SysDept" }
  - { kind: "param", method: "<com.youlai.admin.controller.SysDeptController: com.youlai.common.result.Result deleteDepartments(java.lang.String)>", index: "0", type: "java.lang.String" }
  - { kind: "param", method: "<com.youlai.admin.controller.SysDictItemController: com.youlai.common.result.Result getDictItemFormData(java.lang.Long)>", index: "0", type: "java.lang.Long" }
  - { kind: "param", method: "<com.youlai.admin.controller.SysDictItemController: com.youlai.common.result.Result saveDictItem(com.youlai.admin.pojo.form.DictItemForm)>", index: "0", type: "com.youlai.admin.pojo.form.DictItemForm" }
  - { kind: "param", method: "<com.youlai.admin.controller.SysDictItemController: com.youlai.common.result.Result updateDictItem(java.lang.Long,com.youlai.admin.pojo.form.DictItemForm)>", index: "0", type: "java.lang.Long" }
  - { kind: "param", method: "<com.youlai.admin.controller.SysDictItemController: com.youlai.common.result.Result updateDictItem(java.lang.Long,com.youlai.admin.pojo.form.DictItemForm)>", index: "1", type: "com.youlai.admin.pojo.form.DictItemForm" }
  - { kind: "param", method: "<com.youlai.admin.controller.SysDictItemController: com.youlai.common.result.Result deleteDictItems(java.lang.String)>", index: "0", type: "java.lang.String" }
  - { kind: "param", method: "<com.youlai.admin.controller.SysDictItemController: com.youlai.common.result.Result getDictItemsByTypeCode(java.lang.String)>", index: "0", type: "java.lang.String" }
  - { kind: "param", method: "<com.youlai.admin.controller.SysDictTypeController: com.youlai.common.result.Result getDictTypeFormData(java.lang.Long)>", index: "0", type: "java.lang.Long" }
  - { kind: "param", method: "<com.youlai.admin.controller.SysDictTypeController: com.youlai.common.result.Result saveDictType(com.youlai.admin.pojo.form.DictTypeForm)>", index: "0", type: "com.youlai.admin.pojo.form.DictTypeForm" }
  - { kind: "param", method: "<com.youlai.admin.controller.SysDictTypeController: com.youlai.common.result.Result updateDict(java.lang.Long,com.youlai.admin.pojo.form.DictTypeForm)>", index: "0", type: "java.lang.Long" }
  - { kind: "param", method: "<com.youlai.admin.controller.SysDictTypeController: com.youlai.common.result.Result updateDict(java.lang.Long,com.youlai.admin.pojo.form.DictTypeForm)>", index: "1", type: "com.youlai.admin.pojo.form.DictTypeForm" }
  - { kind: "param", method: "<com.youlai.admin.controller.SysDictTypeController: com.youlai.common.result.Result deleteDictTypes(java.lang.String)>", index: "0", type: "java.lang.String" }
  - { kind: "param", method: "<com.youlai.admin.controller.SysMenuController: com.youlai.common.result.Result detail(java.lang.Long)>", index: "0", type: "java.lang.Long" }
  - { kind: "param", method: "<com.youlai.admin.controller.SysMenuController: com.youlai.common.result.Result addMenu(com.youlai.admin.pojo.entity.SysMenu)>", index: "0", type: "com.youlai.admin.pojo.entity.SysMenu" }
  - { kind: "param", method: "<com.youlai.admin.controller.SysMenuController: com.youlai.common.result.Result updateMenu(com.youlai.admin.pojo.entity.SysMenu)>", index: "0", type: "com.youlai.admin.pojo.entity.SysMenu" }
  - { kind: "param", method: "<com.youlai.admin.controller.SysMenuController: com.youlai.common.result.Result deleteMenus(java.lang.String)>", index: "0", type: "java.lang.String" }
  - { kind: "param", method: "<com.youlai.admin.controller.SysMenuController: com.youlai.common.result.Result updateMenuVisible(java.lang.Long,java.lang.Integer)>", index: "0", type: "java.lang.Long" }
  - { kind: "param", method: "<com.youlai.admin.controller.SysOauthClientController: com.youlai.common.result.Result detail(java.lang.String)>", index: "0", type: "java.lang.String" }
  - { kind: "param", method: "<com.youlai.admin.controller.SysOauthClientController: com.youlai.common.result.Result add(com.youlai.admin.pojo.entity.SysOauthClient)>", index: "0", type: "com.youlai.admin.pojo.entity.SysOauthClient" }
  - { kind: "param", method: "<com.youlai.admin.controller.SysOauthClientController: com.youlai.common.result.Result update(java.lang.String,com.youlai.admin.pojo.entity.SysOauthClient)>", index: "0", type: "java.lang.String" }
  - { kind: "param", method: "<com.youlai.admin.controller.SysOauthClientController: com.youlai.common.result.Result update(java.lang.String,com.youlai.admin.pojo.entity.SysOauthClient)>", index: "1", type: "com.youlai.admin.pojo.entity.SysOauthClient" }
  - { kind: "param", method: "<com.youlai.admin.controller.SysOauthClientController: com.youlai.common.result.Result delete(java.lang.String)>", index: "0", type: "java.lang.String" }
  - { kind: "param", method: "<com.youlai.admin.controller.SysOauthClientController: com.youlai.common.result.Result getOAuth2ClientById(java.lang.String)>", index: "0", type: "java.lang.String" }
  - { kind: "param", method: "<com.youlai.admin.controller.SysPermissionController: com.youlai.common.result.Result listPermissions(java.lang.Long)>", index: "0", type: "java.lang.Long" }
  - { kind: "param", method: "<com.youlai.admin.controller.SysPermissionController: com.youlai.common.result.Result getPermissionDetail(java.lang.Long)>", index: "0", type: "java.lang.Long" }
  - { kind: "param", method: "<com.youlai.admin.controller.SysPermissionController: com.youlai.common.result.Result addPerm(com.youlai.admin.pojo.entity.SysPermission)>", index: "0", type: "com.youlai.admin.pojo.entity.SysPermission" }
  - { kind: "param", method: "<com.youlai.admin.controller.SysPermissionController: com.youlai.common.result.Result updatePerm(java.lang.Long,com.youlai.admin.pojo.entity.SysPermission)>", index: "0", type: "java.lang.Long" }
  - { kind: "param", method: "<com.youlai.admin.controller.SysPermissionController: com.youlai.common.result.Result updatePerm(java.lang.Long,com.youlai.admin.pojo.entity.SysPermission)>", index: "1", type: "com.youlai.admin.pojo.entity.SysPermission" }
  - { kind: "param", method: "<com.youlai.admin.controller.SysPermissionController: com.youlai.common.result.Result deletePermissions(java.lang.String)>", index: "0", type: "java.lang.String" }
  - { kind: "param", method: "<com.youlai.admin.controller.SysRoleController: com.youlai.common.result.Result getRoleDetail(java.lang.Long)>", index: "0", type: "java.lang.Long" }
  - { kind: "param", method: "<com.youlai.admin.controller.SysRoleController: com.youlai.common.result.Result addRole(com.youlai.admin.pojo.form.RoleForm)>", index: "0", type: "com.youlai.admin.pojo.form.RoleForm" }
  - { kind: "param", method: "<com.youlai.admin.controller.SysRoleController: com.youlai.common.result.Result updateRole(com.youlai.admin.pojo.form.RoleForm)>", index: "0", type: "com.youlai.admin.pojo.form.RoleForm" }
  - { kind: "param", method: "<com.youlai.admin.controller.SysRoleController: com.youlai.common.result.Result deleteRoles(java.lang.String)>", index: "0", type: "java.lang.String" }
  - { kind: "param", method: "<com.youlai.admin.controller.SysRoleController: com.youlai.common.result.Result updateRoleStatus(java.lang.Long,java.lang.Integer)>", index: "0", type: "java.lang.Long" }
  - { kind: "param", method: "<com.youlai.admin.controller.SysRoleController: com.youlai.common.result.Result updateRoleStatus(java.lang.Long,java.lang.Integer)>", index: "1", type: "java.lang.Integer" }
  - { kind: "param", method: "<com.youlai.admin.controller.SysRoleController: com.youlai.common.result.Result getRoleResources(java.lang.Long)>", index: "0", type: "java.lang.Long" }
  - { kind: "param", method: "<com.youlai.admin.controller.SysRoleController: com.youlai.common.result.Result updateRoleResource(java.lang.Long,com.youlai.admin.pojo.form.RoleResourceForm)>", index: "0", type: "java.lang.Long" }
  - { kind: "param", method: "<com.youlai.admin.controller.SysRoleController: com.youlai.common.result.Result updateRoleResource(java.lang.Long,com.youlai.admin.pojo.form.RoleResourceForm)>", index: "1", type: "com.youlai.admin.pojo.form.RoleResourceForm" }
  - { kind: "param", method: "<com.youlai.admin.controller.SysUserController: com.youlai.common.result.Result getUserFormData(java.lang.Long)>", index: "0", type: "java.lang.Long" }
  - { kind: "param", method: "<com.youlai.admin.controller.SysUserController: com.youlai.common.result.Result saveUser(com.youlai.admin.pojo.form.UserForm)>", index: "0", type: "com.youlai.admin.pojo.form.UserForm" }
  - { kind: "param", method: "<com.youlai.admin.controller.SysUserController: com.youlai.common.result.Result updateUser(java.lang.Long,com.youlai.admin.pojo.form.UserForm)>", index: "0", type: "java.lang.Long" }
  - { kind: "param", method: "<com.youlai.admin.controller.SysUserController: com.youlai.common.result.Result updateUser(java.lang.Long,com.youlai.admin.pojo.form.UserForm)>", index: "1", type: "com.youlai.admin.pojo.form.UserForm" }
  - { kind: "param", method: "<com.youlai.admin.controller.SysUserController: com.youlai.common.result.Result deleteUsers(java.lang.String)>", index: "0", type: "java.lang.String" }
  - { kind: "param", method: "<com.youlai.admin.controller.SysUserController: com.youlai.common.result.Result updateUserPassword(java.lang.Long,java.lang.String)>", index: "0", type: "java.lang.Long" }
  - { kind: "param", method: "<com.youlai.admin.controller.SysUserController: com.youlai.common.result.Result updateUserPassword(java.lang.Long,java.lang.String)>", index: "1", type: "java.lang.String" }
  - { kind: "param", method: "<com.youlai.admin.controller.SysUserController: com.youlai.common.result.Result updateUserPassword(java.lang.Long,java.lang.Integer)>", index: "0", type: "java.lang.Long" }
  - { kind: "param", method: "<com.youlai.admin.controller.SysUserController: com.youlai.common.result.Result updateUserPassword(java.lang.Long,java.lang.Integer)>", index: "1", type: "java.lang.Integer" }
  - { kind: "param", method: "<com.youlai.admin.controller.SysUserController: com.youlai.common.result.Result getAuthInfoByUsername(java.lang.String)>", index: "0", type: "java.lang.String" }
  - { kind: "param", method: "<com.youlai.mall.oms.controller.admin.OmsOrderController: com.youlai.common.result.Result getOrderDetail(java.lang.Long)>", index: "0", type: "java.lang.Long" }
  - { kind: "param", method: "<com.youlai.mall.oms.controller.admin.OmsOrderController: com.youlai.common.result.Result updateOrderStatus(java.lang.Long,java.lang.Integer,java.lang.Boolean)>", index: "0", type: "java.lang.Long" }
  - { kind: "param", method: "<com.youlai.mall.oms.controller.admin.OmsOrderController: com.youlai.common.result.Result updateOrderStatus(java.lang.Long,java.lang.Integer,java.lang.Boolean)>", index: "1", type: "java.lang.Integer" }
  - { kind: "param", method: "<com.youlai.mall.oms.controller.admin.OmsOrderController: com.youlai.common.result.Result updateOrderStatus(java.lang.Long,java.lang.Integer,java.lang.Boolean)>", index: "2", type: "java.lang.Boolean" }
  - { kind: "param", method: "<com.youlai.mall.oms.controller.admin.OmsOrderController: com.youlai.common.result.Result getOrderInfo(java.lang.Long)>", index: "0", type: "java.lang.Long" }
  - { kind: "param", method: "<com.youlai.mall.oms.controller.app.CartController: com.youlai.common.result.Result addCartItem(java.lang.Long)>", index: "0", type: "java.lang.Long" }
  - { kind: "param", method: "<com.youlai.mall.oms.controller.app.CartController: com.youlai.common.result.Result updateCartItem(java.lang.Long,com.youlai.mall.oms.pojo.dto.CartItemDTO)>", index: "0", type: "java.lang.Long" }
  - { kind: "param", method: "<com.youlai.mall.oms.controller.app.CartController: com.youlai.common.result.Result updateCartItem(java.lang.Long,com.youlai.mall.oms.pojo.dto.CartItemDTO)>", index: "1", type: "com.youlai.mall.oms.pojo.dto.CartItemDTO" }
  - { kind: "param", method: "<com.youlai.mall.oms.controller.app.CartController: com.youlai.common.result.Result removeCartItem(java.lang.Long)>", index: "0", type: "java.lang.Long" }
  - { kind: "param", method: "<com.youlai.mall.oms.controller.app.OrderController: com.youlai.common.result.Result confirmOrder(java.lang.Long)>", index: "0", type: "java.lang.Long" }
  - { kind: "param", method: "<com.youlai.mall.oms.controller.app.OrderController: com.youlai.common.result.Result submitOrder(com.youlai.mall.oms.pojo.form.OrderSubmitForm)>", index: "0", type: "com.youlai.mall.oms.pojo.form.OrderSubmitForm" }
  - { kind: "param", method: "<com.youlai.mall.oms.controller.app.OrderController: com.youlai.common.result.Result pay(java.lang.Long,java.lang.Integer,java.lang.String)>", index: "0", type: "java.lang.Long" }
  - { kind: "param", method: "<com.youlai.mall.oms.controller.app.OrderController: com.youlai.common.result.Result deleteOrder(java.lang.Long)>", index: "0", type: "java.lang.Long" }
  - { kind: "param", method: "<com.youlai.mall.oms.controller.app.OrderController: com.youlai.common.result.Result cancel(java.lang.Long)>", index: "0", type: "java.lang.Long" }
  - { kind: "param", method: "<com.youlai.mall.oms.controller.app.WxPayCallbackController: com.youlai.mall.oms.pojo.vo.WxPayResponseVO wxPayOrderNotify(java.lang.String,org.springframework.http.HttpHeaders)>", index: "0", type: "java.lang.String" }
  - { kind: "param", method: "<com.youlai.mall.oms.controller.app.WxPayCallbackController: com.youlai.mall.oms.pojo.vo.WxPayResponseVO wxPayOrderNotify(java.lang.String,org.springframework.http.HttpHeaders)>", index: "1", type: "org.springframework.http.HttpHeaders" }
  - { kind: "param", method: "<com.youlai.mall.oms.controller.app.WxPayCallbackController: com.youlai.mall.oms.pojo.vo.WxPayResponseVO wxPayRefundNotify(java.lang.String,org.springframework.http.HttpHeaders)>", index: "0", type: "java.lang.String" }
  - { kind: "param", method: "<com.youlai.mall.oms.controller.app.WxPayCallbackController: com.youlai.mall.oms.pojo.vo.WxPayResponseVO wxPayRefundNotify(java.lang.String,org.springframework.http.HttpHeaders)>", index: "1", type: "org.springframework.http.HttpHeaders" }
  - { kind: "param", method: "<com.youlai.mall.pms.controller.admin.PmsAttributeController: com.youlai.common.result.Result saveBatch(com.youlai.mall.pms.pojo.form.PmsCategoryAttributeForm)>", index: "0", type: "com.youlai.mall.pms.pojo.form.PmsCategoryAttributeForm" }
  - { kind: "param", method: "<com.youlai.mall.pms.controller.admin.PmsBrandController: com.youlai.common.result.Result getBrandList(java.lang.Integer)>", index: "0", type: "java.lang.Integer" }
  - { kind: "param", method: "<com.youlai.mall.pms.controller.admin.PmsBrandController: com.youlai.common.result.Result addBrand(com.youlai.mall.pms.pojo.entity.PmsBrand)>", index: "0", type: "com.youlai.mall.pms.pojo.entity.PmsBrand" }
  - { kind: "param", method: "<com.youlai.mall.pms.controller.admin.PmsBrandController: com.youlai.common.result.Result updateBrand(java.lang.Long,com.youlai.mall.pms.pojo.entity.PmsBrand)>", index: "0", type: "java.lang.Long" }
  - { kind: "param", method: "<com.youlai.mall.pms.controller.admin.PmsBrandController: com.youlai.common.result.Result updateBrand(java.lang.Long,com.youlai.mall.pms.pojo.entity.PmsBrand)>", index: "1", type: "com.youlai.mall.pms.pojo.entity.PmsBrand" }
  - { kind: "param", method: "<com.youlai.mall.pms.controller.admin.PmsBrandController: com.youlai.common.result.Result deleteBrands(java.lang.String)>", index: "0", type: "java.lang.String" }
  - { kind: "param", method: "<com.youlai.mall.pms.controller.admin.PmsCategoryController: com.youlai.common.result.Result detail(java.lang.Long)>", index: "0", type: "java.lang.Long" }
  - { kind: "param", method: "<com.youlai.mall.pms.controller.admin.PmsCategoryController: com.youlai.common.result.Result addCategory(com.youlai.mall.pms.pojo.entity.PmsCategory)>", index: "0", type: "com.youlai.mall.pms.pojo.entity.PmsCategory" }
  - { kind: "param", method: "<com.youlai.mall.pms.controller.admin.PmsCategoryController: com.youlai.common.result.Result update(java.lang.Long,com.youlai.mall.pms.pojo.entity.PmsCategory)>", index: "0", type: "java.lang.Long" }
  - { kind: "param", method: "<com.youlai.mall.pms.controller.admin.PmsCategoryController: com.youlai.common.result.Result update(java.lang.Long,com.youlai.mall.pms.pojo.entity.PmsCategory)>", index: "1", type: "com.youlai.mall.pms.pojo.entity.PmsCategory" }
  - { kind: "param", method: "<com.youlai.mall.pms.controller.admin.PmsCategoryController: com.youlai.common.result.Result delete(java.lang.String)>", index: "0", type: "java.lang.String" }
  - { kind: "param", method: "<com.youlai.mall.pms.controller.admin.PmsCategoryController: com.youlai.common.result.Result patch(java.lang.Long,com.youlai.mall.pms.pojo.entity.PmsCategory)>", index: "0", type: "java.lang.Long" }
  - { kind: "param", method: "<com.youlai.mall.pms.controller.admin.PmsCategoryController: com.youlai.common.result.Result patch(java.lang.Long,com.youlai.mall.pms.pojo.entity.PmsCategory)>", index: "1", type: "com.youlai.mall.pms.pojo.entity.PmsCategory" }
  - { kind: "param", method: "<com.youlai.mall.pms.controller.admin.PmsSkuController: com.youlai.common.result.Result getSkuDetail(java.lang.Long)>", index: "0", type: "java.lang.Long" }
  - { kind: "param", method: "<com.youlai.mall.pms.controller.admin.PmsSkuController: com.youlai.common.result.Result updateSku(java.lang.Long,com.youlai.mall.pms.pojo.entity.PmsSku)>", index: "0", type: "java.lang.Long" }
  - { kind: "param", method: "<com.youlai.mall.pms.controller.admin.PmsSkuController: com.youlai.common.result.Result updateSku(java.lang.Long,com.youlai.mall.pms.pojo.entity.PmsSku)>", index: "1", type: "com.youlai.mall.pms.pojo.entity.PmsSku" }
  - { kind: "param", method: "<com.youlai.mall.pms.controller.admin.PmsSkuController: com.youlai.common.result.Result updateStockNum(java.lang.Long,java.lang.Integer)>", index: "0", type: "java.lang.Long" }
  - { kind: "param", method: "<com.youlai.mall.pms.controller.admin.PmsSkuController: com.youlai.common.result.Result updateStockNum(java.lang.Long,java.lang.Integer)>", index: "1", type: "java.lang.Integer" }
  - { kind: "param", method: "<com.youlai.mall.pms.controller.admin.PmsSkuController: com.youlai.common.result.Result deductStock(java.lang.Long,java.lang.Integer)>", index: "0", type: "java.lang.Long" }
  - { kind: "param", method: "<com.youlai.mall.pms.controller.admin.PmsSkuController: com.youlai.common.result.Result deductStock(java.lang.Long,java.lang.Integer)>", index: "1", type: "java.lang.Integer" }
  - { kind: "param", method: "<com.youlai.mall.pms.controller.admin.PmsSpuController: com.youlai.common.result.Result detail(java.lang.Long)>", index: "0", type: "java.lang.Long" }
  - { kind: "param", method: "<com.youlai.mall.pms.controller.admin.PmsSpuController: com.youlai.common.result.Result addSpu(com.youlai.mall.pms.pojo.form.PmsSpuForm)>", index: "0", type: "com.youlai.mall.pms.pojo.form.PmsSpuForm" }
  - { kind: "param", method: "<com.youlai.mall.pms.controller.admin.PmsSpuController: com.youlai.common.result.Result updateSpuById(java.lang.Long,com.youlai.mall.pms.pojo.form.PmsSpuForm)>", index: "0", type: "java.lang.Long" }
  - { kind: "param", method: "<com.youlai.mall.pms.controller.admin.PmsSpuController: com.youlai.common.result.Result updateSpuById(java.lang.Long,com.youlai.mall.pms.pojo.form.PmsSpuForm)>", index: "1", type: "com.youlai.mall.pms.pojo.form.PmsSpuForm" }
  - { kind: "param", method: "<com.youlai.mall.pms.controller.admin.PmsSpuController: com.youlai.common.result.Result delete(java.lang.String)>", index: "0", type: "java.lang.String" }
  - { kind: "param", method: "<com.youlai.mall.pms.controller.app.SkuController: com.youlai.common.result.Result getSkuInfo(java.lang.Long)>", index: "0", type: "java.lang.Long" }
  - { kind: "param", method: "<com.youlai.mall.pms.controller.app.SkuController: com.youlai.common.result.Result getStockNum(java.lang.Long)>", index: "0", type: "java.lang.Long" }
  - { kind: "param", method: "<com.youlai.mall.pms.controller.app.SkuController: com.youlai.common.result.Result lockStock(com.youlai.mall.pms.pojo.dto.LockStockDTO)>", index: "0", type: "com.youlai.mall.pms.pojo.dto.LockStockDTO" }
  - { kind: "param", method: "<com.youlai.mall.pms.controller.app.SkuController: com.youlai.common.result.Result checkPrice(com.youlai.mall.pms.pojo.dto.CheckPriceDTO)>", index: "0", type: "com.youlai.mall.pms.pojo.dto.CheckPriceDTO" }
  - { kind: "param", method: "<com.youlai.mall.pms.controller.app.SpuController: com.youlai.common.result.Result getSpuDetail(java.lang.Long)>", index: "0", type: "java.lang.Long" }
  - { kind: "param", method: "<com.youlai.mall.sms.controller.admin.SmsAdvertController: com.youlai.common.result.Result getAdvertDetail(java.lang.Long)>", index: "0", type: "java.lang.Long" }
  - { kind: "param", method: "<com.youlai.mall.sms.controller.admin.SmsAdvertController: com.youlai.common.result.Result addAvert(com.youlai.mall.sms.pojo.entity.SmsAdvert)>", index: "0", type: "com.youlai.mall.sms.pojo.entity.SmsAdvert" }
  - { kind: "param", method: "<com.youlai.mall.sms.controller.admin.SmsAdvertController: com.youlai.common.result.Result updateAdvert(java.lang.Long,com.youlai.mall.sms.pojo.entity.SmsAdvert)>", index: "0", type: "java.lang.Long" }
  - { kind: "param", method: "<com.youlai.mall.sms.controller.admin.SmsAdvertController: com.youlai.common.result.Result updateAdvert(java.lang.Long,com.youlai.mall.sms.pojo.entity.SmsAdvert)>", index: "1", type: "com.youlai.mall.sms.pojo.entity.SmsAdvert" }
  - { kind: "param", method: "<com.youlai.mall.sms.controller.admin.SmsAdvertController: com.youlai.common.result.Result deleteAdverts(java.lang.String)>", index: "0", type: "java.lang.String" }
  - { kind: "param", method: "<com.youlai.mall.sms.controller.admin.SmsCouponController: com.youlai.common.result.Result getCouponFormData(java.lang.Long)>", index: "0", type: "java.lang.Long" }
  - { kind: "param", method: "<com.youlai.mall.sms.controller.admin.SmsCouponController: com.youlai.common.result.Result saveCoupon(com.youlai.mall.sms.pojo.form.CouponForm)>", index: "0", type: "com.youlai.mall.sms.pojo.form.CouponForm" }
  - { kind: "param", method: "<com.youlai.mall.sms.controller.admin.SmsCouponController: com.youlai.common.result.Result updateCoupon(java.lang.Long,com.youlai.mall.sms.pojo.form.CouponForm)>", index: "0", type: "java.lang.Long" }
  - { kind: "param", method: "<com.youlai.mall.sms.controller.admin.SmsCouponController: com.youlai.common.result.Result updateCoupon(java.lang.Long,com.youlai.mall.sms.pojo.form.CouponForm)>", index: "1", type: "com.youlai.mall.sms.pojo.form.CouponForm" }
  - { kind: "param", method: "<com.youlai.mall.sms.controller.admin.SmsCouponController: com.youlai.common.result.Result deleteCoupons(java.lang.String)>", index: "0", type: "java.lang.String" }
  - { kind: "param", method: "<com.youlai.mall.ums.controller.admin.UmsMemberController: com.youlai.common.result.Result getMemberInfo(java.lang.Long)>", index: "0", type: "java.lang.Long" }
  - { kind: "param", method: "<com.youlai.mall.ums.controller.admin.UmsMemberController: com.youlai.common.result.Result update(java.lang.Long,com.youlai.mall.ums.pojo.entity.UmsMember)>", index: "0", type: "java.lang.Long" }
  - { kind: "param", method: "<com.youlai.mall.ums.controller.admin.UmsMemberController: com.youlai.common.result.Result update(java.lang.Long,com.youlai.mall.ums.pojo.entity.UmsMember)>", index: "1", type: "com.youlai.mall.ums.pojo.entity.UmsMember" }
  - { kind: "param", method: "<com.youlai.mall.ums.controller.admin.UmsMemberController: com.youlai.common.result.Result updateMemberStatus(java.lang.Long,com.youlai.mall.ums.pojo.entity.UmsMember)>", index: "0", type: "java.lang.Long" }
  - { kind: "param", method: "<com.youlai.mall.ums.controller.admin.UmsMemberController: com.youlai.common.result.Result updateMemberStatus(java.lang.Long,com.youlai.mall.ums.pojo.entity.UmsMember)>", index: "1", type: "com.youlai.mall.ums.pojo.entity.UmsMember" }
  - { kind: "param", method: "<com.youlai.mall.ums.controller.admin.UmsMemberController: com.youlai.common.result.Result delete(java.lang.String)>", index: "0", type: "java.lang.String" }
  - { kind: "param", method: "<com.youlai.mall.ums.controller.admin.UmsMemberController: com.youlai.common.result.Result updateBalance(java.lang.Long,java.lang.Long)>", index: "0", type: "java.lang.Long" }
  - { kind: "param", method: "<com.youlai.mall.ums.controller.admin.UmsMemberController: com.youlai.common.result.Result updateBalance(java.lang.Long,java.lang.Long)>", index: "1", type: "java.lang.Long" }
  - { kind: "param", method: "<com.youlai.mall.ums.controller.admin.UmsMemberController: com.youlai.common.result.Result deductBalance(java.lang.Long,java.lang.Long)>", index: "0", type: "java.lang.Long" }
  - { kind: "param", method: "<com.youlai.mall.ums.controller.admin.UmsMemberController: com.youlai.common.result.Result deductBalance(java.lang.Long,java.lang.Long)>", index: "1", type: "java.lang.Long" }
  - { kind: "param", method: "<com.youlai.mall.ums.controller.app.AddressController: com.youlai.common.result.Result getAddressDetail(java.lang.Long)>", index: "0", type: "java.lang.Long" }
  - { kind: "param", method: "<com.youlai.mall.ums.controller.app.AddressController: com.youlai.common.result.Result addAddress(com.youlai.mall.ums.pojo.form.AddressForm)>", index: "0", type: "com.youlai.mall.ums.pojo.form.AddressForm" }
  - { kind: "param", method: "<com.youlai.mall.ums.controller.app.AddressController: com.youlai.common.result.Result updateAddress(java.lang.Long,com.youlai.mall.ums.pojo.form.AddressForm)>", index: "0", type: "java.lang.Long" }
  - { kind: "param", method: "<com.youlai.mall.ums.controller.app.AddressController: com.youlai.common.result.Result updateAddress(java.lang.Long,com.youlai.mall.ums.pojo.form.AddressForm)>", index: "1", type: "com.youlai.mall.ums.pojo.form.AddressForm" }
  - { kind: "param", method: "<com.youlai.mall.ums.controller.app.AddressController: com.youlai.common.result.Result deleteAddress(java.lang.String)>", index: "0", type: "java.lang.String" }
  - { kind: "param", method: "<com.youlai.mall.ums.controller.app.MemberController: com.youlai.common.result.Result getMemberById(java.lang.Long)>", index: "0", type: "java.lang.Long" }
  - { kind: "param", method: "<com.youlai.mall.ums.controller.app.MemberController: com.youlai.common.result.Result addMember(com.youlai.mall.ums.dto.MemberDTO)>", index: "0", type: "com.youlai.mall.ums.dto.MemberDTO" }
  - { kind: "param", method: "<com.youlai.mall.ums.controller.app.MemberController: com.youlai.common.result.Result deductBalance(java.lang.Long)>", index: "0", type: "java.lang.Long" }
  - { kind: "param", method: "<com.youlai.mall.ums.controller.app.MemberController: com.youlai.common.result.Result addProductViewHistory(com.youlai.mall.pms.pojo.vo.ProductHistoryVO)>", index: "0", type: "com.youlai.mall.pms.pojo.vo.ProductHistoryVO" }
  - { kind: "param", method: "<com.youlai.mall.ums.controller.app.MemberController: com.youlai.common.result.Result getByOpenid(java.lang.String)>", index: "0", type: "java.lang.String" }
  - { kind: "param", method: "<com.youlai.mall.ums.controller.app.MemberController: com.youlai.common.result.Result getMemberByMobile(java.lang.String)>", index: "0", type: "java.lang.String" }
  - { kind: "param", method: "<com.youlai.mall.ums.controller.app.MemberController: com.youlai.common.result.Result listMemberAddress(java.lang.Long)>", index: "0", type: "java.lang.Long" }
  - { kind: "param", method: "<com.youlai.auth.controller.AuthController: java.lang.Object postAccessToken(java.security.Principal,java.util.Map)>", index: "1", type: "java.util.Map" }
  - { kind: "call", method: "<org.springframework.security.core.context.SecurityContextHolder: org.springframework.security.core.context.SecurityContext getContext()>", index: "result", type: "org.springframework.security.core.context.SecurityContext" }
  - { kind: "call", method: "<org.springframework.security.core.context.SecurityContext: org.springframework.security.core.Authentication getAuthentication()>", index: "result", type: "org.springframework.security.core.Authentication" }
  - { kind: "call", method: "<org.springframework.security.core.Authentication: java.lang.Object getPrincipal()>", index: "result", type: "java.lang.Object" }
  - { kind: "call", method: "<org.springframework.security.core.Authentication: java.lang.Object getDetails()>", index: "result", type: "java.lang.Object" }
  - { kind: "call", method: "<org.springframework.security.core.Authentication: java.util.Collection getAuthorities()>", index: "result", type: "java.util.Collection" }
  - { kind: "call", method: "<org.springframework.security.core.userdetails.UserDetails: java.lang.String getUsername()>", index: "result", type: "java.lang.String" }
  - { kind: "call", method: "<javax.servlet.http.HttpSession: java.lang.Object getAttribute(java.lang.String)>", index: "result", type: "java.lang.Object" }
  - { kind: "call", method: "<javax.servlet.http.HttpSession: java.lang.Object getValue(java.lang.String)>", index: "result", type: "java.lang.Object" }
  - { kind: "call", method: "<javax.servlet.http.HttpServletRequest: javax.servlet.http.HttpSession getSession()>", index: "result", type: "javax.servlet.http.HttpSession" }
  - { kind: "call", method: "<javax.servlet.http.HttpServletRequest: javax.servlet.http.HttpSession getSession(boolean)>", index: "result", type: "javax.servlet.http.HttpSession" }
  - { kind: "call", method: "<javax.servlet.http.HttpServletRequest: java.security.Principal getUserPrincipal()>", index: "result", type: "java.security.Principal" }
  - { kind: "call", method: "<java.security.Principal: java.lang.String getName()>", index: "result", type: "java.lang.String" }
  - { kind: "call", method: "<javax.servlet.ServletRequest: java.lang.Object getAttribute(java.lang.String)>", index: "result", type: "java.lang.Object" }
  - { kind: "call", method: "<java.lang.ThreadLocal: java.lang.Object get()>", index: "result", type: "java.lang.Object" }

sinks:
  - { method: "<java.sql.Statement: java.sql.ResultSet executeQuery(java.lang.String)>", index: "0" }
  - { method: "<java.sql.Statement: int executeUpdate(java.lang.String)>", index: "0" }
  - { method: "<java.sql.Statement: boolean execute(java.lang.String)>", index: "0" }
  - { method: "<java.sql.Statement: void addBatch(java.lang.String)>", index: "0" }
  - { method: "<java.sql.Connection: java.sql.PreparedStatement prepareStatement(java.lang.String)>", index: "0" }
  - { method: "<java.sql.Connection: java.sql.CallableStatement prepareCall(java.lang.String)>", index: "0" }
  - { method: "<org.springframework.jdbc.core.JdbcTemplate: java.util.List query(java.lang.String,org.springframework.jdbc.core.RowMapper)>", index: "0" }
  - { method: "<org.springframework.jdbc.core.JdbcTemplate: java.lang.Object queryForObject(java.lang.String,java.lang.Class)>", index: "0" }
  - { method: "<org.springframework.jdbc.core.JdbcTemplate: java.util.List queryForList(java.lang.String,java.lang.Class)>", index: "0" }
  - { method: "<org.springframework.jdbc.core.JdbcTemplate: int update(java.lang.String)>", index: "0" }
  - { method: "<org.springframework.jdbc.core.JdbcTemplate: int[] batchUpdate(java.lang.String[])>", index: "0" }
  - { method: "<java.lang.Runtime: java.lang.Process exec(java.lang.String)>", index: "0" }
  - { method: "<java.lang.Runtime: java.lang.Process exec(java.lang.String[])>", index: "0" }
  - { method: "<java.lang.Runtime: java.lang.Process exec(java.lang.String,java.lang.String[])>", index: "0" }
  - { method: "<java.lang.Runtime: java.lang.Process exec(java.lang.String,java.lang.String[],java.io.File)>", index: "0" }
  - { method: "<java.lang.ProcessBuilder: void <init>(java.lang.String[])>", index: "0" }
  - { method: "<java.lang.ProcessBuilder: void <init>(java.util.List)>", index: "0" }
  - { method: "<java.lang.ProcessBuilder: java.lang.ProcessBuilder command(java.lang.String[])>", index: "0" }
  - { method: "<java.lang.ProcessBuilder: java.lang.ProcessBuilder command(java.util.List)>", index: "0" }
  - { method: "<java.io.File: void <init>(java.lang.String)>", index: "0" }
  - { method: "<java.io.File: void <init>(java.lang.String,java.lang.String)>", index: "0" }
  - { method: "<java.io.File: void <init>(java.lang.String,java.lang.String)>", index: "1" }
  - { method: "<java.io.FileInputStream: void <init>(java.lang.String)>", index: "0" }
  - { method: "<java.io.FileOutputStream: void <init>(java.lang.String)>", index: "0" }
  - { method: "<java.io.FileReader: void <init>(java.lang.String)>", index: "0" }
  - { method: "<java.io.FileWriter: void <init>(java.lang.String)>", index: "0" }
  - { method: "<java.nio.file.Paths: java.nio.file.Path get(java.lang.String,java.lang.String[])>", index: "0" }
  - { method: "<java.nio.file.Path: java.nio.file.Path resolve(java.lang.String)>", index: "0" }
  - { method: "<java.nio.file.Files: java.util.List readAllLines(java.nio.file.Path)>", index: "0" }
  - { method: "<java.nio.file.Files: byte[] readAllBytes(java.nio.file.Path)>", index: "0" }
  - { method: "<java.nio.file.Files: java.nio.file.Path write(java.nio.file.Path,byte[],java.nio.file.OpenOption[])>", index: "0" }
  - { method: "<java.io.PrintWriter: void print(java.lang.String)>", index: "0" }
  - { method: "<java.io.PrintWriter: void println(java.lang.String)>", index: "0" }
  - { method: "<java.io.PrintWriter: void write(java.lang.String)>", index: "0" }
  - { method: "<javax.servlet.ServletOutputStream: void print(java.lang.String)>", index: "0" }
  - { method: "<java.net.URL: void <init>(java.lang.String)>", index: "0" }
  - { method: "<java.net.URI: void <init>(java.lang.String)>", index: "0" }
  - { method: "<java.net.URI: java.net.URI create(java.lang.String)>", index: "0" }
  - { method: "<org.apache.http.client.HttpClient: org.apache.http.HttpResponse execute(org.apache.http.client.methods.HttpUriRequest)>", index: "0" }
  - { method: "<javax.servlet.http.HttpServletResponse: void sendRedirect(java.lang.String)>", index: "0" }
  - { method: "<javax.servlet.RequestDispatcher: void forward(javax.servlet.ServletRequest,javax.servlet.ServletResponse)>", index: "0" }
  - { method: "<javax.naming.directory.DirContext: javax.naming.NamingEnumeration search(java.lang.String,java.lang.String,javax.naming.directory.SearchControls)>", index: "0" }
  - { method: "<javax.naming.directory.DirContext: javax.naming.NamingEnumeration search(java.lang.String,java.lang.String,javax.naming.directory.SearchControls)>", index: "1" }
  - { method: "<javax.naming.directory.InitialDirContext: javax.naming.NamingEnumeration search(java.lang.String,java.lang.String,javax.naming.directory.SearchControls)>", index: "0" }
  - { method: "<javax.naming.directory.InitialDirContext: javax.naming.NamingEnumeration search(java.lang.String,java.lang.String,javax.naming.directory.SearchControls)>", index: "1" }
  - { method: "<javax.xml.xpath.XPath: java.lang.String evaluate(java.lang.String,java.lang.Object)>", index: "0" }
  - { method: "<javax.xml.xpath.XPath: javax.xml.xpath.XPathExpression compile(java.lang.String)>", index: "0" }
  - { method: "<javax.xml.parsers.DocumentBuilder: org.w3c.dom.Document parse(java.io.InputStream)>", index: "0" }
  - { method: "<javax.xml.parsers.DocumentBuilder: org.w3c.dom.Document parse(java.lang.String)>", index: "0" }
  - { method: "<javax.xml.parsers.SAXParser: void parse(java.io.InputStream,org.xml.sax.helpers.DefaultHandler)>", index: "0" }
  - { method: "<org.xml.sax.XMLReader: void parse(org.xml.sax.InputSource)>", index: "0" }
  - { method: "<org.springframework.expression.ExpressionParser: org.springframework.expression.Expression parseExpression(java.lang.String)>", index: "0" }
  - { method: "<java.io.ObjectInputStream: void <init>(java.io.InputStream)>", index: "0" }
  - { method: "<com.fasterxml.jackson.databind.ObjectMapper: java.lang.Object readValue(java.lang.String,java.lang.Class)>", index: "0" }
  - { method: "<org.apache.logging.log4j.Logger: void info(java.lang.String)>", index: "0" }
  - { method: "<org.apache.logging.log4j.Logger: void warn(java.lang.String)>", index: "0" }
  - { method: "<org.apache.logging.log4j.Logger: void error(java.lang.String)>", index: "0" }
  - { method: "<org.apache.logging.log4j.Logger: void debug(java.lang.String)>", index: "0" }
  - { method: "<org.apache.logging.log4j.Logger: void fatal(java.lang.String)>", index: "0" }
  - { method: "<org.slf4j.Logger: void info(java.lang.String)>", index: "0" }
  - { method: "<org.slf4j.Logger: void warn(java.lang.String)>", index: "0" }
  - { method: "<org.slf4j.Logger: void error(java.lang.String)>", index: "0" }
  - { method: "<org.slf4j.Logger: void debug(java.lang.String)>", index: "0" }
  - { method: "<java.lang.Class: java.lang.Class forName(java.lang.String)>", index: "0" }
  - { method: "<java.lang.ClassLoader: java.lang.Class loadClass(java.lang.String)>", index: "0" }
  - { method: "<java.lang.reflect.Method: java.lang.Object invoke(java.lang.Object,java.lang.Object[])>", index: "1" }
  - { method: "<javax.servlet.ServletContext: javax.servlet.RequestDispatcher getRequestDispatcher(java.lang.String)>", index: "0" }
  - { method: "<javax.servlet.http.Cookie: void <init>(java.lang.String,java.lang.String)>", index: "1" }
  - { method: "<javax.servlet.http.Cookie: void setValue(java.lang.String)>", index: "0" }
  - { method: "<javax.servlet.http.HttpServletResponse: void addHeader(java.lang.String,java.lang.String)>", index: "1" }
  - { method: "<javax.servlet.http.HttpServletResponse: void setHeader(java.lang.String,java.lang.String)>", index: "1" }

transfers:
  - { method: "<java.lang.String: java.lang.String concat(java.lang.String)>", from: "base", to: "result", type: "java.lang.String" }
  - { method: "<java.lang.String: java.lang.String concat(java.lang.String)>", from: "0", to: "result", type: "java.lang.String" }
  - { method: "<java.lang.String: java.lang.String substring(int)>", from: "base", to: "result", type: "java.lang.String" }
  - { method: "<java.lang.String: java.lang.String substring(int,int)>", from: "base", to: "result", type: "java.lang.String" }
  - { method: "<java.lang.String: java.lang.String replace(char,char)>", from: "base", to: "result", type: "java.lang.String" }
  - { method: "<java.lang.String: java.lang.String replace(java.lang.CharSequence,java.lang.CharSequence)>", from: "base", to: "result", type: "java.lang.String" }
  - { method: "<java.lang.String: java.lang.String replaceAll(java.lang.String,java.lang.String)>", from: "base", to: "result", type: "java.lang.String" }
  - { method: "<java.lang.String: java.lang.String replaceFirst(java.lang.String,java.lang.String)>", from: "base", to: "result", type: "java.lang.String" }
  - { method: "<java.lang.String: java.lang.String trim()>", from: "base", to: "result", type: "java.lang.String" }
  - { method: "<java.lang.String: java.lang.String strip()>", from: "base", to: "result", type: "java.lang.String" }
  - { method: "<java.lang.String: java.lang.String stripLeading()>", from: "base", to: "result", type: "java.lang.String" }
  - { method: "<java.lang.String: java.lang.String stripTrailing()>", from: "base", to: "result", type: "java.lang.String" }
  - { method: "<java.lang.String: java.lang.String toLowerCase()>", from: "base", to: "result", type: "java.lang.String" }
  - { method: "<java.lang.String: java.lang.String toLowerCase(java.util.Locale)>", from: "base", to: "result", type: "java.lang.String" }
  - { method: "<java.lang.String: java.lang.String toUpperCase()>", from: "base", to: "result", type: "java.lang.String" }
  - { method: "<java.lang.String: java.lang.String toUpperCase(java.util.Locale)>", from: "base", to: "result", type: "java.lang.String" }
  - { method: "<java.lang.String: java.lang.String intern()>", from: "base", to: "result", type: "java.lang.String" }
  - { method: "<java.lang.String: java.lang.String valueOf(java.lang.Object)>", from: "0", to: "result", type: "java.lang.String" }
  - { method: "<java.lang.String: java.lang.String valueOf(char[])>", from: "0", to: "result", type: "java.lang.String" }
  - { method: "<java.lang.String: java.lang.String format(java.lang.String,java.lang.Object[])>", from: "0", to: "result", type: "java.lang.String" }
  - { method: "<java.lang.String: java.lang.String format(java.util.Locale,java.lang.String,java.lang.Object[])>", from: "1", to: "result", type: "java.lang.String" }
  - { method: "<java.lang.String: java.lang.String join(java.lang.CharSequence,java.lang.CharSequence[])>", from: "1", to: "result", type: "java.lang.String" }
  - { method: "<java.lang.String: java.lang.String join(java.lang.CharSequence,java.lang.Iterable)>", from: "1", to: "result", type: "java.lang.String" }
  - { method: "<java.lang.String: char[] toCharArray()>", from: "base", to: "result", type: "char[]" }
  - { method: "<java.lang.StringBuilder: java.lang.StringBuilder append(java.lang.String)>", from: "0", to: "base", type: "java.lang.StringBuilder" }
  - { method: "<java.lang.StringBuilder: java.lang.StringBuilder append(java.lang.Object)>", from: "0", to: "base", type: "java.lang.StringBuilder" }
  - { method: "<java.lang.StringBuilder: java.lang.StringBuilder append(java.lang.CharSequence)>", from: "0", to: "base", type: "java.lang.StringBuilder" }
  - { method: "<java.lang.StringBuilder: java.lang.StringBuilder append(char[])>", from: "0", to: "base", type: "java.lang.StringBuilder" }
  - { method: "<java.lang.StringBuilder: java.lang.StringBuilder append(boolean)>", from: "0", to: "base", type: "java.lang.StringBuilder" }
  - { method: "<java.lang.StringBuilder: java.lang.StringBuilder append(int)>", from: "0", to: "base", type: "java.lang.StringBuilder" }
  - { method: "<java.lang.StringBuilder: java.lang.StringBuilder append(long)>", from: "0", to: "base", type: "java.lang.StringBuilder" }
  - { method: "<java.lang.StringBuilder: java.lang.StringBuilder append(java.lang.String)>", from: "base", to: "result", type: "java.lang.StringBuilder" }
  - { method: "<java.lang.StringBuilder: java.lang.StringBuilder append(java.lang.Object)>", from: "base", to: "result", type: "java.lang.StringBuilder" }
  - { method: "<java.lang.StringBuilder: java.lang.StringBuilder append(java.lang.CharSequence)>", from: "base", to: "result", type: "java.lang.StringBuilder" }
  - { method: "<java.lang.StringBuilder: java.lang.String toString()>", from: "base", to: "result", type: "java.lang.String" }
  - { method: "<java.lang.StringBuilder: java.lang.StringBuilder insert(int,java.lang.String)>", from: "1", to: "base", type: "java.lang.StringBuilder" }
  - { method: "<java.lang.StringBuilder: java.lang.StringBuilder insert(int,java.lang.Object)>", from: "1", to: "base", type: "java.lang.StringBuilder" }
  - { method: "<java.lang.StringBuilder: java.lang.StringBuilder insert(int,java.lang.CharSequence)>", from: "1", to: "base", type: "java.lang.StringBuilder" }
  - { method: "<java.lang.StringBuffer: java.lang.StringBuffer append(java.lang.String)>", from: "0", to: "base", type: "java.lang.StringBuffer" }
  - { method: "<java.lang.StringBuffer: java.lang.StringBuffer append(java.lang.Object)>", from: "0", to: "base", type: "java.lang.StringBuffer" }
  - { method: "<java.lang.StringBuffer: java.lang.StringBuffer append(java.lang.String)>", from: "base", to: "result", type: "java.lang.StringBuffer" }
  - { method: "<java.lang.StringBuffer: java.lang.StringBuffer append(java.lang.Object)>", from: "base", to: "result", type: "java.lang.StringBuffer" }
  - { method: "<java.lang.StringBuffer: java.lang.String toString()>", from: "base", to: "result", type: "java.lang.String" }
  - { method: "<java.util.Map: java.lang.Object get(java.lang.Object)>", from: "base", to: "result", type: "java.lang.Object" }
  - { method: "<java.util.HashMap: java.lang.Object get(java.lang.Object)>", from: "base", to: "result", type: "java.lang.Object" }
  - { method: "<java.util.LinkedHashMap: java.lang.Object get(java.lang.Object)>", from: "base", to: "result", type: "java.lang.Object" }
  - { method: "<java.util.TreeMap: java.lang.Object get(java.lang.Object)>", from: "base", to: "result", type: "java.lang.Object" }
  - { method: "<java.util.concurrent.ConcurrentHashMap: java.lang.Object get(java.lang.Object)>", from: "base", to: "result", type: "java.lang.Object" }
  - { method: "<java.util.Map: java.lang.Object put(java.lang.Object,java.lang.Object)>", from: "1", to: "base", type: "java.util.Map" }
  - { method: "<java.util.HashMap: java.lang.Object put(java.lang.Object,java.lang.Object)>", from: "1", to: "base", type: "java.util.HashMap" }
  - { method: "<java.util.Map: void putAll(java.util.Map)>", from: "0", to: "base", type: "java.util.Map" }
  - { method: "<java.util.Map: java.util.Collection values()>", from: "base", to: "result", type: "java.util.Collection" }
  - { method: "<java.util.Map: java.util.Set entrySet()>", from: "base", to: "result", type: "java.util.Set" }
  - { method: "<java.util.Map$Entry: java.lang.Object getValue()>", from: "base", to: "result", type: "java.lang.Object" }
  - { method: "<java.util.Map$Entry: java.lang.Object getKey()>", from: "base", to: "result", type: "java.lang.Object" }
  - { method: "<java.util.List: java.lang.Object get(int)>", from: "base", to: "result", type: "java.lang.Object" }
  - { method: "<java.util.ArrayList: java.lang.Object get(int)>", from: "base", to: "result", type: "java.lang.Object" }
  - { method: "<java.util.LinkedList: java.lang.Object get(int)>", from: "base", to: "result", type: "java.lang.Object" }
  - { method: "<java.util.List: boolean add(java.lang.Object)>", from: "0", to: "base", type: "java.util.List" }
  - { method: "<java.util.ArrayList: boolean add(java.lang.Object)>", from: "0", to: "base", type: "java.util.ArrayList" }
  - { method: "<java.util.LinkedList: boolean add(java.lang.Object)>", from: "0", to: "base", type: "java.util.LinkedList" }
  - { method: "<java.util.Collection: boolean add(java.lang.Object)>", from: "0", to: "base", type: "java.util.Collection" }
  - { method: "<java.util.Iterator: java.lang.Object next()>", from: "base", to: "result", type: "java.lang.Object" }
  - { method: "<java.util.ListIterator: java.lang.Object next()>", from: "base", to: "result", type: "java.lang.Object" }
  - { method: "<java.util.Optional: java.lang.Object get()>", from: "base", to: "result", type: "java.lang.Object" }
  - { method: "<java.util.Optional: java.lang.Object orElse(java.lang.Object)>", from: "base", to: "result", type: "java.lang.Object" }
  - { method: "<java.util.Optional: java.lang.Object orElseGet(java.util.function.Supplier)>", from: "base", to: "result", type: "java.lang.Object" }
  - { method: "<java.util.Optional: java.util.Optional of(java.lang.Object)>", from: "0", to: "result", type: "java.util.Optional" }
  - { method: "<java.util.Optional: java.util.Optional ofNullable(java.lang.Object)>", from: "0", to: "result", type: "java.util.Optional" }
  - { method: "<java.lang.Object: java.lang.String toString()>", from: "base", to: "result", type: "java.lang.String" }
  - { method: "<javax.servlet.ServletRequest: java.lang.String getParameter(java.lang.String)>", from: "base", to: "result", type: "java.lang.String" }
  - { method: "<javax.servlet.http.HttpServletRequest: java.lang.String getHeader(java.lang.String)>", from: "base", to: "result", type: "java.lang.String" }
  - { method: "<javax.servlet.http.HttpServletRequest: java.lang.String getQueryString()>", from: "base", to: "result", type: "java.lang.String" }
  - { method: "<javax.servlet.http.HttpServletRequest: java.lang.String getRequestURI()>", from: "base", to: "result", type: "java.lang.String" }
  - { method: "<javax.servlet.http.HttpServletRequest: java.lang.StringBuffer getRequestURL()>", from: "base", to: "result", type: "java.lang.StringBuffer" }
  - { method: "<org.springframework.security.core.context.SecurityContext: org.springframework.security.core.Authentication getAuthentication()>", from: "base", to: "result", type: "org.springframework.security.core.Authentication" }
  - { method: "<org.springframework.security.core.Authentication: java.lang.Object getPrincipal()>", from: "base", to: "result", type: "java.lang.Object" }
  - { method: "<org.springframework.security.core.Authentication: java.lang.Object getDetails()>", from: "base", to: "result", type: "java.lang.Object" }
  - { method: "<org.springframework.security.core.Authentication: java.util.Collection getAuthorities()>", from: "base", to: "result", type: "java.util.Collection" }
  - { method: "<org.springframework.security.core.userdetails.UserDetails: java.lang.String getUsername()>", from: "base", to: "result", type: "java.lang.String" }
  - { method: "<org.springframework.security.core.GrantedAuthority: java.lang.String getAuthority()>", from: "base", to: "result", type: "java.lang.String" }
  - { method: "<javax.servlet.http.HttpSession: java.lang.Object getAttribute(java.lang.String)>", from: "base", to: "result", type: "java.lang.Object" }
  - { method: "<javax.servlet.http.HttpSession: java.lang.Object getValue(java.lang.String)>", from: "base", to: "result", type: "java.lang.Object" }
  - { method: "<javax.servlet.http.HttpSession: void setAttribute(java.lang.String,java.lang.Object)>", from: "1", to: "base", type: "javax.servlet.http.HttpSession" }
  - { method: "<java.lang.ThreadLocal: java.lang.Object get()>", from: "base", to: "result", type: "java.lang.Object" }

Initializing global bean mock objects for beans...
Initialized 189 global bean objects.
Added entry point (Empty): <com.youlai.admin.controller.SysDeptController: com.youlai.common.result.Result lisetDeptOptions()>
Added entry point (Empty): <com.youlai.admin.controller.SysMenuController: com.youlai.common.result.Result listResources()>
Added entry point (Empty): <com.youlai.admin.controller.SysMenuController: com.youlai.common.result.Result listMenuOptions()>
Added entry point (Empty): <com.youlai.admin.controller.SysMenuController: com.youlai.common.result.Result listRoutes()>
Added entry point (Empty): <com.youlai.admin.controller.SysRoleController: com.youlai.common.result.Result listRoleOptions()>
Added entry point (Empty): <com.youlai.admin.controller.SysUserController: com.youlai.common.result.Result getLoginUserInfo()>
Added entry point (Empty): <com.youlai.mall.oms.controller.app.CartController: com.youlai.common.result.Result getCart()>
Added entry point (Empty): <com.youlai.mall.oms.controller.app.CartController: com.youlai.common.result.Result deleteCart()>
Added entry point (Empty): <com.youlai.mall.pms.controller.admin.PmsBrandController: com.youlai.common.result.Result getBrandList()>
Added entry point (Empty): <com.youlai.mall.pms.controller.admin.PmsCategoryController: com.youlai.common.result.Result list()>
Added entry point (Empty): <com.youlai.mall.pms.controller.admin.PmsCategoryController: com.youlai.common.result.Result listCategoryOptions()>
Added entry point (Empty): <com.youlai.mall.pms.controller.app.SpuController: com.youlai.common.result.Result listSeckillingSpu()>
Added entry point (Empty): <com.youlai.mall.sms.controller.app.AdvertController: com.youlai.common.result.Result list()>
Added entry point (Empty): <com.youlai.mall.ums.controller.app.AddressController: com.youlai.common.result.Result listCurrentMemberAddresses()>
Added entry point (Empty): <com.youlai.mall.ums.controller.app.MemberController: com.youlai.common.result.Result getCurrMemberInfo()>
Added entry point (Empty): <com.youlai.mall.ums.controller.app.MemberController: com.youlai.common.result.Result getProductViewHistory()>
No bean found for concrete class: org.springframework.security.oauth2.provider.endpoint.TokenEndpoint
No bean found for concrete class: org.springframework.data.redis.core.RedisTemplate
Added entry point (Empty): <com.youlai.auth.controller.AuthController: com.youlai.common.result.Result logout()>
Added entry point (Empty): <com.youlai.auth.controller.AuthController: java.util.Map getPublicKey()>
Initializing global aspect mock objects...
No bean found for concrete class: org.springframework.data.redis.core.RedisTemplate
No bean found for concrete class: org.springframework.data.redis.core.RedisTemplate
No bean found for concrete class: org.springframework.data.redis.core.StringRedisTemplate
No bean found for concrete class: org.springframework.amqp.rabbit.core.RabbitTemplate
No implementation found for interface: org.redisson.api.RedissonClient
No implementation found for interface: com.youlai.mall.pms.api.SkuFeignClient
No implementation found for interface: com.github.binarywang.wxpay.service.WxPayService
No bean found for concrete class: com.youlai.mall.pms.api.SkuFeignClient
No bean found for concrete class: com.github.binarywang.wxpay.service.WxPayService
No bean found for concrete class: com.github.binarywang.wxpay.service.WxPayService
No bean found for concrete class: org.springframework.data.redis.core.StringRedisTemplate
No bean found for concrete class: org.springframework.data.redis.core.StringRedisTemplate
No bean found for concrete class: org.springframework.data.redis.core.StringRedisTemplate
No implementation found for interface: com.youlai.mall.ums.api.MemberFeignClient
No bean found for concrete class: org.springframework.data.redis.core.RedisTemplate
No bean found for concrete class: org.springframework.data.redis.core.RedisTemplate
No bean found for concrete class: org.springframework.data.redis.core.RedisTemplate
No bean found for concrete class: com.youlai.mall.pms.api.SkuFeignClient
No bean found for concrete class: com.youlai.mall.pms.api.SkuFeignClient
No bean found for concrete class: com.github.binarywang.wxpay.service.WxPayService
No bean found for concrete class: com.youlai.mall.ums.api.MemberFeignClient
No bean found for concrete class: com.youlai.mall.oms.config.WxPayProperties
No bean found for concrete class: com.youlai.mall.ums.api.MemberFeignClient
No subclass found for abstract class: org.apache.xmlbeans.impl.piccolo.xml.XMLInputReader
[Pointer analysis] elapsed time: 0.92s
Detected 0 taint flow(s):
TFGDumper starts ...
Source nodes:
VarNode{<com.youlai.admin.controller.SysDictItemController: com.youlai.common.result.Result getDictItemsByTypeCode(java.lang.String)>/typeCode}
VarNode{<com.youlai.mall.pms.controller.admin.PmsSpuController: com.youlai.common.result.Result detail(java.lang.Long)>/id}
VarNode{<com.youlai.mall.oms.controller.admin.OmsOrderController: com.youlai.common.result.Result updateOrderStatus(java.lang.Long,java.lang.Integer,java.lang.Boolean)>/orderId}
VarNode{<com.youlai.mall.pms.controller.admin.PmsBrandController: com.youlai.common.result.Result updateBrand(java.lang.Long,com.youlai.mall.pms.pojo.entity.PmsBrand)>/brand}
VarNode{<com.youlai.mall.ums.controller.admin.UmsMemberController: com.youlai.common.result.Result updateMemberStatus(java.lang.Long,com.youlai.mall.ums.pojo.entity.UmsMember)>/memberId}
VarNode{<org.apache.poi.util.LocaleUtil: java.util.Locale getUserLocale()>/$r1}
VarNode{<org.springframework.web.context.request.RequestContextHolder: org.springframework.web.context.request.RequestAttributes getRequestAttributes()>/$r3}
VarNode{<com.youlai.mall.pms.controller.admin.PmsBrandController: com.youlai.common.result.Result getBrandList(java.lang.Integer)>/id}
VarNode{<com.youlai.mall.pms.controller.app.SkuController: com.youlai.common.result.Result getStockNum(java.lang.Long)>/skuId}
VarNode{<com.youlai.mall.pms.controller.admin.PmsSkuController: com.youlai.common.result.Result updateStockNum(java.lang.Long,java.lang.Integer)>/skuId}
VarNode{<com.youlai.admin.controller.SysDeptController: com.youlai.common.result.Result updateDept(java.lang.Long,com.youlai.admin.pojo.entity.SysDept)>/dept}
VarNode{<com.youlai.mall.oms.controller.admin.OmsOrderController: com.youlai.common.result.Result updateOrderStatus(java.lang.Long,java.lang.Integer,java.lang.Boolean)>/orderEx}
VarNode{<org.apache.poi.POIXMLTypeLoader: org.apache.xmlbeans.SchemaTypeLoader getTypeLoader(org.apache.xmlbeans.SchemaType)>/$r1}
VarNode{<com.youlai.mall.pms.controller.admin.PmsSkuController: com.youlai.common.result.Result deductStock(java.lang.Long,java.lang.Integer)>/num}
VarNode{<com.youlai.mall.oms.controller.app.WxPayCallbackController: com.youlai.mall.oms.pojo.vo.WxPayResponseVO wxPayOrderNotify(java.lang.String,org.springframework.http.HttpHeaders)>/headers}
VarNode{<org.apache.poi.hssf.record.crypto.Biff8EncryptionKey: java.lang.String getCurrentUserPassword()>/$r1}
VarNode{<com.youlai.admin.controller.SysPermissionController: com.youlai.common.result.Result getPermissionDetail(java.lang.Long)>/permissionId}
VarNode{<org.apache.xmlbeans.XmlBeans: org.apache.xmlbeans.QNameCache getQNameCache()>/$r1}
VarNode{<com.youlai.admin.controller.SysDictItemController: com.youlai.common.result.Result deleteDictItems(java.lang.String)>/ids}
VarNode{<com.youlai.admin.controller.SysDictTypeController: com.youlai.common.result.Result updateDict(java.lang.Long,com.youlai.admin.pojo.form.DictTypeForm)>/dictTypeForm}
VarNode{<com.youlai.mall.pms.controller.admin.PmsBrandController: com.youlai.common.result.Result addBrand(com.youlai.mall.pms.pojo.entity.PmsBrand)>/brand}
VarNode{<com.youlai.admin.controller.SysDictItemController: com.youlai.common.result.Result saveDictItem(com.youlai.admin.pojo.form.DictItemForm)>/DictItemForm}
VarNode{<com.youlai.mall.oms.controller.app.CartController: com.youlai.common.result.Result updateCartItem(java.lang.Long,com.youlai.mall.oms.pojo.dto.CartItemDTO)>/skuId}
VarNode{<com.youlai.mall.pms.controller.admin.PmsBrandController: com.youlai.common.result.Result deleteBrands(java.lang.String)>/ids}
VarNode{<com.youlai.auth.controller.AuthController: java.lang.Object postAccessToken(java.security.Principal,java.util.Map)>/parameters}
VarNode{<com.youlai.mall.pms.controller.app.SkuController: com.youlai.common.result.Result getSkuInfo(java.lang.Long)>/skuId}
VarNode{<org.apache.xmlbeans.impl.common.SystemCache: java.lang.Object getSaxLoader()>/$r2}
VarNode{<com.youlai.mall.pms.controller.admin.PmsBrandController: com.youlai.common.result.Result updateBrand(java.lang.Long,com.youlai.mall.pms.pojo.entity.PmsBrand)>/id}
VarNode{<com.youlai.mall.pms.controller.admin.PmsSpuController: com.youlai.common.result.Result updateSpuById(java.lang.Long,com.youlai.mall.pms.pojo.form.PmsSpuForm)>/formData}
VarNode{<com.youlai.admin.controller.SysUserController: com.youlai.common.result.Result updateUserPassword(java.lang.Long,java.lang.Integer)>/userId}
VarNode{<com.youlai.mall.oms.controller.app.CartController: com.youlai.common.result.Result addCartItem(java.lang.Long)>/skuId}
VarNode{<com.youlai.mall.ums.controller.app.AddressController: com.youlai.common.result.Result updateAddress(java.lang.Long,com.youlai.mall.ums.pojo.form.AddressForm)>/addressId}
VarNode{<com.youlai.admin.controller.SysOauthClientController: com.youlai.common.result.Result detail(java.lang.String)>/clientId}
VarNode{<com.youlai.admin.controller.SysUserController: com.youlai.common.result.Result updateUser(java.lang.Long,com.youlai.admin.pojo.form.UserForm)>/userId}
VarNode{<com.youlai.mall.pms.controller.admin.PmsSkuController: com.youlai.common.result.Result updateStockNum(java.lang.Long,java.lang.Integer)>/stockNum}
VarNode{<com.youlai.admin.controller.SysPermissionController: com.youlai.common.result.Result addPerm(com.youlai.admin.pojo.entity.SysPermission)>/permission}
VarNode{<com.youlai.admin.controller.SysMenuController: com.youlai.common.result.Result updateMenuVisible(java.lang.Long,java.lang.Integer)>/menuId}
VarNode{<com.youlai.admin.controller.SysRoleController: com.youlai.common.result.Result deleteRoles(java.lang.String)>/ids}
VarNode{<com.youlai.admin.controller.SysDictTypeController: com.youlai.common.result.Result deleteDictTypes(java.lang.String)>/ids}
VarNode{<com.youlai.admin.controller.SysUserController: com.youlai.common.result.Result getUserFormData(java.lang.Long)>/userId}
VarNode{<org.apache.xmlbeans.impl.schema.SchemaTypeLoaderImpl$SchemaTypeLoaderCache: void addToTypeLoaderCache(org.apache.xmlbeans.SchemaTypeLoader,java.lang.ClassLoader)>/$r2}
VarNode{<com.youlai.admin.controller.SysMenuController: com.youlai.common.result.Result updateMenu(com.youlai.admin.pojo.entity.SysMenu)>/menu}
VarNode{<com.youlai.mall.oms.controller.app.OrderController: com.youlai.common.result.Result submitOrder(com.youlai.mall.oms.pojo.form.OrderSubmitForm)>/orderSubmitForm}
VarNode{<com.youlai.mall.sms.controller.admin.SmsCouponController: com.youlai.common.result.Result saveCoupon(com.youlai.mall.sms.pojo.form.CouponForm)>/couponForm}
VarNode{<com.youlai.mall.oms.controller.admin.OmsOrderController: com.youlai.common.result.Result getOrderDetail(java.lang.Long)>/orderId}
VarNode{<org.apache.xmlbeans.impl.store.CharUtil: org.apache.xmlbeans.impl.store.CharUtil getThreadLocalCharUtil()>/$r1}
VarNode{<com.youlai.mall.ums.controller.admin.UmsMemberController: com.youlai.common.result.Result updateBalance(java.lang.Long,java.lang.Long)>/balance}
VarNode{<com.youlai.admin.controller.SysPermissionController: com.youlai.common.result.Result updatePerm(java.lang.Long,com.youlai.admin.pojo.entity.SysPermission)>/permissionId}
VarNode{<com.youlai.admin.controller.SysUserController: com.youlai.common.result.Result updateUserPassword(java.lang.Long,java.lang.String)>/userId}
VarNode{<com.youlai.mall.oms.controller.app.OrderController: com.youlai.common.result.Result cancel(java.lang.Long)>/id}
VarNode{<com.youlai.mall.ums.controller.app.MemberController: com.youlai.common.result.Result addProductViewHistory(com.youlai.mall.pms.pojo.vo.ProductHistoryVO)>/product}
VarNode{<com.youlai.admin.controller.SysDictItemController: com.youlai.common.result.Result getDictItemFormData(java.lang.Long)>/id}
VarNode{<com.youlai.admin.controller.SysRoleController: com.youlai.common.result.Result getRoleResources(java.lang.Long)>/roleId}
VarNode{<com.youlai.mall.oms.controller.app.OrderController: com.youlai.common.result.Result confirmOrder(java.lang.Long)>/skuId}
VarNode{<com.youlai.admin.controller.SysUserController: com.youlai.common.result.Result saveUser(com.youlai.admin.pojo.form.UserForm)>/userForm}
VarNode{<com.youlai.mall.pms.controller.admin.PmsSkuController: com.youlai.common.result.Result updateSku(java.lang.Long,com.youlai.mall.pms.pojo.entity.PmsSku)>/sku}
VarNode{<com.youlai.mall.pms.controller.admin.PmsSpuController: com.youlai.common.result.Result addSpu(com.youlai.mall.pms.pojo.form.PmsSpuForm)>/formData}
VarNode{<com.youlai.mall.pms.controller.admin.PmsAttributeController: com.youlai.common.result.Result saveBatch(com.youlai.mall.pms.pojo.form.PmsCategoryAttributeForm)>/pmsCategoryAttributeForm}
VarNode{<com.youlai.mall.pms.controller.admin.PmsCategoryController: com.youlai.common.result.Result update(java.lang.Long,com.youlai.mall.pms.pojo.entity.PmsCategory)>/id}
VarNode{<com.youlai.admin.controller.SysRoleController: com.youlai.common.result.Result updateRoleResource(java.lang.Long,com.youlai.admin.pojo.form.RoleResourceForm)>/roleResourceForm}
VarNode{<com.youlai.mall.ums.controller.admin.UmsMemberController: com.youlai.common.result.Result delete(java.lang.String)>/ids}
VarNode{<com.youlai.mall.sms.controller.admin.SmsAdvertController: com.youlai.common.result.Result deleteAdverts(java.lang.String)>/ids}
VarNode{<com.youlai.mall.sms.controller.admin.SmsAdvertController: com.youlai.common.result.Result getAdvertDetail(java.lang.Long)>/id}
VarNode{<com.youlai.admin.controller.SysRoleController: com.youlai.common.result.Result updateRoleResource(java.lang.Long,com.youlai.admin.pojo.form.RoleResourceForm)>/roleId}
VarNode{<com.youlai.mall.pms.controller.admin.PmsCategoryController: com.youlai.common.result.Result delete(java.lang.String)>/ids}
VarNode{<com.youlai.mall.ums.controller.app.MemberController: com.youlai.common.result.Result getByOpenid(java.lang.String)>/openid}
VarNode{<com.youlai.mall.oms.controller.app.CartController: com.youlai.common.result.Result removeCartItem(java.lang.Long)>/skuId}
VarNode{<com.youlai.mall.pms.controller.app.SkuController: com.youlai.common.result.Result checkPrice(com.youlai.mall.pms.pojo.dto.CheckPriceDTO)>/checkPriceDTO}
VarNode{<com.youlai.mall.sms.controller.admin.SmsAdvertController: com.youlai.common.result.Result updateAdvert(java.lang.Long,com.youlai.mall.sms.pojo.entity.SmsAdvert)>/advert}
VarNode{<org.apache.xmlbeans.XmlFactoryHook$ThreadContext: org.apache.xmlbeans.XmlFactoryHook getHook()>/$r1}
VarNode{<com.youlai.admin.controller.SysDictTypeController: com.youlai.common.result.Result saveDictType(com.youlai.admin.pojo.form.DictTypeForm)>/dictTypeForm}
VarNode{<com.youlai.admin.controller.SysDeptController: com.youlai.common.result.Result updateDept(java.lang.Long,com.youlai.admin.pojo.entity.SysDept)>/deptId}
VarNode{<com.youlai.mall.sms.controller.admin.SmsCouponController: com.youlai.common.result.Result deleteCoupons(java.lang.String)>/ids}
VarNode{<com.youlai.admin.controller.SysOauthClientController: com.youlai.common.result.Result delete(java.lang.String)>/ids}
VarNode{<com.youlai.admin.controller.SysDeptController: com.youlai.common.result.Result deleteDepartments(java.lang.String)>/ids}
VarNode{<com.youlai.mall.ums.controller.app.MemberController: com.youlai.common.result.Result addMember(com.youlai.mall.ums.dto.MemberDTO)>/member}
VarNode{<com.youlai.admin.controller.SysRoleController: com.youlai.common.result.Result addRole(com.youlai.admin.pojo.form.RoleForm)>/roleForm}
VarNode{<com.youlai.mall.pms.controller.admin.PmsCategoryController: com.youlai.common.result.Result update(java.lang.Long,com.youlai.mall.pms.pojo.entity.PmsCategory)>/category}
VarNode{<com.youlai.mall.ums.controller.admin.UmsMemberController: com.youlai.common.result.Result updateMemberStatus(java.lang.Long,com.youlai.mall.ums.pojo.entity.UmsMember)>/member}
VarNode{<com.youlai.mall.sms.controller.admin.SmsAdvertController: com.youlai.common.result.Result updateAdvert(java.lang.Long,com.youlai.mall.sms.pojo.entity.SmsAdvert)>/id}
VarNode{<com.youlai.mall.pms.controller.admin.PmsSpuController: com.youlai.common.result.Result updateSpuById(java.lang.Long,com.youlai.mall.pms.pojo.form.PmsSpuForm)>/id}
VarNode{<com.youlai.admin.controller.SysRoleController: com.youlai.common.result.Result updateRole(com.youlai.admin.pojo.form.RoleForm)>/roleForm}
VarNode{<com.youlai.mall.ums.controller.app.MemberController: com.youlai.common.result.Result getMemberByMobile(java.lang.String)>/mobile}
VarNode{<org.apache.xmlbeans.impl.values.NamespaceContext: org.apache.xmlbeans.impl.values.NamespaceContext$NamespaceContextStack getNamespaceContextStack()>/$r1}
VarNode{<com.youlai.admin.controller.SysRoleController: com.youlai.common.result.Result getRoleDetail(java.lang.Long)>/roleId}
VarNode{<com.youlai.mall.pms.controller.admin.PmsCategoryController: com.youlai.common.result.Result patch(java.lang.Long,com.youlai.mall.pms.pojo.entity.PmsCategory)>/category}
VarNode{<com.youlai.mall.pms.controller.admin.PmsCategoryController: com.youlai.common.result.Result addCategory(com.youlai.mall.pms.pojo.entity.PmsCategory)>/category}
VarNode{<org.terracotta.statistics.AbstractOperationStatistic: void end(java.lang.Enum)>/$r3}
VarNode{<com.youlai.mall.oms.controller.app.WxPayCallbackController: com.youlai.mall.oms.pojo.vo.WxPayResponseVO wxPayOrderNotify(java.lang.String,org.springframework.http.HttpHeaders)>/notifyData}
VarNode{<com.youlai.mall.sms.controller.admin.SmsCouponController: com.youlai.common.result.Result getCouponFormData(java.lang.Long)>/couponId}
VarNode{<com.youlai.mall.ums.controller.app.AddressController: com.youlai.common.result.Result updateAddress(java.lang.Long,com.youlai.mall.ums.pojo.form.AddressForm)>/addressForm}
VarNode{<com.youlai.admin.controller.SysPermissionController: com.youlai.common.result.Result deletePermissions(java.lang.String)>/ids}
VarNode{<com.youlai.admin.controller.SysOauthClientController: com.youlai.common.result.Result update(java.lang.String,com.youlai.admin.pojo.entity.SysOauthClient)>/clientId}
VarNode{<com.youlai.admin.controller.SysRoleController: com.youlai.common.result.Result updateRoleStatus(java.lang.Long,java.lang.Integer)>/roleId}
VarNode{<com.youlai.admin.controller.SysDictItemController: com.youlai.common.result.Result updateDictItem(java.lang.Long,com.youlai.admin.pojo.form.DictItemForm)>/DictItemForm}
VarNode{<com.youlai.mall.ums.controller.app.AddressController: com.youlai.common.result.Result addAddress(com.youlai.mall.ums.pojo.form.AddressForm)>/addressForm}
VarNode{<com.youlai.admin.controller.SysUserController: com.youlai.common.result.Result getAuthInfoByUsername(java.lang.String)>/username}
VarNode{<com.youlai.mall.ums.controller.app.AddressController: com.youlai.common.result.Result getAddressDetail(java.lang.Long)>/addressId}
VarNode{<com.youlai.mall.oms.controller.app.OrderController: com.youlai.common.result.Result pay(java.lang.Long,java.lang.Integer,java.lang.String)>/orderId}
VarNode{<com.youlai.mall.sms.controller.admin.SmsCouponController: com.youlai.common.result.Result updateCoupon(java.lang.Long,com.youlai.mall.sms.pojo.form.CouponForm)>/couponForm}
VarNode{<com.youlai.admin.controller.SysPermissionController: com.youlai.common.result.Result updatePerm(java.lang.Long,com.youlai.admin.pojo.entity.SysPermission)>/permission}
VarNode{<com.youlai.mall.ums.controller.admin.UmsMemberController: com.youlai.common.result.Result deductBalance(java.lang.Long,java.lang.Long)>/memberId}
VarNode{<org.apache.xmlbeans.impl.store.Locale: org.apache.xmlbeans.impl.store.Locale$ScrubBuffer getScrubBuffer(int)>/$r1}
VarNode{<org.springframework.web.context.request.RequestContextHolder: org.springframework.web.context.request.RequestAttributes getRequestAttributes()>/$r1}
VarNode{<com.youlai.mall.oms.controller.app.WxPayCallbackController: com.youlai.mall.oms.pojo.vo.WxPayResponseVO wxPayRefundNotify(java.lang.String,org.springframework.http.HttpHeaders)>/headers}
VarNode{<com.youlai.mall.ums.controller.app.AddressController: com.youlai.common.result.Result deleteAddress(java.lang.String)>/ids}
VarNode{<com.youlai.mall.ums.controller.admin.UmsMemberController: com.youlai.common.result.Result deductBalance(java.lang.Long,java.lang.Long)>/amount}
VarNode{<com.youlai.admin.controller.SysDeptController: com.youlai.common.result.Result addDept(com.youlai.admin.pojo.entity.SysDept)>/dept}
VarNode{<com.youlai.mall.ums.controller.app.MemberController: com.youlai.common.result.Result deductBalance(java.lang.Long)>/balances}
VarNode{<com.youlai.admin.controller.SysDictTypeController: com.youlai.common.result.Result getDictTypeFormData(java.lang.Long)>/id}
VarNode{<com.youlai.mall.oms.controller.app.CartController: com.youlai.common.result.Result updateCartItem(java.lang.Long,com.youlai.mall.oms.pojo.dto.CartItemDTO)>/cartItem}
VarNode{<com.youlai.admin.controller.SysDictTypeController: com.youlai.common.result.Result updateDict(java.lang.Long,com.youlai.admin.pojo.form.DictTypeForm)>/id}
VarNode{<com.youlai.mall.pms.controller.app.SpuController: com.youlai.common.result.Result getSpuDetail(java.lang.Long)>/spuId}
VarNode{<com.youlai.mall.oms.controller.admin.OmsOrderController: com.youlai.common.result.Result updateOrderStatus(java.lang.Long,java.lang.Integer,java.lang.Boolean)>/status}
VarNode{<com.youlai.admin.controller.SysMenuController: com.youlai.common.result.Result deleteMenus(java.lang.String)>/ids}
VarNode{<com.youlai.admin.controller.SysOauthClientController: com.youlai.common.result.Result add(com.youlai.admin.pojo.entity.SysOauthClient)>/client}
VarNode{<com.youlai.mall.pms.controller.admin.PmsSpuController: com.youlai.common.result.Result delete(java.lang.String)>/ids}
VarNode{<com.youlai.mall.ums.controller.admin.UmsMemberController: com.youlai.common.result.Result update(java.lang.Long,com.youlai.mall.ums.pojo.entity.UmsMember)>/memberId}
VarNode{<com.youlai.mall.pms.controller.app.SkuController: com.youlai.common.result.Result lockStock(com.youlai.mall.pms.pojo.dto.LockStockDTO)>/lockStockDTO}
VarNode{<com.youlai.admin.controller.SysDictItemController: com.youlai.common.result.Result updateDictItem(java.lang.Long,com.youlai.admin.pojo.form.DictItemForm)>/id}
VarNode{<com.youlai.admin.controller.SysRoleController: com.youlai.common.result.Result updateRoleStatus(java.lang.Long,java.lang.Integer)>/status}
VarNode{<com.youlai.mall.ums.controller.app.MemberController: com.youlai.common.result.Result getMemberById(java.lang.Long)>/memberId}
VarNode{<com.youlai.mall.ums.controller.admin.UmsMemberController: com.youlai.common.result.Result updateBalance(java.lang.Long,java.lang.Long)>/memberId}
VarNode{<com.youlai.mall.pms.controller.admin.PmsSkuController: com.youlai.common.result.Result updateSku(java.lang.Long,com.youlai.mall.pms.pojo.entity.PmsSku)>/skuId}
VarNode{<com.youlai.admin.controller.SysUserController: com.youlai.common.result.Result updateUser(java.lang.Long,com.youlai.admin.pojo.form.UserForm)>/userForm}
VarNode{<com.youlai.mall.sms.controller.admin.SmsAdvertController: com.youlai.common.result.Result addAvert(com.youlai.mall.sms.pojo.entity.SmsAdvert)>/advert}
VarNode{<com.youlai.mall.ums.controller.admin.UmsMemberController: com.youlai.common.result.Result getMemberInfo(java.lang.Long)>/memberId}
VarNode{<com.youlai.admin.controller.SysDeptController: com.youlai.common.result.Result getDeptDetail(java.lang.Long)>/deptId}
VarNode{<com.youlai.admin.controller.SysOauthClientController: com.youlai.common.result.Result update(java.lang.String,com.youlai.admin.pojo.entity.SysOauthClient)>/client}
VarNode{<com.youlai.mall.pms.controller.admin.PmsCategoryController: com.youlai.common.result.Result patch(java.lang.Long,com.youlai.mall.pms.pojo.entity.PmsCategory)>/id}
VarNode{<com.youlai.admin.controller.SysMenuController: com.youlai.common.result.Result detail(java.lang.Long)>/id}
VarNode{<com.youlai.mall.oms.controller.app.WxPayCallbackController: com.youlai.mall.oms.pojo.vo.WxPayResponseVO wxPayRefundNotify(java.lang.String,org.springframework.http.HttpHeaders)>/notifyData}
VarNode{<com.youlai.admin.controller.SysUserController: com.youlai.common.result.Result deleteUsers(java.lang.String)>/ids}
VarNode{<com.youlai.mall.oms.controller.admin.OmsOrderController: com.youlai.common.result.Result getOrderInfo(java.lang.Long)>/orderId}
VarNode{<com.youlai.mall.sms.controller.admin.SmsCouponController: com.youlai.common.result.Result updateCoupon(java.lang.Long,com.youlai.mall.sms.pojo.form.CouponForm)>/couponId}
VarNode{<org.apache.xmlbeans.impl.schema.SchemaTypeLoaderImpl$SchemaTypeLoaderCache: org.apache.xmlbeans.SchemaTypeLoader getFromTypeLoaderCache(java.lang.ClassLoader)>/$r2}
VarNode{<com.youlai.admin.controller.SysPermissionController: com.youlai.common.result.Result listPermissions(java.lang.Long)>/menuId}
VarNode{<com.youlai.mall.pms.controller.admin.PmsCategoryController: com.youlai.common.result.Result detail(java.lang.Long)>/id}
VarNode{<com.youlai.mall.pms.controller.admin.PmsSkuController: com.youlai.common.result.Result deductStock(java.lang.Long,java.lang.Integer)>/skuId}
VarNode{<com.youlai.admin.controller.SysMenuController: com.youlai.common.result.Result addMenu(com.youlai.admin.pojo.entity.SysMenu)>/menu}
VarNode{<com.youlai.mall.ums.controller.admin.UmsMemberController: com.youlai.common.result.Result update(java.lang.Long,com.youlai.mall.ums.pojo.entity.UmsMember)>/member}
VarNode{<com.youlai.mall.oms.controller.app.OrderController: com.youlai.common.result.Result deleteOrder(java.lang.Long)>/orderId}
VarNode{<com.youlai.mall.pms.controller.admin.PmsSkuController: com.youlai.common.result.Result getSkuDetail(java.lang.Long)>/skuId}
VarNode{<com.youlai.admin.controller.SysOauthClientController: com.youlai.common.result.Result getOAuth2ClientById(java.lang.String)>/clientId}
VarNode{<com.youlai.mall.ums.controller.app.MemberController: com.youlai.common.result.Result listMemberAddress(java.lang.Long)>/memberId}
VarNode{<com.youlai.admin.controller.SysUserController: com.youlai.common.result.Result updateUserPassword(java.lang.Long,java.lang.String)>/password}
VarNode{<com.youlai.admin.controller.SysUserController: com.youlai.common.result.Result updateUserPassword(java.lang.Long,java.lang.Integer)>/status}
Sink nodes:
Dumping /Users/yuntsy/My/Projects/Java/WebAnalyzer/output/taint-flow-graph.dot
TFGDumper finishes, elapsed time: 0.22s
-------------- Pointer analysis statistics: --------------
#var pointers:                6,7678 (insens) / 6,7678 (sens)
#objects:                     7437 (insens) / 7437 (sens)
#var points-to:               14,2230 (insens) / 14,2230 (sens)
#static field points-to:      2175 (sens)
#instance field points-to:    2,5109 (sens)
#array points-to:             2693 (sens)
#reachable methods:           8168 (insens) / 8168 (sens)
#call graph edges:            2,7778 (insens) / 2,7778 (sens)
----------------------------------------
pta finishes, elapsed time: 1.66s
cg starts ...
Call graph has 8168 reachable methods and 27778 edges
Dumping call graph to /Users/yuntsy/My/Projects/Java/WebAnalyzer/output/call-graph.dot
Dumping reachable methods to /Users/yuntsy/My/Projects/Java/WebAnalyzer/output/reachable-methods.txt
Dumping call edges to /Users/yuntsy/My/Projects/Java/WebAnalyzer/output/call-edges.txt
cg finishes, elapsed time: 0.62s
Tai-e finishes, elapsed time: 45.08s
