Writing log to /Users/yuntsy/My/Projects/Java/WebAnalyzer/output/tai-e.log
java.version: 17.0.11
java.version.date: 2024-04-16
java.runtime.version: 17.0.11+7-LTS-207
java.vendor: Oracle Corporation
java.vendor.version: null
os.name: Mac OS X
os.version: 26.2
os.arch: aarch64
Tai-e Version: 0.5.1
Manifest does not contain Tai-e commit information
Tai-e Commit: Unknown
Writing analysis plan to /Users/yuntsy/My/Projects/Java/WebAnalyzer/output/tai-e-plan.yml
WorldBuilder starts ...
Warning: main class was not given!
27379 classes with 240699 methods in the world
WorldBuilder finishes, elapsed time: 22.38s
routerAnalysis starts ...
Router analysis started at: 2026-01-25 13:05:59
Router analysis completed at: 2026-01-25 13:05:59 (Duration: 10ms)
routerAnalysis finishes, elapsed time: 0.01s
beanAnalysis starts ...
beanAnalysis finishes, elapsed time: 0.03s
injectPointsAnalysis starts ...
injectPointsAnalysis finishes, elapsed time: 0.03s
aspectAnalysis starts ...
Starting AOP aspect analysis...
aspectAnalysis finishes, elapsed time: 0.00s
pta starts ...
Added entry point (Empty): <ltd.newbee.mall.controller.admin.AdminController: java.lang.String login()>
Added entry point (Empty): <ltd.newbee.mall.controller.admin.AdminController: java.lang.String test()>
Concrete class not found for type: org.springframework.web.multipart.support.StandardMultipartFile
Added entry point (Empty): <ltd.newbee.mall.controller.mall.PersonalController: java.lang.String loginPage()>
Added entry point (Empty): <ltd.newbee.mall.controller.mall.PersonalController: java.lang.String registerPage()>
Added entry point (Empty): <ltd.newbee.mall.controller.mall.PersonalController: java.lang.String addressesPage()>
[Pointer analysis] elapsed time: 0.04s
-------------- Pointer analysis statistics: --------------
#var pointers:                1031 (insens) / 1269 (sens)
#objects:                     441 (insens) / 441 (sens)
#var points-to:               1055 (insens) / 1121 (sens)
#static field points-to:      71 (sens)
#instance field points-to:    235 (sens)
#array points-to:             63 (sens)
#reachable methods:           169 (insens) / 380 (sens)
#call graph edges:            472 (insens) / 619 (sens)
----------------------------------------
pta finishes, elapsed time: 0.17s
cg starts ...
Call graph has 169 reachable methods and 472 edges
Dumping call graph to /Users/yuntsy/My/Projects/Java/WebAnalyzer/output/call-graph.dot
Dumping reachable methods to /Users/yuntsy/My/Projects/Java/WebAnalyzer/output/reachable-methods.txt
Dumping call edges to /Users/yuntsy/My/Projects/Java/WebAnalyzer/output/call-edges.txt
cg finishes, elapsed time: 0.03s
Tai-e finishes, elapsed time: 22.75s
