Writing log to /Users/yuntsy/My/Projects/Java/WebAnalyzer/output/tai-e.log
java.version: 17.0.11
java.version.date: 2024-04-16
java.runtime.version: 17.0.11+7-LTS-207
java.vendor: Oracle Corporation
java.vendor.version: null
os.name: Mac OS X
os.version: 26.3
os.arch: aarch64
Tai-e Version: 0.5.1
Tai-e Commit: a086cc6200102f74b303a2cb800dad4e1b8b3af5
Writing analysis plan to /Users/yuntsy/My/Projects/Java/WebAnalyzer/output/tai-e-plan.yml
WorldBuilder starts ...
Warning: main class was not given!
10419 classes with 100254 methods in the world
WorldBuilder finishes, elapsed time: 2.13s
ir-dumper starts ...
Dumping IR in /Users/yuntsy/My/Projects/Java/WebAnalyzer/output/tir
113 classes in scope (APP) of class analyses
ir-dumper finishes, elapsed time: 0.20s
routerAnalysis starts ...
Router analysis started at: 2026-02-27 20:05:41
Router analysis completed at: 2026-02-27 20:05:41 (Duration: 4ms)
routerAnalysis finishes, elapsed time: 0.01s
beanAnalysis starts ...
beanAnalysis finishes, elapsed time: 0.00s
injectPointsAnalysis starts ...
injectPointsAnalysis finishes, elapsed time: 0.00s
aspectAnalysis starts ...
Starting AOP aspect analysis...
aspectAnalysis finishes, elapsed time: 0.00s
resultAnalysis starts ...
============================================================
                 Spring Analysis Result Summary             
============================================================
Router Methods (Endpoints)     : 51
Spring Beans                   : 46
Aspect Methods (Advice)        : 0
============================================================
resultAnalysis finishes, elapsed time: 0.00s
srfaAnalysis starts ...
SRFA Analysis started at: 2026-02-27 20:05:41
Loaded 9 controller classes from RouterAnalysis
Discovering mapper paths from 10 appClassPath entries
Extracting XML from fat jar: author-service-1.3.0.jar
Extracted 0 XML files from author-service-1.3.0.jar
Extracted 1 XML files (plain jar) from author-service-1.3.0.jar
Extracting XML from fat jar: book-service-1.3.0.jar
Extracted 0 XML files from book-service-1.3.0.jar
Extracted 2 XML files (plain jar) from book-service-1.3.0.jar
Extracting XML from fat jar: news-service-1.3.0.jar
Extracted 0 XML files from news-service-1.3.0.jar
Extracted 1 XML files (plain jar) from news-service-1.3.0.jar
Extracting XML from fat jar: novel-file-1.3.0.jar
Extracted 0 XML files from novel-file-1.3.0.jar
Extracted 1 XML files (plain jar) from novel-file-1.3.0.jar
Extracting XML from fat jar: novel-gateway-1.3.0.jar
Extracted 0 XML files from novel-gateway-1.3.0.jar
Extracting XML from fat jar: novel-home-1.3.0.jar
Extracted 0 XML files from novel-home-1.3.0.jar
Extracted 1 XML files (plain jar) from novel-home-1.3.0.jar
Extracting XML from fat jar: novel-monitor-1.3.0.jar
Extracted 0 XML files from novel-monitor-1.3.0.jar
Extracting XML from fat jar: novel-search-1.3.0.jar
Extracted 0 XML files from novel-search-1.3.0.jar
Extracted 1 XML files (plain jar) from novel-search-1.3.0.jar
Extracting XML from fat jar: pay-service-1.3.0.jar
Extracted 0 XML files from pay-service-1.3.0.jar
Extracted 1 XML files (plain jar) from pay-service-1.3.0.jar
Extracting XML from fat jar: user-service-1.3.0.jar
Extracted 0 XML files from user-service-1.3.0.jar
Extracted 1 XML files (plain jar) from user-service-1.3.0.jar
Auto-discovered 9 mapper path(s)
  - /var/folders/n9/gm62bg6x77xgx7pk8ttb_v640000gn/T/srfa-mapper-cache/author-service-1_3_0_1731057263000
  - /var/folders/n9/gm62bg6x77xgx7pk8ttb_v640000gn/T/srfa-mapper-cache/book-service-1_3_0_1731057263000
  - /var/folders/n9/gm62bg6x77xgx7pk8ttb_v640000gn/T/srfa-mapper-cache/book-service-1_3_0_1731057263000/mybatis/mapping
  - /var/folders/n9/gm62bg6x77xgx7pk8ttb_v640000gn/T/srfa-mapper-cache/news-service-1_3_0_1731057263000
  - /var/folders/n9/gm62bg6x77xgx7pk8ttb_v640000gn/T/srfa-mapper-cache/novel-file-1_3_0_1731057263000
  - /var/folders/n9/gm62bg6x77xgx7pk8ttb_v640000gn/T/srfa-mapper-cache/novel-home-1_3_0_1731057263000
  - /var/folders/n9/gm62bg6x77xgx7pk8ttb_v640000gn/T/srfa-mapper-cache/novel-search-1_3_0_1731057263000
  - /var/folders/n9/gm62bg6x77xgx7pk8ttb_v640000gn/T/srfa-mapper-cache/pay-service-1_3_0_1731057263000
  - /var/folders/n9/gm62bg6x77xgx7pk8ttb_v640000gn/T/srfa-mapper-cache/user-service-1_3_0_1731057263000
Using 9 mapper search path(s):
  - /var/folders/n9/gm62bg6x77xgx7pk8ttb_v640000gn/T/srfa-mapper-cache/author-service-1_3_0_1731057263000
  - /var/folders/n9/gm62bg6x77xgx7pk8ttb_v640000gn/T/srfa-mapper-cache/book-service-1_3_0_1731057263000
  - /var/folders/n9/gm62bg6x77xgx7pk8ttb_v640000gn/T/srfa-mapper-cache/book-service-1_3_0_1731057263000/mybatis/mapping
  - /var/folders/n9/gm62bg6x77xgx7pk8ttb_v640000gn/T/srfa-mapper-cache/news-service-1_3_0_1731057263000
  - /var/folders/n9/gm62bg6x77xgx7pk8ttb_v640000gn/T/srfa-mapper-cache/novel-file-1_3_0_1731057263000
  - /var/folders/n9/gm62bg6x77xgx7pk8ttb_v640000gn/T/srfa-mapper-cache/novel-home-1_3_0_1731057263000
  - /var/folders/n9/gm62bg6x77xgx7pk8ttb_v640000gn/T/srfa-mapper-cache/novel-search-1_3_0_1731057263000
  - /var/folders/n9/gm62bg6x77xgx7pk8ttb_v640000gn/T/srfa-mapper-cache/pay-service-1_3_0_1731057263000
  - /var/folders/n9/gm62bg6x77xgx7pk8ttb_v640000gn/T/srfa-mapper-cache/user-service-1_3_0_1731057263000
Parsed 2 MyBatis mapper files
Parsed 2 MyBatis mapper files
  Mapper namespace: com.java2nb.novel.book.mapper.BookMapper
    Operation: id=listRecBookByCatId, type=select, hasDollar=false
    Operation: id=queryNetworkPicBooks, type=select, hasDollar=false
    Operation: id=selectIdsByScoreAndRandom, type=select, hasDollar=false
    Operation: id=addVisitCount, type=update, hasDollar=true
      Risky var: ${{visitCount}}
    Operation: id=addCommentCount, type=update, hasDollar=false
  Mapper namespace: com.java2nb.novel.book.mapper.BookMapper
    Operation: id=listRecBookByCatId, type=select, hasDollar=false
    Operation: id=queryNetworkPicBooks, type=select, hasDollar=false
    Operation: id=selectIdsByScoreAndRandom, type=select, hasDollar=false
    Operation: id=addVisitCount, type=update, hasDollar=true
      Risky var: ${{visitCount}}
    Operation: id=addCommentCount, type=update, hasDollar=false
Collected 2 write field names from INSERT/UPDATE operations
Extracted 65 source metadata entries (before filtering)
Resolving 2 mapper namespaces...
  Namespace resolve: com.java2nb.novel.book.mapper.BookMapper -> com.java2nb.novel.book.mapper.BookMapper
  Namespace resolve: com.java2nb.novel.book.mapper.BookMapper -> com.java2nb.novel.book.mapper.BookMapper
Extracted 2 sink metadata entries (deduplicated, before risk filtering)
Sources: 65 generated, 0 filtered, 0 deduplicated
Sinks: 2 generated (risky), 0 filtered (safe), 0 deduplicated
  Note: 'risky' means uses string concatenation ($), 'safe' means uses prepared statement (#)
Written taint config to: output/taint-config-generated.yml
  Sources: 65 (SRFA param) + framework call sources
  Sinks: 2
  Transfers: standard set included
SRFA Analysis completed at: 2026-02-27 20:05:41 (Duration: 59ms)
srfaAnalysis finishes, elapsed time: 0.06s
pta starts ...
Loading taint config from /Users/yuntsy/My/Projects/Java/WebAnalyzer/output/taint-config-generated.yml
Ignore {"method":"<org.apache.shiro.SecurityUtils: org.apache.shiro.subject.Subject getSubject()>","type":"org.apache.shiro.subject.Subject"} due to missing source "kind"
Ignore {"method":"<org.apache.shiro.subject.Subject: java.lang.Object getPrincipal()>","type":"java.lang.Object"} due to missing source "kind"
Ignore {"method":"<org.apache.shiro.subject.Subject: org.apache.shiro.subject.PrincipalCollection getPrincipals()>","type":"org.apache.shiro.subject.PrincipalCollection"} due to missing source "kind"
Ignore {"method":"<org.apache.shiro.subject.PrincipalCollection: java.lang.Object getPrimaryPrincipal()>","type":"java.lang.Object"} due to missing source "kind"
Ignore {"method":"<org.springframework.security.core.context.SecurityContextHolder: org.springframework.security.core.context.SecurityContext getContext()>","type":"org.springframework.security.core.context.SecurityContext"} due to missing source "kind"
Ignore {"method":"<org.springframework.security.core.context.SecurityContext: org.springframework.security.core.Authentication getAuthentication()>","type":"org.springframework.security.core.Authentication"} due to missing source "kind"
Ignore {"method":"<org.springframework.security.core.Authentication: java.lang.Object getPrincipal()>","type":"java.lang.Object"} due to missing source "kind"
Ignore {"method":"<org.springframework.security.core.Authentication: java.lang.Object getDetails()>","type":"java.lang.Object"} due to missing source "kind"
Ignore {"method":"<org.springframework.security.core.Authentication: java.lang.String getName()>","type":"java.lang.String"} due to missing source "kind"
Ignore {"method":"<org.springframework.security.core.Authentication: java.util.Collection getAuthorities()>","type":"java.util.Collection"} due to missing source "kind"
Ignore {"method":"<org.springframework.security.core.userdetails.UserDetails: java.lang.String getUsername()>","type":"java.lang.String"} due to missing source "kind"
Ignore {"method":"<javax.servlet.http.HttpSession: java.lang.Object getAttribute(java.lang.String)>","type":"java.lang.Object"} due to missing source "kind"
Ignore {"method":"<javax.servlet.http.HttpSession: java.lang.Object getValue(java.lang.String)>","type":"java.lang.Object"} due to missing source "kind"
Ignore {"method":"<javax.servlet.http.HttpServletRequest: javax.servlet.http.HttpSession getSession()>","type":"javax.servlet.http.HttpSession"} due to missing source "kind"
Ignore {"method":"<javax.servlet.http.HttpServletRequest: javax.servlet.http.HttpSession getSession(boolean)>","type":"javax.servlet.http.HttpSession"} due to missing source "kind"
Ignore {"method":"<javax.servlet.http.HttpServletRequest: java.security.Principal getUserPrincipal()>","type":"java.security.Principal"} due to missing source "kind"
Ignore {"method":"<java.security.Principal: java.lang.String getName()>","type":"java.lang.String"} due to missing source "kind"
Ignore {"method":"<javax.servlet.http.HttpServletRequest: java.lang.Object getAttribute(java.lang.String)>","type":"java.lang.Object"} due to missing source "kind"
Ignore {"method":"<javax.servlet.ServletRequest: java.lang.Object getAttribute(java.lang.String)>","type":"java.lang.Object"} due to missing source "kind"
Ignore {"method":"<java.lang.ThreadLocal: java.lang.Object get()>","type":"java.lang.Object"} due to missing source "kind"
Ignore {"method":"<java.lang.InheritableThreadLocal: java.lang.Object get()>","type":"java.lang.Object"} due to missing source "kind"
Cannot find taint-transfer method '<java.util.LinkedHashMap: java.lang.Object put(java.lang.Object,java.lang.Object)>'
Cannot find taint-transfer method '<javax.servlet.http.HttpServletRequest: java.lang.String getParameter(java.lang.String)>'
Cannot find taint-transfer method '<javax.servlet.ServletRequest: java.lang.String getParameter(java.lang.String)>'
Cannot find taint-transfer method '<javax.servlet.http.HttpServletRequest: java.lang.String[] getParameterValues(java.lang.String)>'
Cannot find taint-transfer method '<javax.servlet.http.HttpServletRequest: java.lang.String getHeader(java.lang.String)>'
Cannot find taint-transfer method '<javax.servlet.http.HttpServletRequest: java.lang.String getQueryString()>'
Cannot find taint-transfer method '<javax.servlet.http.HttpServletRequest: java.lang.String getRequestURI()>'
Cannot find taint-transfer method '<javax.servlet.http.HttpServletRequest: java.lang.StringBuffer getRequestURL()>'
Cannot find taint-transfer method '<javax.servlet.http.HttpServletRequest: java.lang.String getRemoteAddr()>'
Cannot find taint-transfer method '<javax.servlet.http.HttpServletRequest: java.lang.Object getAttribute(java.lang.String)>'
Cannot find taint-transfer method '<org.apache.shiro.subject.Subject: java.lang.Object getPrincipal()>'
Cannot find taint-transfer method '<org.apache.shiro.subject.Subject: org.apache.shiro.subject.PrincipalCollection getPrincipals()>'
Cannot find taint-transfer method '<org.apache.shiro.subject.PrincipalCollection: java.lang.Object getPrimaryPrincipal()>'
Cannot find taint-transfer method '<org.apache.shiro.subject.PrincipalCollection: java.util.Collection fromRealm(java.lang.String)>'
Cannot find taint-transfer method '<org.springframework.security.core.context.SecurityContext: org.springframework.security.core.Authentication getAuthentication()>'
Cannot find taint-transfer method '<org.springframework.security.core.Authentication: java.lang.Object getPrincipal()>'
Cannot find taint-transfer method '<org.springframework.security.core.Authentication: java.lang.Object getDetails()>'
Cannot find taint-transfer method '<org.springframework.security.core.Authentication: java.lang.String getName()>'
Cannot find taint-transfer method '<org.springframework.security.core.Authentication: java.util.Collection getAuthorities()>'
Cannot find taint-transfer method '<org.springframework.security.core.userdetails.UserDetails: java.lang.String getUsername()>'
Cannot find taint-transfer method '<org.springframework.security.core.GrantedAuthority: java.lang.String getAuthority()>'
Cannot find taint-transfer method '<javax.servlet.http.HttpSession: java.lang.Object getAttribute(java.lang.String)>'
Cannot find taint-transfer method '<javax.servlet.http.HttpSession: java.lang.Object getValue(java.lang.String)>'
Cannot find taint-transfer method '<javax.servlet.http.HttpSession: void setAttribute(java.lang.String,java.lang.Object)>'
Cannot find taint-transfer method '<java.lang.InheritableThreadLocal: java.lang.Object get()>'
TaintConfig:
sources:
  - { kind: "param", method: "<com.java2nb.novel.book.controller.BookController: com.java2nb.novel.common.bean.ResultBean queryBookDetail(java.lang.Long)>", index: "0", type: "java.lang.Long" }
  - { kind: "param", method: "<com.java2nb.novel.book.controller.BookController: com.java2nb.novel.common.bean.ResultBean listRank(java.lang.Byte)>", index: "0", type: "java.lang.Byte" }
  - { kind: "param", method: "<com.java2nb.novel.book.controller.BookController: com.java2nb.novel.common.bean.ResultBean addVisitCount(java.lang.Long)>", index: "0", type: "java.lang.Long" }
  - { kind: "param", method: "<com.java2nb.novel.book.controller.BookController: com.java2nb.novel.common.bean.ResultBean queryBookIndexAbout(java.lang.Long,java.lang.Long)>", index: "0", type: "java.lang.Long" }
  - { kind: "param", method: "<com.java2nb.novel.book.controller.BookController: com.java2nb.novel.common.bean.ResultBean queryBookIndexAbout(java.lang.Long,java.lang.Long)>", index: "1", type: "java.lang.Long" }
  - { kind: "param", method: "<com.java2nb.novel.book.controller.BookController: com.java2nb.novel.common.bean.ResultBean listRecBookByCatId(java.lang.Integer)>", index: "0", type: "java.lang.Integer" }
  - { kind: "param", method: "<com.java2nb.novel.book.controller.BookController: com.java2nb.novel.common.bean.ResultBean listCommentByPage(java.lang.Long,int,int)>", index: "0", type: "java.lang.Long" }
  - { kind: "param", method: "<com.java2nb.novel.book.controller.BookController: com.java2nb.novel.common.bean.ResultBean listCommentByPage(java.lang.Long,int,int)>", index: "1", type: "int" }
  - { kind: "param", method: "<com.java2nb.novel.book.controller.BookController: com.java2nb.novel.common.bean.ResultBean listCommentByPage(java.lang.Long,int,int)>", index: "2", type: "int" }
  - { kind: "param", method: "<com.java2nb.novel.book.controller.BookController: com.java2nb.novel.common.bean.ResultBean listNewIndex(java.lang.Long,java.lang.String,java.lang.Integer)>", index: "0", type: "java.lang.Long" }
  - { kind: "param", method: "<com.java2nb.novel.book.controller.BookController: com.java2nb.novel.common.bean.ResultBean listNewIndex(java.lang.Long,java.lang.String,java.lang.Integer)>", index: "1", type: "java.lang.String" }
  - { kind: "param", method: "<com.java2nb.novel.book.controller.BookController: com.java2nb.novel.common.bean.ResultBean listNewIndex(java.lang.Long,java.lang.String,java.lang.Integer)>", index: "2", type: "java.lang.Integer" }
  - { kind: "param", method: "<com.java2nb.novel.book.controller.BookController: com.java2nb.novel.common.bean.ResultBean queryFirstBookIndexId(java.lang.Long)>", index: "0", type: "java.lang.Long" }
  - { kind: "param", method: "<com.java2nb.novel.book.controller.BookController: com.java2nb.novel.common.bean.ResultBean queryBookIndex(java.lang.Long)>", index: "0", type: "java.lang.Long" }
  - { kind: "param", method: "<com.java2nb.novel.book.controller.BookController: com.java2nb.novel.common.bean.ResultBean queryPreAndNextBookIndexId(java.lang.Long,java.lang.Integer)>", index: "0", type: "java.lang.Long" }
  - { kind: "param", method: "<com.java2nb.novel.book.controller.BookController: com.java2nb.novel.common.bean.ResultBean queryPreAndNextBookIndexId(java.lang.Long,java.lang.Integer)>", index: "1", type: "java.lang.Integer" }
  - { kind: "param", method: "<com.java2nb.novel.book.controller.BookController: com.java2nb.novel.common.bean.ResultBean queryBookContent(java.lang.Long)>", index: "0", type: "java.lang.Long" }
  - { kind: "param", method: "<com.java2nb.novel.book.controller.api.BookApi: java.util.List queryBookByMinUpdateTime(java.util.Date,int)>", index: "0", type: "java.util.Date" }
  - { kind: "param", method: "<com.java2nb.novel.book.controller.api.BookApi: java.util.List queryBookByMinUpdateTime(java.util.Date,int)>", index: "1", type: "int" }
  - { kind: "param", method: "<com.java2nb.novel.book.controller.api.BookApi: java.util.List queryBookByIds(java.util.List)>", index: "0", type: "java.util.List" }
  - { kind: "param", method: "<com.java2nb.novel.book.controller.api.BookApi: java.util.List listRank(java.lang.Byte,java.lang.Integer)>", index: "0", type: "java.lang.Byte" }
  - { kind: "param", method: "<com.java2nb.novel.book.controller.api.BookApi: java.util.List listRank(java.lang.Byte,java.lang.Integer)>", index: "1", type: "java.lang.Integer" }
  - { kind: "param", method: "<com.java2nb.novel.book.controller.api.BookApi: com.java2nb.novel.book.entity.Book queryBookById(java.lang.Long)>", index: "0", type: "java.lang.Long" }
  - { kind: "param", method: "<com.java2nb.novel.book.controller.api.BookApi: boolean addBookComment(java.lang.Long,com.java2nb.novel.book.entity.BookComment)>", index: "0", type: "java.lang.Long" }
  - { kind: "param", method: "<com.java2nb.novel.book.controller.api.BookApi: boolean addBookComment(java.lang.Long,com.java2nb.novel.book.entity.BookComment)>", index: "1", type: "com.java2nb.novel.book.entity.BookComment" }
  - { kind: "param", method: "<com.java2nb.novel.book.controller.api.BookApi: com.java2nb.novel.common.bean.PageBean listUserCommentByPage(java.lang.Long,int,int)>", index: "0", type: "java.lang.Long" }
  - { kind: "param", method: "<com.java2nb.novel.book.controller.api.BookApi: com.java2nb.novel.common.bean.PageBean listUserCommentByPage(java.lang.Long,int,int)>", index: "1", type: "int" }
  - { kind: "param", method: "<com.java2nb.novel.book.controller.api.BookApi: com.java2nb.novel.common.bean.PageBean listUserCommentByPage(java.lang.Long,int,int)>", index: "2", type: "int" }
  - { kind: "param", method: "<com.java2nb.novel.book.controller.api.BookApi: java.util.List queryNetworkPicBooks(java.lang.String,int)>", index: "0", type: "java.lang.String" }
  - { kind: "param", method: "<com.java2nb.novel.book.controller.api.BookApi: java.util.List queryNetworkPicBooks(java.lang.String,int)>", index: "1", type: "int" }
  - { kind: "param", method: "<com.java2nb.novel.book.controller.api.BookApi: boolean updateBookPic(java.lang.String,java.lang.Long)>", index: "0", type: "java.lang.String" }
  - { kind: "param", method: "<com.java2nb.novel.book.controller.api.BookApi: boolean updateBookPic(java.lang.String,java.lang.Long)>", index: "1", type: "java.lang.Long" }
  - { kind: "param", method: "<com.java2nb.novel.news.controller.NewsController: com.java2nb.novel.common.bean.ResultBean listByPage(int,int)>", index: "0", type: "int" }
  - { kind: "param", method: "<com.java2nb.novel.news.controller.NewsController: com.java2nb.novel.common.bean.ResultBean listByPage(int,int)>", index: "1", type: "int" }
  - { kind: "param", method: "<com.java2nb.novel.news.controller.NewsController: com.java2nb.novel.common.bean.ResultBean newsInfo(java.lang.Long)>", index: "0", type: "java.lang.Long" }
  - { kind: "param", method: "<com.java2nb.novel.news.controller.api.NewsApi: java.util.List listLastIndexNews(int)>", index: "0", type: "int" }
  - { kind: "param", method: "<com.java2nb.novel.search.controller.SearchController: com.java2nb.novel.common.bean.ResultBean searchByPage(com.java2nb.novel.search.vo.SearchParamVO,int,int)>", index: "0", type: "com.java2nb.novel.search.vo.SearchParamVO" }
  - { kind: "param", method: "<com.java2nb.novel.search.controller.SearchController: com.java2nb.novel.common.bean.ResultBean searchByPage(com.java2nb.novel.search.vo.SearchParamVO,int,int)>", index: "1", type: "int" }
  - { kind: "param", method: "<com.java2nb.novel.search.controller.SearchController: com.java2nb.novel.common.bean.ResultBean searchByPage(com.java2nb.novel.search.vo.SearchParamVO,int,int)>", index: "2", type: "int" }
  - { kind: "param", method: "<com.java2nb.novel.user.controller.UserController: com.java2nb.novel.common.bean.ResultBean login(com.java2nb.novel.user.entity.User)>", index: "0", type: "com.java2nb.novel.user.entity.User" }
  - { kind: "param", method: "<com.java2nb.novel.user.controller.UserController: com.java2nb.novel.common.bean.ResultBean register(com.java2nb.novel.user.entity.User,java.lang.String)>", index: "0", type: "com.java2nb.novel.user.entity.User" }
  - { kind: "param", method: "<com.java2nb.novel.user.controller.UserController: com.java2nb.novel.common.bean.ResultBean register(com.java2nb.novel.user.entity.User,java.lang.String)>", index: "1", type: "java.lang.String" }
  - { kind: "param", method: "<com.java2nb.novel.user.controller.UserController: com.java2nb.novel.common.bean.ResultBean queryIsInShelf(java.lang.Long,javax.servlet.http.HttpServletRequest)>", index: "0", type: "java.lang.Long" }
  - { kind: "param", method: "<com.java2nb.novel.user.controller.UserController: com.java2nb.novel.common.bean.ResultBean addToBookShelf(java.lang.Long,java.lang.Long,javax.servlet.http.HttpServletRequest)>", index: "0", type: "java.lang.Long" }
  - { kind: "param", method: "<com.java2nb.novel.user.controller.UserController: com.java2nb.novel.common.bean.ResultBean addToBookShelf(java.lang.Long,java.lang.Long,javax.servlet.http.HttpServletRequest)>", index: "1", type: "java.lang.Long" }
  - { kind: "param", method: "<com.java2nb.novel.user.controller.UserController: com.java2nb.novel.common.bean.ResultBean removeFromBookShelf(java.lang.Long,javax.servlet.http.HttpServletRequest)>", index: "0", type: "java.lang.Long" }
  - { kind: "param", method: "<com.java2nb.novel.user.controller.UserController: com.java2nb.novel.common.bean.ResultBean listBookShelfByPage(int,int,javax.servlet.http.HttpServletRequest)>", index: "0", type: "int" }
  - { kind: "param", method: "<com.java2nb.novel.user.controller.UserController: com.java2nb.novel.common.bean.ResultBean listBookShelfByPage(int,int,javax.servlet.http.HttpServletRequest)>", index: "1", type: "int" }
  - { kind: "param", method: "<com.java2nb.novel.user.controller.UserController: com.java2nb.novel.common.bean.ResultBean listReadHistoryByPage(int,int,javax.servlet.http.HttpServletRequest)>", index: "0", type: "int" }
  - { kind: "param", method: "<com.java2nb.novel.user.controller.UserController: com.java2nb.novel.common.bean.ResultBean listReadHistoryByPage(int,int,javax.servlet.http.HttpServletRequest)>", index: "1", type: "int" }
  - { kind: "param", method: "<com.java2nb.novel.user.controller.UserController: com.java2nb.novel.common.bean.ResultBean addReadHistory(java.lang.Long,java.lang.Long,javax.servlet.http.HttpServletRequest)>", index: "0", type: "java.lang.Long" }
  - { kind: "param", method: "<com.java2nb.novel.user.controller.UserController: com.java2nb.novel.common.bean.ResultBean addReadHistory(java.lang.Long,java.lang.Long,javax.servlet.http.HttpServletRequest)>", index: "1", type: "java.lang.Long" }
  - { kind: "param", method: "<com.java2nb.novel.user.controller.UserController: com.java2nb.novel.common.bean.ResultBean addFeedBack(java.lang.String,javax.servlet.http.HttpServletRequest)>", index: "0", type: "java.lang.String" }
  - { kind: "param", method: "<com.java2nb.novel.user.controller.UserController: com.java2nb.novel.common.bean.ResultBean listUserFeedBackByPage(int,int,javax.servlet.http.HttpServletRequest)>", index: "0", type: "int" }
  - { kind: "param", method: "<com.java2nb.novel.user.controller.UserController: com.java2nb.novel.common.bean.ResultBean listUserFeedBackByPage(int,int,javax.servlet.http.HttpServletRequest)>", index: "1", type: "int" }
  - { kind: "param", method: "<com.java2nb.novel.user.controller.UserController: com.java2nb.novel.common.bean.ResultBean updateUserInfo(com.java2nb.novel.user.entity.User,javax.servlet.http.HttpServletRequest)>", index: "0", type: "com.java2nb.novel.user.entity.User" }
  - { kind: "param", method: "<com.java2nb.novel.user.controller.UserController: com.java2nb.novel.common.bean.ResultBean updatePassword(java.lang.String,java.lang.String,java.lang.String,javax.servlet.http.HttpServletRequest)>", index: "0", type: "java.lang.String" }
  - { kind: "param", method: "<com.java2nb.novel.user.controller.UserController: com.java2nb.novel.common.bean.ResultBean updatePassword(java.lang.String,java.lang.String,java.lang.String,javax.servlet.http.HttpServletRequest)>", index: "1", type: "java.lang.String" }
  - { kind: "param", method: "<com.java2nb.novel.user.controller.UserController: com.java2nb.novel.common.bean.ResultBean updatePassword(java.lang.String,java.lang.String,java.lang.String,javax.servlet.http.HttpServletRequest)>", index: "2", type: "java.lang.String" }
  - { kind: "param", method: "<com.java2nb.novel.user.controller.UserController: com.java2nb.novel.common.bean.ResultBean addBookComment(com.java2nb.novel.book.entity.BookComment,javax.servlet.http.HttpServletRequest)>", index: "0", type: "com.java2nb.novel.book.entity.BookComment" }
  - { kind: "param", method: "<com.java2nb.novel.user.controller.UserController: com.java2nb.novel.common.bean.ResultBean listCommentByPage(int,int,javax.servlet.http.HttpServletRequest)>", index: "0", type: "int" }
  - { kind: "param", method: "<com.java2nb.novel.user.controller.UserController: com.java2nb.novel.common.bean.ResultBean listCommentByPage(int,int,javax.servlet.http.HttpServletRequest)>", index: "1", type: "int" }
  - { kind: "param", method: "<com.java2nb.novel.user.controller.api.UserApi: com.java2nb.novel.user.entity.User queryByUsernameAndPassword(java.lang.String,java.lang.String)>", index: "0", type: "java.lang.String" }
  - { kind: "param", method: "<com.java2nb.novel.user.controller.api.UserApi: com.java2nb.novel.user.entity.User queryByUsernameAndPassword(java.lang.String,java.lang.String)>", index: "1", type: "java.lang.String" }
  - { kind: "param", method: "<com.java2nb.novel.user.controller.api.UserApi: java.util.List queryById(java.util.List)>", index: "0", type: "java.util.List" }

sinks:
  - { method: "<com.java2nb.novel.book.mapper.BookMapper: java.util.List listRecBookByCatId(java.lang.Integer)>", index: "0" }
  - { method: "<com.java2nb.novel.book.mapper.BookMapper: void addCommentCount(java.lang.Long)>", index: "0" }

transfers:
  - { method: "<java.lang.String: java.lang.String concat(java.lang.String)>", from: "base", to: "result", type: "java.lang.String" }
  - { method: "<java.lang.String: java.lang.String concat(java.lang.String)>", from: "0", to: "result", type: "java.lang.String" }
  - { method: "<java.lang.String: java.lang.String substring(int)>", from: "base", to: "result", type: "java.lang.String" }
  - { method: "<java.lang.String: java.lang.String substring(int,int)>", from: "base", to: "result", type: "java.lang.String" }
  - { method: "<java.lang.String: java.lang.String replace(char,char)>", from: "base", to: "result", type: "java.lang.String" }
  - { method: "<java.lang.String: java.lang.String replace(java.lang.CharSequence,java.lang.CharSequence)>", from: "base", to: "result", type: "java.lang.String" }
  - { method: "<java.lang.String: java.lang.String replaceAll(java.lang.String,java.lang.String)>", from: "base", to: "result", type: "java.lang.String" }
  - { method: "<java.lang.String: java.lang.String replaceFirst(java.lang.String,java.lang.String)>", from: "base", to: "result", type: "java.lang.String" }
  - { method: "<java.lang.String: java.lang.String trim()>", from: "base", to: "result", type: "java.lang.String" }
  - { method: "<java.lang.String: java.lang.String strip()>", from: "base", to: "result", type: "java.lang.String" }
  - { method: "<java.lang.String: java.lang.String stripLeading()>", from: "base", to: "result", type: "java.lang.String" }
  - { method: "<java.lang.String: java.lang.String stripTrailing()>", from: "base", to: "result", type: "java.lang.String" }
  - { method: "<java.lang.String: java.lang.String toLowerCase()>", from: "base", to: "result", type: "java.lang.String" }
  - { method: "<java.lang.String: java.lang.String toLowerCase(java.util.Locale)>", from: "base", to: "result", type: "java.lang.String" }
  - { method: "<java.lang.String: java.lang.String toUpperCase()>", from: "base", to: "result", type: "java.lang.String" }
  - { method: "<java.lang.String: java.lang.String toUpperCase(java.util.Locale)>", from: "base", to: "result", type: "java.lang.String" }
  - { method: "<java.lang.String: java.lang.String intern()>", from: "base", to: "result", type: "java.lang.String" }
  - { method: "<java.lang.String: java.lang.String valueOf(java.lang.Object)>", from: "0", to: "result", type: "java.lang.String" }
  - { method: "<java.lang.String: java.lang.String valueOf(char[])>", from: "0", to: "result", type: "java.lang.String" }
  - { method: "<java.lang.String: java.lang.String format(java.lang.String,java.lang.Object[])>", from: "0", to: "result", type: "java.lang.String" }
  - { method: "<java.lang.String: java.lang.String format(java.util.Locale,java.lang.String,java.lang.Object[])>", from: "1", to: "result", type: "java.lang.String" }
  - { method: "<java.lang.String: java.lang.String join(java.lang.CharSequence,java.lang.CharSequence[])>", from: "1", to: "result", type: "java.lang.String" }
  - { method: "<java.lang.String: java.lang.String join(java.lang.CharSequence,java.lang.Iterable)>", from: "1", to: "result", type: "java.lang.String" }
  - { method: "<java.lang.String: char[] toCharArray()>", from: "base", to: "result", type: "char[]" }
  - { method: "<java.lang.StringBuilder: java.lang.StringBuilder append(java.lang.String)>", from: "0", to: "base", type: "java.lang.StringBuilder" }
  - { method: "<java.lang.StringBuilder: java.lang.StringBuilder append(java.lang.Object)>", from: "0", to: "base", type: "java.lang.StringBuilder" }
  - { method: "<java.lang.StringBuilder: java.lang.StringBuilder append(java.lang.CharSequence)>", from: "0", to: "base", type: "java.lang.StringBuilder" }
  - { method: "<java.lang.StringBuilder: java.lang.StringBuilder append(char[])>", from: "0", to: "base", type: "java.lang.StringBuilder" }
  - { method: "<java.lang.StringBuilder: java.lang.StringBuilder append(boolean)>", from: "0", to: "base", type: "java.lang.StringBuilder" }
  - { method: "<java.lang.StringBuilder: java.lang.StringBuilder append(int)>", from: "0", to: "base", type: "java.lang.StringBuilder" }
  - { method: "<java.lang.StringBuilder: java.lang.StringBuilder append(long)>", from: "0", to: "base", type: "java.lang.StringBuilder" }
  - { method: "<java.lang.StringBuilder: java.lang.StringBuilder append(java.lang.String)>", from: "base", to: "result", type: "java.lang.StringBuilder" }
  - { method: "<java.lang.StringBuilder: java.lang.StringBuilder append(java.lang.Object)>", from: "base", to: "result", type: "java.lang.StringBuilder" }
  - { method: "<java.lang.StringBuilder: java.lang.StringBuilder append(java.lang.CharSequence)>", from: "base", to: "result", type: "java.lang.StringBuilder" }
  - { method: "<java.lang.StringBuilder: java.lang.String toString()>", from: "base", to: "result", type: "java.lang.String" }
  - { method: "<java.lang.StringBuilder: java.lang.StringBuilder insert(int,java.lang.String)>", from: "1", to: "base", type: "java.lang.StringBuilder" }
  - { method: "<java.lang.StringBuilder: java.lang.StringBuilder insert(int,java.lang.Object)>", from: "1", to: "base", type: "java.lang.StringBuilder" }
  - { method: "<java.lang.StringBuilder: java.lang.StringBuilder insert(int,java.lang.CharSequence)>", from: "1", to: "base", type: "java.lang.StringBuilder" }
  - { method: "<java.lang.StringBuffer: java.lang.StringBuffer append(java.lang.String)>", from: "0", to: "base", type: "java.lang.StringBuffer" }
  - { method: "<java.lang.StringBuffer: java.lang.StringBuffer append(java.lang.Object)>", from: "0", to: "base", type: "java.lang.StringBuffer" }
  - { method: "<java.lang.StringBuffer: java.lang.StringBuffer append(java.lang.String)>", from: "base", to: "result", type: "java.lang.StringBuffer" }
  - { method: "<java.lang.StringBuffer: java.lang.StringBuffer append(java.lang.Object)>", from: "base", to: "result", type: "java.lang.StringBuffer" }
  - { method: "<java.lang.StringBuffer: java.lang.String toString()>", from: "base", to: "result", type: "java.lang.String" }
  - { method: "<java.util.Map: java.lang.Object get(java.lang.Object)>", from: "base", to: "result", type: "java.lang.Object" }
  - { method: "<java.util.HashMap: java.lang.Object get(java.lang.Object)>", from: "base", to: "result", type: "java.lang.Object" }
  - { method: "<java.util.LinkedHashMap: java.lang.Object get(java.lang.Object)>", from: "base", to: "result", type: "java.lang.Object" }
  - { method: "<java.util.TreeMap: java.lang.Object get(java.lang.Object)>", from: "base", to: "result", type: "java.lang.Object" }
  - { method: "<java.util.concurrent.ConcurrentHashMap: java.lang.Object get(java.lang.Object)>", from: "base", to: "result", type: "java.lang.Object" }
  - { method: "<java.util.Map: java.lang.Object put(java.lang.Object,java.lang.Object)>", from: "1", to: "base", type: "java.util.Map" }
  - { method: "<java.util.HashMap: java.lang.Object put(java.lang.Object,java.lang.Object)>", from: "1", to: "base", type: "java.util.HashMap" }
  - { method: "<java.util.Map: void putAll(java.util.Map)>", from: "0", to: "base", type: "java.util.Map" }
  - { method: "<java.util.Map: java.util.Collection values()>", from: "base", to: "result", type: "java.util.Collection" }
  - { method: "<java.util.Map: java.util.Set entrySet()>", from: "base", to: "result", type: "java.util.Set" }
  - { method: "<java.util.Map$Entry: java.lang.Object getValue()>", from: "base", to: "result", type: "java.lang.Object" }
  - { method: "<java.util.Map$Entry: java.lang.Object getKey()>", from: "base", to: "result", type: "java.lang.Object" }
  - { method: "<java.util.List: java.lang.Object get(int)>", from: "base", to: "result", type: "java.lang.Object" }
  - { method: "<java.util.ArrayList: java.lang.Object get(int)>", from: "base", to: "result", type: "java.lang.Object" }
  - { method: "<java.util.LinkedList: java.lang.Object get(int)>", from: "base", to: "result", type: "java.lang.Object" }
  - { method: "<java.util.List: boolean add(java.lang.Object)>", from: "0", to: "base", type: "java.util.List" }
  - { method: "<java.util.ArrayList: boolean add(java.lang.Object)>", from: "0", to: "base", type: "java.util.ArrayList" }
  - { method: "<java.util.LinkedList: boolean add(java.lang.Object)>", from: "0", to: "base", type: "java.util.LinkedList" }
  - { method: "<java.util.Collection: boolean add(java.lang.Object)>", from: "0", to: "base", type: "java.util.Collection" }
  - { method: "<java.util.Iterator: java.lang.Object next()>", from: "base", to: "result", type: "java.lang.Object" }
  - { method: "<java.util.ListIterator: java.lang.Object next()>", from: "base", to: "result", type: "java.lang.Object" }
  - { method: "<java.util.Optional: java.lang.Object get()>", from: "base", to: "result", type: "java.lang.Object" }
  - { method: "<java.util.Optional: java.lang.Object orElse(java.lang.Object)>", from: "base", to: "result", type: "java.lang.Object" }
  - { method: "<java.util.Optional: java.lang.Object orElseGet(java.util.function.Supplier)>", from: "base", to: "result", type: "java.lang.Object" }
  - { method: "<java.util.Optional: java.util.Optional of(java.lang.Object)>", from: "0", to: "result", type: "java.util.Optional" }
  - { method: "<java.util.Optional: java.util.Optional ofNullable(java.lang.Object)>", from: "0", to: "result", type: "java.util.Optional" }
  - { method: "<java.lang.Object: java.lang.String toString()>", from: "base", to: "result", type: "java.lang.String" }
  - { method: "<java.lang.ThreadLocal: java.lang.Object get()>", from: "base", to: "result", type: "java.lang.Object" }

Initializing global bean mock objects for beans...
Initialized 27 global bean objects.
Added entry point (Empty): <com.java2nb.novel.book.controller.BookController: com.java2nb.novel.common.bean.ResultBean listBookCategory()>
No bean found for concrete class: org.springframework.amqp.rabbit.core.RabbitTemplate
Added entry point (Empty): <com.java2nb.novel.gateway.swagger.SwaggerHandler: reactor.core.publisher.Mono securityConfiguration()>
Added entry point (Empty): <com.java2nb.novel.gateway.swagger.SwaggerHandler: reactor.core.publisher.Mono uiConfiguration()>
Added entry point (Empty): <com.java2nb.novel.gateway.swagger.SwaggerHandler: reactor.core.publisher.Mono swaggerResources()>
Added entry point (Empty): <com.java2nb.novel.home.controller.HomeController: com.java2nb.novel.common.bean.ResultBean listHomeBook()>
Added entry point (Empty): <com.java2nb.novel.home.controller.HomeController: com.java2nb.novel.common.bean.ResultBean listIndexLink()>
Added entry point (Empty): <com.java2nb.novel.home.controller.HomeController: com.java2nb.novel.common.bean.ResultBean listIndexNews()>
Added entry point (Empty): <com.java2nb.novel.home.controller.HomeController: com.java2nb.novel.common.bean.ResultBean listClickRank()>
Added entry point (Empty): <com.java2nb.novel.home.controller.HomeController: com.java2nb.novel.common.bean.ResultBean listNewRank()>
Added entry point (Empty): <com.java2nb.novel.home.controller.HomeController: com.java2nb.novel.common.bean.ResultBean listUpdateRank()>
No bean found for concrete class: com.java2nb.novel.common.cache.CacheService
Concrete class not found for type: javax.servlet.http.HttpServletRequestWrapper
Concrete class not found for type: javax.servlet.http.HttpServletRequestWrapper
Concrete class not found for type: javax.servlet.http.HttpServletRequestWrapper
Concrete class not found for type: javax.servlet.http.HttpServletRequestWrapper
Concrete class not found for type: javax.servlet.http.HttpServletRequestWrapper
Concrete class not found for type: javax.servlet.http.HttpServletRequestWrapper
Concrete class not found for type: javax.servlet.http.HttpServletRequestWrapper
Concrete class not found for type: javax.servlet.http.HttpServletRequestWrapper
Concrete class not found for type: javax.servlet.http.HttpServletRequestWrapper
Concrete class not found for type: javax.servlet.http.HttpServletRequestWrapper
Concrete class not found for type: javax.servlet.http.HttpServletRequestWrapper
Concrete class not found for type: javax.servlet.http.HttpServletRequestWrapper
No implementation found for interface: com.java2nb.novel.user.feign.BookFeignClient
Concrete class not found for type: javax.servlet.http.HttpServletRequestWrapper
No bean found for concrete class: com.java2nb.novel.user.feign.BookFeignClient
Concrete class not found for type: javax.servlet.http.HttpServletRequestWrapper
Initializing global aspect mock objects...
No implementation found for interface: com.java2nb.novel.book.feign.UserFeignClient
No bean found for concrete class: com.java2nb.novel.common.cache.CacheService
No bean found for concrete class: com.java2nb.novel.common.cache.CacheService
No bean found for concrete class: com.java2nb.novel.common.cache.CacheService
No implementation found for interface: com.java2nb.novel.home.feign.NewsFeignClient
No bean found for concrete class: com.java2nb.novel.common.cache.CacheService
No bean found for concrete class: com.java2nb.novel.common.cache.CacheService
No bean found for concrete class: com.java2nb.novel.common.cache.CacheService
No bean found for concrete class: io.searchbox.client.JestClient
No bean found for concrete class: com.java2nb.novel.user.feign.BookFeignClient
No bean found for concrete class: com.java2nb.novel.user.feign.BookFeignClient
No bean found for concrete class: org.springframework.cloud.gateway.route.RouteLocator
No bean found for concrete class: org.springframework.cloud.gateway.config.GatewayProperties
[Pointer analysis] elapsed time: 0.05s
Detected 1 taint flow(s):
TaintFlow{<com.java2nb.novel.book.controller.BookController: com.java2nb.novel.common.bean.ResultBean listRecBookByCatId(java.lang.Integer)>/0 -> <com.java2nb.novel.book.service.impl.BookServiceImpl: java.util.List listRecBookByCatId(java.lang.Integer)>[1@L170] $r3 = invokeinterface $r2.listRecBookByCatId(catId)/0}
TFGDumper starts ...
Source nodes:
VarNode{<com.java2nb.novel.book.controller.BookController: com.java2nb.novel.common.bean.ResultBean queryPreAndNextBookIndexId(java.lang.Long,java.lang.Integer)>/bookId}
VarNode{<com.java2nb.novel.user.controller.UserController: com.java2nb.novel.common.bean.ResultBean listUserFeedBackByPage(int,int,javax.servlet.http.HttpServletRequest)>/page}
VarNode{<com.java2nb.novel.news.controller.NewsController: com.java2nb.novel.common.bean.ResultBean listByPage(int,int)>/page}
VarNode{<com.java2nb.novel.book.controller.BookController: com.java2nb.novel.common.bean.ResultBean listRank(java.lang.Byte)>/type}
VarNode{<com.java2nb.novel.book.controller.BookController: com.java2nb.novel.common.bean.ResultBean queryPreAndNextBookIndexId(java.lang.Long,java.lang.Integer)>/indexNum}
VarNode{<com.java2nb.novel.user.controller.UserController: com.java2nb.novel.common.bean.ResultBean listCommentByPage(int,int,javax.servlet.http.HttpServletRequest)>/page}
VarNode{<com.java2nb.novel.user.controller.UserController: com.java2nb.novel.common.bean.ResultBean removeFromBookShelf(java.lang.Long,javax.servlet.http.HttpServletRequest)>/bookId}
VarNode{<com.java2nb.novel.news.controller.NewsController: com.java2nb.novel.common.bean.ResultBean newsInfo(java.lang.Long)>/newsId}
VarNode{<com.java2nb.novel.book.controller.api.BookApi: java.util.List queryBookByMinUpdateTime(java.util.Date,int)>/limit}
VarNode{<com.java2nb.novel.user.controller.UserController: com.java2nb.novel.common.bean.ResultBean addBookComment(com.java2nb.novel.book.entity.BookComment,javax.servlet.http.HttpServletRequest)>/comment}
VarNode{<com.java2nb.novel.book.controller.BookController: com.java2nb.novel.common.bean.ResultBean queryBookIndex(java.lang.Long)>/bookIndexId}
VarNode{<com.java2nb.novel.book.controller.api.BookApi: boolean updateBookPic(java.lang.String,java.lang.Long)>/bookId}
VarNode{<com.java2nb.novel.user.controller.UserController: com.java2nb.novel.common.bean.ResultBean updateUserInfo(com.java2nb.novel.user.entity.User,javax.servlet.http.HttpServletRequest)>/user}
VarNode{<com.java2nb.novel.book.controller.BookController: com.java2nb.novel.common.bean.ResultBean addVisitCount(java.lang.Long)>/bookId}
VarNode{<com.java2nb.novel.user.controller.UserController: com.java2nb.novel.common.bean.ResultBean register(com.java2nb.novel.user.entity.User,java.lang.String)>/user}
VarNode{<com.java2nb.novel.book.controller.api.BookApi: java.util.List queryNetworkPicBooks(java.lang.String,int)>/localPicPrefix}
VarNode{<com.java2nb.novel.user.controller.UserController: com.java2nb.novel.common.bean.ResultBean queryIsInShelf(java.lang.Long,javax.servlet.http.HttpServletRequest)>/bookId}
VarNode{<com.java2nb.novel.user.controller.UserController: com.java2nb.novel.common.bean.ResultBean listCommentByPage(int,int,javax.servlet.http.HttpServletRequest)>/pageSize}
VarNode{<com.java2nb.novel.book.controller.BookController: com.java2nb.novel.common.bean.ResultBean listNewIndex(java.lang.Long,java.lang.String,java.lang.Integer)>/limit}
VarNode{<com.java2nb.novel.book.controller.BookController: com.java2nb.novel.common.bean.ResultBean queryBookIndexAbout(java.lang.Long,java.lang.Long)>/bookId}
VarNode{<com.java2nb.novel.book.controller.BookController: com.java2nb.novel.common.bean.ResultBean queryBookDetail(java.lang.Long)>/id}
VarNode{<com.java2nb.novel.book.controller.api.BookApi: com.java2nb.novel.book.entity.Book queryBookById(java.lang.Long)>/id}
VarNode{<com.java2nb.novel.book.controller.api.BookApi: java.util.List queryBookByIds(java.util.List)>/ids}
VarNode{<com.java2nb.novel.user.controller.UserController: com.java2nb.novel.common.bean.ResultBean addReadHistory(java.lang.Long,java.lang.Long,javax.servlet.http.HttpServletRequest)>/preContentId}
VarNode{<com.java2nb.novel.book.controller.BookController: com.java2nb.novel.common.bean.ResultBean listCommentByPage(java.lang.Long,int,int)>/pageSize}
VarNode{<com.java2nb.novel.book.controller.BookController: com.java2nb.novel.common.bean.ResultBean listCommentByPage(java.lang.Long,int,int)>/bookId}
VarNode{<com.java2nb.novel.user.controller.UserController: com.java2nb.novel.common.bean.ResultBean login(com.java2nb.novel.user.entity.User)>/user}
VarNode{<com.java2nb.novel.book.controller.BookController: com.java2nb.novel.common.bean.ResultBean queryBookContent(java.lang.Long)>/bookIndexId}
VarNode{<com.java2nb.novel.book.controller.api.BookApi: boolean addBookComment(java.lang.Long,com.java2nb.novel.book.entity.BookComment)>/comment}
VarNode{<com.java2nb.novel.book.controller.BookController: com.java2nb.novel.common.bean.ResultBean listNewIndex(java.lang.Long,java.lang.String,java.lang.Integer)>/orderBy}
VarNode{<com.java2nb.novel.user.controller.UserController: com.java2nb.novel.common.bean.ResultBean register(com.java2nb.novel.user.entity.User,java.lang.String)>/velCode}
VarNode{<com.java2nb.novel.user.controller.UserController: com.java2nb.novel.common.bean.ResultBean addToBookShelf(java.lang.Long,java.lang.Long,javax.servlet.http.HttpServletRequest)>/bookId}
VarNode{<com.java2nb.novel.user.controller.UserController: com.java2nb.novel.common.bean.ResultBean addToBookShelf(java.lang.Long,java.lang.Long,javax.servlet.http.HttpServletRequest)>/preContentId}
VarNode{<com.java2nb.novel.book.controller.BookController: com.java2nb.novel.common.bean.ResultBean queryBookIndexAbout(java.lang.Long,java.lang.Long)>/lastBookIndexId}
VarNode{<com.java2nb.novel.user.controller.UserController: com.java2nb.novel.common.bean.ResultBean listUserFeedBackByPage(int,int,javax.servlet.http.HttpServletRequest)>/pageSize}
VarNode{<com.java2nb.novel.book.controller.BookController: com.java2nb.novel.common.bean.ResultBean listNewIndex(java.lang.Long,java.lang.String,java.lang.Integer)>/bookId}
VarNode{<com.java2nb.novel.user.controller.UserController: com.java2nb.novel.common.bean.ResultBean updatePassword(java.lang.String,java.lang.String,java.lang.String,javax.servlet.http.HttpServletRequest)>/newPassword1}
VarNode{<com.java2nb.novel.book.controller.api.BookApi: boolean addBookComment(java.lang.Long,com.java2nb.novel.book.entity.BookComment)>/userId}
VarNode{<com.java2nb.novel.user.controller.UserController: com.java2nb.novel.common.bean.ResultBean addFeedBack(java.lang.String,javax.servlet.http.HttpServletRequest)>/content}
VarNode{<com.java2nb.novel.book.controller.BookController: com.java2nb.novel.common.bean.ResultBean listCommentByPage(java.lang.Long,int,int)>/page}
VarNode{<com.java2nb.novel.search.controller.SearchController: com.java2nb.novel.common.bean.ResultBean searchByPage(com.java2nb.novel.search.vo.SearchParamVO,int,int)>/paramVO}
VarNode{<com.java2nb.novel.book.controller.BookController: com.java2nb.novel.common.bean.ResultBean listRecBookByCatId(java.lang.Integer)>/catId}
VarNode{<com.java2nb.novel.search.controller.SearchController: com.java2nb.novel.common.bean.ResultBean searchByPage(com.java2nb.novel.search.vo.SearchParamVO,int,int)>/page}
VarNode{<com.java2nb.novel.user.controller.UserController: com.java2nb.novel.common.bean.ResultBean listBookShelfByPage(int,int,javax.servlet.http.HttpServletRequest)>/page}
VarNode{<com.java2nb.novel.book.controller.api.BookApi: com.java2nb.novel.common.bean.PageBean listUserCommentByPage(java.lang.Long,int,int)>/pageSize}
VarNode{<com.java2nb.novel.book.controller.api.BookApi: java.util.List queryBookByMinUpdateTime(java.util.Date,int)>/minDate}
VarNode{<com.java2nb.novel.book.controller.api.BookApi: com.java2nb.novel.common.bean.PageBean listUserCommentByPage(java.lang.Long,int,int)>/userId}
VarNode{<com.java2nb.novel.user.controller.UserController: com.java2nb.novel.common.bean.ResultBean updatePassword(java.lang.String,java.lang.String,java.lang.String,javax.servlet.http.HttpServletRequest)>/oldPassword}
VarNode{<com.java2nb.novel.user.controller.UserController: com.java2nb.novel.common.bean.ResultBean listReadHistoryByPage(int,int,javax.servlet.http.HttpServletRequest)>/page}
VarNode{<com.java2nb.novel.user.controller.UserController: com.java2nb.novel.common.bean.ResultBean listBookShelfByPage(int,int,javax.servlet.http.HttpServletRequest)>/pageSize}
VarNode{<com.java2nb.novel.user.controller.UserController: com.java2nb.novel.common.bean.ResultBean addReadHistory(java.lang.Long,java.lang.Long,javax.servlet.http.HttpServletRequest)>/bookId}
VarNode{<com.java2nb.novel.user.controller.UserController: com.java2nb.novel.common.bean.ResultBean listReadHistoryByPage(int,int,javax.servlet.http.HttpServletRequest)>/pageSize}
VarNode{<com.java2nb.novel.book.controller.api.BookApi: boolean updateBookPic(java.lang.String,java.lang.Long)>/picUrl}
VarNode{<com.java2nb.novel.book.controller.api.BookApi: java.util.List listRank(java.lang.Byte,java.lang.Integer)>/type}
VarNode{<com.java2nb.novel.user.controller.api.UserApi: java.util.List queryById(java.util.List)>/ids}
VarNode{<com.java2nb.novel.book.controller.api.BookApi: com.java2nb.novel.common.bean.PageBean listUserCommentByPage(java.lang.Long,int,int)>/page}
VarNode{<com.java2nb.novel.news.controller.NewsController: com.java2nb.novel.common.bean.ResultBean listByPage(int,int)>/pageSize}
VarNode{<com.java2nb.novel.user.controller.UserController: com.java2nb.novel.common.bean.ResultBean updatePassword(java.lang.String,java.lang.String,java.lang.String,javax.servlet.http.HttpServletRequest)>/newPassword2}
VarNode{<com.java2nb.novel.news.controller.api.NewsApi: java.util.List listLastIndexNews(int)>/limit}
VarNode{<com.java2nb.novel.book.controller.BookController: com.java2nb.novel.common.bean.ResultBean queryFirstBookIndexId(java.lang.Long)>/bookId}
VarNode{<com.java2nb.novel.book.controller.api.BookApi: java.util.List queryNetworkPicBooks(java.lang.String,int)>/limit}
VarNode{<com.java2nb.novel.user.controller.api.UserApi: com.java2nb.novel.user.entity.User queryByUsernameAndPassword(java.lang.String,java.lang.String)>/password}
VarNode{<com.java2nb.novel.user.controller.api.UserApi: com.java2nb.novel.user.entity.User queryByUsernameAndPassword(java.lang.String,java.lang.String)>/username}
VarNode{<com.java2nb.novel.search.controller.SearchController: com.java2nb.novel.common.bean.ResultBean searchByPage(com.java2nb.novel.search.vo.SearchParamVO,int,int)>/pageSize}
VarNode{<com.java2nb.novel.book.controller.api.BookApi: java.util.List listRank(java.lang.Byte,java.lang.Integer)>/limit}
Sink nodes:
VarNode{<com.java2nb.novel.book.service.impl.BookServiceImpl: java.util.List listRecBookByCatId(java.lang.Integer)>/catId}
Dumping /Users/yuntsy/My/Projects/Java/WebAnalyzer/output/taint-flow-graph.dot
TFGDumper finishes, elapsed time: 0.02s
-------------- Pointer analysis statistics: --------------
#var pointers:                2006 (insens) / 2006 (sens)
#objects:                     509 (insens) / 509 (sens)
#var points-to:               1016 (insens) / 1035 (sens)
#static field points-to:      12 (sens)
#instance field points-to:    130 (sens)
#array points-to:             4 (sens)
#reachable methods:           201 (insens) / 201 (sens)
#call graph edges:            226 (insens) / 226 (sens)
----------------------------------------
pta finishes, elapsed time: 0.22s
cg starts ...
Call graph has 201 reachable methods and 226 edges
Dumping call graph to /Users/yuntsy/My/Projects/Java/WebAnalyzer/output/call-graph.dot
Dumping reachable methods to /Users/yuntsy/My/Projects/Java/WebAnalyzer/output/reachable-methods.txt
Dumping call edges to /Users/yuntsy/My/Projects/Java/WebAnalyzer/output/call-edges.txt
cg finishes, elapsed time: 0.02s
Tai-e finishes, elapsed time: 2.75s
