Writing log to /Users/yuntsy/My/Projects/Java/WebAnalyzer/output/tai-e.log
java.version: 17.0.11
java.version.date: 2024-04-16
java.runtime.version: 17.0.11+7-LTS-207
java.vendor: Oracle Corporation
java.vendor.version: null
os.name: Mac OS X
os.version: 26.2
os.arch: aarch64
Tai-e Version: 0.5.1
Manifest does not contain Tai-e commit information
Tai-e Commit: Unknown
Writing analysis plan to /Users/yuntsy/My/Projects/Java/WebAnalyzer/output/tai-e-plan.yml
WorldBuilder starts ...
Warning: main class was not given!
28038 classes with 262485 methods in the world
WorldBuilder finishes, elapsed time: 21.68s
routerAnalysis starts ...
Router analysis started at: 2026-01-25 13:02:57
Router analysis completed at: 2026-01-25 13:02:57 (Duration: 11ms)
routerAnalysis finishes, elapsed time: 0.01s
beanAnalysis starts ...
beanAnalysis finishes, elapsed time: 0.04s
injectPointsAnalysis starts ...
injectPointsAnalysis finishes, elapsed time: 0.03s
aspectAnalysis starts ...
Starting AOP aspect analysis...
aspectAnalysis finishes, elapsed time: 0.00s
pta starts ...
Added entry point (Empty): <com.macro.mall.portal.controller.HomeController: com.macro.mall.common.api.CommonResult content()>
Added entry point (Empty): <com.macro.mall.portal.controller.OmsCartItemController: com.macro.mall.common.api.CommonResult list()>
Added entry point (Empty): <com.macro.mall.portal.controller.OmsCartItemController: com.macro.mall.common.api.CommonResult clear()>
Added entry point (Empty): <com.macro.mall.portal.controller.PmsPortalProductController: com.macro.mall.common.api.CommonResult categoryTreeList()>
Added entry point (Empty): <com.macro.mall.portal.controller.UmsMemberReceiveAddressController: com.macro.mall.common.api.CommonResult list()>
Added entry point (Empty): <com.macro.mall.portal.controller.OmsPortalOrderController: com.macro.mall.common.api.CommonResult cancelTimeOutOrder()>
Added entry point (Empty): <com.macro.mall.portal.controller.MemberProductCollectionController: com.macro.mall.common.api.CommonResult clear()>
Added entry point (Empty): <com.macro.mall.portal.controller.MemberReadHistoryController: com.macro.mall.common.api.CommonResult clear()>
Added entry point (Empty): <com.macro.mall.portal.controller.MemberAttentionController: com.macro.mall.common.api.CommonResult clear()>
Added entry point (Empty): <com.macro.mall.demo.controller.DemoController: com.macro.mall.common.api.CommonResult getBrandList()>
[Pointer analysis] elapsed time: 0.13s
-------------- Pointer analysis statistics: --------------
#var pointers:                4919 (insens) / 1,4954 (sens)
#objects:                     1303 (insens) / 1658 (sens)
#var points-to:               5897 (insens) / 1,4271 (sens)
#static field points-to:      386 (sens)
#instance field points-to:    1312 (sens)
#array points-to:             273 (sens)
#reachable methods:           1096 (insens) / 4551 (sens)
#call graph edges:            2568 (insens) / 9180 (sens)
----------------------------------------
pta finishes, elapsed time: 0.30s
cg starts ...
Call graph has 1096 reachable methods and 2568 edges
Dumping call graph to /Users/yuntsy/My/Projects/Java/WebAnalyzer/output/call-graph.dot
Dumping reachable methods to /Users/yuntsy/My/Projects/Java/WebAnalyzer/output/reachable-methods.txt
Dumping call edges to /Users/yuntsy/My/Projects/Java/WebAnalyzer/output/call-edges.txt
cg finishes, elapsed time: 0.08s
Tai-e finishes, elapsed time: 22.23s
