Writing log to /Users/yuntsy/My/Projects/Java/WebAnalyzer/output/tai-e.log
java.version: 17.0.11
java.version.date: 2024-04-16
java.runtime.version: 17.0.11+7-LTS-207
java.vendor: Oracle Corporation
java.vendor.version: null
os.name: Mac OS X
os.version: 26.2
os.arch: aarch64
Tai-e Version: 0.5.1
Manifest does not contain Tai-e commit information
Tai-e Commit: Unknown
Writing analysis plan to /Users/yuntsy/My/Projects/Java/WebAnalyzer/output/tai-e-plan.yml
WorldBuilder starts ...
Warning: main class was not given!
27754 classes with 254135 methods in the world
WorldBuilder finishes, elapsed time: 22.06s
routerAnalysis starts ...
Router analysis started at: 2026-01-25 12:58:13
Router analysis completed at: 2026-01-25 12:58:13 (Duration: 8ms)
routerAnalysis finishes, elapsed time: 0.01s
beanAnalysis starts ...
beanAnalysis finishes, elapsed time: 0.03s
injectPointsAnalysis starts ...
injectPointsAnalysis finishes, elapsed time: 0.06s
aspectAnalysis starts ...
Starting AOP aspect analysis...
aspectAnalysis finishes, elapsed time: 0.00s
pta starts ...
Concrete class not found for type: org.springframework.web.multipart.support.StandardMultipartFile
Added entry point (Empty): <com.jsh.erp.controller.MaterialController: com.jsh.erp.utils.BaseResponseInfo getMaxBarCode()>
Added entry point (Empty): <com.jsh.erp.controller.MaterialController: com.alibaba.fastjson.JSONArray getMaterialNameList()>
Concrete class not found for type: org.springframework.web.multipart.support.StandardMultipartFile
Concrete class not found for type: org.springframework.web.multipart.support.StandardMultipartFile
Concrete class not found for type: org.springframework.web.multipart.support.StandardMultipartFile
Added entry point (Empty): <com.jsh.erp.controller.PluginController: java.util.Set getPluginFilePaths()>
Concrete class not found for type: org.springframework.web.multipart.support.StandardMultipartFile
Concrete class not found for type: org.springframework.web.multipart.support.StandardMultipartFile
Added entry point (Empty): <com.jsh.erp.controller.PluginController: com.jsh.erp.utils.BaseResponseInfo getMacWithSecret()>
Concrete class not found for type: org.springframework.web.multipart.support.StandardMultipartFile
Added entry point (Empty): <com.jsh.erp.controller.UserController: com.alibaba.fastjson.JSONArray getOrganizationUserTree()>
[Pointer analysis] elapsed time: 0.18s
-------------- Pointer analysis statistics: --------------
#var pointers:                1,3421 (insens) / 2,5808 (sens)
#objects:                     4098 (insens) / 5020 (sens)
#var points-to:               1,0687 (insens) / 1,7894 (sens)
#static field points-to:      121 (sens)
#instance field points-to:    2868 (sens)
#array points-to:             513 (sens)
#reachable methods:           1598 (insens) / 7602 (sens)
#call graph edges:            5772 (insens) / 1,2310 (sens)
----------------------------------------
pta finishes, elapsed time: 0.39s
cg starts ...
Call graph has 1598 reachable methods and 5772 edges
Dumping call graph to /Users/yuntsy/My/Projects/Java/WebAnalyzer/output/call-graph.dot
Dumping reachable methods to /Users/yuntsy/My/Projects/Java/WebAnalyzer/output/reachable-methods.txt
Dumping call edges to /Users/yuntsy/My/Projects/Java/WebAnalyzer/output/call-edges.txt
cg finishes, elapsed time: 0.15s
Tai-e finishes, elapsed time: 22.78s
