Writing log to /Users/yuntsy/My/Projects/Java/WebAnalyzer/output/tai-e.log
java.version: 17.0.11
java.version.date: 2024-04-16
java.runtime.version: 17.0.11+7-LTS-207
java.vendor: Oracle Corporation
java.vendor.version: null
os.name: Mac OS X
os.version: 26.2
os.arch: aarch64
Tai-e Version: 0.5.1
Manifest does not contain Tai-e commit information
Tai-e Commit: Unknown
Writing analysis plan to /Users/yuntsy/My/Projects/Java/WebAnalyzer/output/tai-e-plan.yml
WorldBuilder starts ...
Warning: main class was not given!
27552 classes with 241603 methods in the world
WorldBuilder finishes, elapsed time: 21.91s
routerAnalysis starts ...
Router analysis started at: 2026-01-25 12:51:00
Router analysis completed at: 2026-01-25 12:51:00 (Duration: 9ms)
routerAnalysis finishes, elapsed time: 0.01s
beanAnalysis starts ...
beanAnalysis finishes, elapsed time: 0.03s
injectPointsAnalysis starts ...
injectPointsAnalysis finishes, elapsed time: 0.05s
aspectAnalysis starts ...
Starting AOP aspect analysis...
aspectAnalysis finishes, elapsed time: 0.00s
pta starts ...
[Pointer analysis] elapsed time: 0.01s
-------------- Pointer analysis statistics: --------------
#var pointers:                8 (insens) / 8 (sens)
#objects:                     4 (insens) / 4 (sens)
#var points-to:               7 (insens) / 7 (sens)
#static field points-to:      0 (sens)
#instance field points-to:    0 (sens)
#array points-to:             0 (sens)
#reachable methods:           14 (insens) / 14 (sens)
#call graph edges:            3 (insens) / 3 (sens)
----------------------------------------
pta finishes, elapsed time: 0.10s
cg starts ...
Call graph has 14 reachable methods and 3 edges
Dumping call graph to /Users/yuntsy/My/Projects/Java/WebAnalyzer/output/call-graph.dot
Dumping reachable methods to /Users/yuntsy/My/Projects/Java/WebAnalyzer/output/reachable-methods.txt
Dumping call edges to /Users/yuntsy/My/Projects/Java/WebAnalyzer/output/call-edges.txt
cg finishes, elapsed time: 0.01s
Tai-e finishes, elapsed time: 22.20s
