Writing log to /Users/yuntsy/My/Projects/Java/WebAnalyzer/output/tai-e.log
java.version: 17.0.11
java.version.date: 2024-04-16
java.runtime.version: 17.0.11+7-LTS-207
java.vendor: Oracle Corporation
java.vendor.version: null
os.name: Mac OS X
os.version: 26.2
os.arch: aarch64
Tai-e Version: 0.5.1
Manifest does not contain Tai-e commit information
Tai-e Commit: Unknown
Writing analysis plan to /Users/yuntsy/My/Projects/Java/WebAnalyzer/output/tai-e-plan.yml
WorldBuilder starts ...
Warning: main class was not given!
27552 classes with 241603 methods in the world
WorldBuilder finishes, elapsed time: 21.83s
routerAnalysis starts ...
Router analysis started at: 2026-01-25 12:50:37
Router analysis completed at: 2026-01-25 12:50:37 (Duration: 7ms)
routerAnalysis finishes, elapsed time: 0.01s
beanAnalysis starts ...
beanAnalysis finishes, elapsed time: 0.03s
injectPointsAnalysis starts ...
injectPointsAnalysis finishes, elapsed time: 0.04s
aspectAnalysis starts ...
Starting AOP aspect analysis...
aspectAnalysis finishes, elapsed time: 0.00s
pta starts ...
Added entry point (Empty): <net.mingsoft.cms.action.ContentAction: java.lang.String index()>
Added entry point (Empty): <net.mingsoft.cms.action.ContentAction: java.lang.String main()>
Concrete class not found for type: org.springframework.web.multipart.support.StandardMultipartFile
Added entry point (Empty): <net.mingsoft.cms.action.CategoryAction: java.lang.String index()>
Added entry point (Empty): <net.mingsoft.cms.action.CategoryAction: net.mingsoft.base.entity.ResultData changeType()>
Concrete class not found for type: org.springframework.web.multipart.support.StandardMultipartFile
[Pointer analysis] elapsed time: 0.05s
-------------- Pointer analysis statistics: --------------
#var pointers:                1553 (insens) / 2390 (sens)
#objects:                     802 (insens) / 862 (sens)
#var points-to:               1584 (insens) / 1974 (sens)
#static field points-to:      48 (sens)
#instance field points-to:    609 (sens)
#array points-to:             108 (sens)
#reachable methods:           236 (insens) / 686 (sens)
#call graph edges:            677 (insens) / 1010 (sens)
----------------------------------------
pta finishes, elapsed time: 0.16s
cg starts ...
Call graph has 236 reachable methods and 677 edges
Dumping call graph to /Users/yuntsy/My/Projects/Java/WebAnalyzer/output/call-graph.dot
Dumping reachable methods to /Users/yuntsy/My/Projects/Java/WebAnalyzer/output/reachable-methods.txt
Dumping call edges to /Users/yuntsy/My/Projects/Java/WebAnalyzer/output/call-edges.txt
cg finishes, elapsed time: 0.03s
Tai-e finishes, elapsed time: 22.19s
