Writing log to /Users/yuntsy/My/Projects/Java/WebAnalyzer/output/tai-e.log
java.version: 17.0.11
java.version.date: 2024-04-16
java.runtime.version: 17.0.11+7-LTS-207
java.vendor: Oracle Corporation
java.vendor.version: null
os.name: Mac OS X
os.version: 26.3
os.arch: aarch64
Tai-e Version: 0.5.1
Manifest does not contain Tai-e commit information
Tai-e Commit: Unknown
Writing analysis plan to /Users/yuntsy/My/Projects/Java/WebAnalyzer/output/tai-e-plan.yml
WorldBuilder starts ...
Warning: main class was not given!
29692 classes with 275374 methods in the world
WorldBuilder finishes, elapsed time: 37.32s
routerAnalysis starts ...
Router analysis started at: 2026-03-03 14:14:03
Router analysis completed at: 2026-03-03 14:14:03 (Duration: 12ms)
routerAnalysis finishes, elapsed time: 0.02s
beanAnalysis starts ...
beanAnalysis finishes, elapsed time: 0.04s
injectPointsAnalysis starts ...
injectPointsAnalysis finishes, elapsed time: 0.05s
aspectAnalysis starts ...
Starting AOP aspect analysis...
aspectAnalysis finishes, elapsed time: 0.00s
resultAnalysis starts ...
============================================================
                 Spring Analysis Result Summary             
============================================================
Router Methods (Endpoints)     : 127
Spring Beans                   : 271
Aspect Methods (Advice)        : 0
============================================================
resultAnalysis finishes, elapsed time: 0.00s
srfaAnalysis starts ...
SRFA Analysis started at: 2026-03-03 14:14:03
Loaded 34 controller classes from RouterAnalysis
Discovering mapper paths from 9 appClassPath entries
Auto-discovered 0 mapper path(s)
No MyBatis mapper paths found. Sink config will be empty.
Parsed 0 MyBatis mapper files
Parsed 0 MyBatis mapper files
Collected 0 write field names from INSERT/UPDATE operations
Extracted 117 source metadata entries (before filtering)
Resolving 0 mapper namespaces...
Extracted 0 sink metadata entries (deduplicated, before risk filtering)
Sources: 56 generated, 61 filtered, 0 deduplicated
Sinks: 0 generated (risky), 0 filtered (safe), 0 deduplicated
  Note: 'risky' means uses string concatenation ($), 'safe' means uses prepared statement (#)
Written taint config to: output/taint-config-generated.yml
  Sources: 56 (SRFA param) + framework call sources
  Sinks: 0 (SRFA) + common predefined sinks
  Transfers: standard set included
SRFA Analysis completed at: 2026-03-03 14:14:03 (Duration: 12ms)
srfaAnalysis finishes, elapsed time: 0.01s
pta starts ...
Loading taint config from /Users/yuntsy/My/Projects/Java/WebAnalyzer/output/taint-config-generated.yml
Cannot find source method '<org.apache.shiro.SecurityUtils: org.apache.shiro.subject.Subject getSubject()>'
Cannot find source method '<org.apache.shiro.subject.Subject: java.lang.Object getPrincipal()>'
Cannot find source method '<org.apache.shiro.subject.Subject: org.apache.shiro.subject.PrincipalCollection getPrincipals()>'
Cannot find source method '<org.apache.shiro.subject.PrincipalCollection: java.lang.Object getPrimaryPrincipal()>'
Cannot find source method '<org.springframework.security.core.context.SecurityContextHolder: org.springframework.security.core.context.SecurityContext getContext()>'
Cannot find source method '<org.springframework.security.core.context.SecurityContext: org.springframework.security.core.Authentication getAuthentication()>'
Cannot find source method '<org.springframework.security.core.Authentication: java.lang.Object getPrincipal()>'
Cannot find source method '<org.springframework.security.core.Authentication: java.lang.Object getDetails()>'
Cannot find source method '<org.springframework.security.core.Authentication: java.lang.String getName()>'
Cannot find source method '<org.springframework.security.core.Authentication: java.util.Collection getAuthorities()>'
Cannot find source method '<org.springframework.security.core.userdetails.UserDetails: java.lang.String getUsername()>'
Cannot find source method '<javax.servlet.http.HttpServletRequest: java.lang.String getParameter(java.lang.String)>'
Cannot find source method '<javax.servlet.http.HttpServletRequest: java.lang.Object getAttribute(java.lang.String)>'
Cannot find source method '<java.lang.InheritableThreadLocal: java.lang.Object get()>'
Cannot find sink method '<org.springframework.jdbc.core.JdbcTemplate: java.util.List query(java.lang.String,org.springframework.jdbc.core.RowMapper)>'
Cannot find sink method '<org.springframework.jdbc.core.JdbcTemplate: java.lang.Object queryForObject(java.lang.String,java.lang.Class)>'
Cannot find sink method '<org.springframework.jdbc.core.JdbcTemplate: java.util.List queryForList(java.lang.String,java.lang.Class)>'
Cannot find sink method '<org.springframework.jdbc.core.JdbcTemplate: int update(java.lang.String)>'
Cannot find sink method '<org.springframework.jdbc.core.JdbcTemplate: int[] batchUpdate(java.lang.String[])>'
Cannot find sink method '<javax.persistence.EntityManager: javax.persistence.Query createQuery(java.lang.String)>'
Cannot find sink method '<javax.persistence.EntityManager: javax.persistence.Query createNativeQuery(java.lang.String)>'
Cannot find sink method '<javax.persistence.EntityManager: javax.persistence.Query createNativeQuery(java.lang.String,java.lang.Class)>'
Cannot find sink method '<org.hibernate.Session: org.hibernate.Query createQuery(java.lang.String)>'
Cannot find sink method '<org.hibernate.Session: org.hibernate.SQLQuery createSQLQuery(java.lang.String)>'
Cannot find sink method '<javax.servlet.ServletOutputStream: void write(byte[])>'
Cannot find sink method '<javax.servlet.jsp.JspWriter: void print(java.lang.String)>'
Cannot find sink method '<javax.servlet.jsp.JspWriter: void println(java.lang.String)>'
Cannot find sink method '<javax.servlet.jsp.JspWriter: void write(java.lang.String)>'
Cannot find sink method '<org.apache.http.client.HttpClient: org.apache.http.HttpResponse execute(org.apache.http.client.methods.HttpUriRequest)>'
Cannot find sink method '<org.springframework.web.client.RestTemplate: java.lang.Object getForObject(java.lang.String,java.lang.Class)>'
Cannot find sink method '<org.springframework.web.client.RestTemplate: org.springframework.http.ResponseEntity getForEntity(java.lang.String,java.lang.Class)>'
Cannot find sink method '<org.springframework.web.client.RestTemplate: java.lang.Object postForObject(java.lang.String,java.lang.Object,java.lang.Class)>'
Cannot find sink method '<org.springframework.web.client.RestTemplate: org.springframework.http.ResponseEntity exchange(java.lang.String,org.springframework.http.HttpMethod,org.springframework.http.HttpEntity,java.lang.Class)>'
Cannot find sink method '<javax.naming.directory.DirContext: javax.naming.NamingEnumeration search(java.lang.String,java.lang.String,javax.naming.directory.SearchControls)>'
Cannot find sink method '<javax.naming.directory.DirContext: javax.naming.NamingEnumeration search(java.lang.String,java.lang.String,javax.naming.directory.SearchControls)>'
Cannot find sink method '<javax.naming.directory.InitialDirContext: javax.naming.NamingEnumeration search(java.lang.String,java.lang.String,javax.naming.directory.SearchControls)>'
Cannot find sink method '<javax.naming.directory.InitialDirContext: javax.naming.NamingEnumeration search(java.lang.String,java.lang.String,javax.naming.directory.SearchControls)>'
Cannot find sink method '<org.springframework.ldap.core.LdapTemplate: java.util.List search(java.lang.String,java.lang.String,javax.naming.directory.SearchControls,org.springframework.ldap.core.AttributesMapper)>'
Cannot find sink method '<org.springframework.expression.spel.standard.SpelExpressionParser: org.springframework.expression.Expression parseExpression(java.lang.String)>'
Cannot find sink method '<ognl.Ognl: java.lang.Object parseExpression(java.lang.String)>'
Cannot find sink method '<ognl.Ognl: java.lang.Object getValue(java.lang.String,java.lang.Object)>'
Cannot find sink method '<org.mvel2.MVEL: java.lang.Object eval(java.lang.String)>'
Cannot find sink method '<org.mvel2.MVEL: java.lang.Object eval(java.lang.String,java.lang.Object)>'
Cannot find sink method '<org.apache.commons.jexl3.JexlEngine: org.apache.commons.jexl3.JexlExpression createExpression(java.lang.String)>'
Cannot find sink method '<org.apache.commons.jexl3.JexlEngine: org.apache.commons.jexl3.JexlScript createScript(java.lang.String)>'
Cannot find sink method '<freemarker.template.Template: void <init>(java.lang.String,java.io.Reader)>'
Cannot find sink method '<org.apache.velocity.app.VelocityEngine: boolean evaluate(org.apache.velocity.context.Context,java.io.Writer,java.lang.String,java.lang.String)>'
Cannot find sink method '<com.alibaba.fastjson.JSON: java.lang.Object parseObject(java.lang.String)>'
Cannot find sink method '<javax.servlet.http.HttpServletRequest: javax.servlet.RequestDispatcher getRequestDispatcher(java.lang.String)>'
Cannot find taint-transfer method '<java.util.LinkedHashMap: java.lang.Object put(java.lang.Object,java.lang.Object)>'
Cannot find taint-transfer method '<javax.servlet.http.HttpServletRequest: java.lang.String getParameter(java.lang.String)>'
Cannot find taint-transfer method '<javax.servlet.http.HttpServletRequest: java.lang.String[] getParameterValues(java.lang.String)>'
Cannot find taint-transfer method '<javax.servlet.http.HttpServletRequest: java.lang.String getRemoteAddr()>'
Cannot find taint-transfer method '<javax.servlet.http.HttpServletRequest: java.lang.Object getAttribute(java.lang.String)>'
Cannot find taint-transfer method '<org.apache.shiro.subject.Subject: java.lang.Object getPrincipal()>'
Cannot find taint-transfer method '<org.apache.shiro.subject.Subject: org.apache.shiro.subject.PrincipalCollection getPrincipals()>'
Cannot find taint-transfer method '<org.apache.shiro.subject.PrincipalCollection: java.lang.Object getPrimaryPrincipal()>'
Cannot find taint-transfer method '<org.apache.shiro.subject.PrincipalCollection: java.util.Collection fromRealm(java.lang.String)>'
Cannot find taint-transfer method '<org.springframework.security.core.context.SecurityContext: org.springframework.security.core.Authentication getAuthentication()>'
Cannot find taint-transfer method '<org.springframework.security.core.Authentication: java.lang.Object getPrincipal()>'
Cannot find taint-transfer method '<org.springframework.security.core.Authentication: java.lang.Object getDetails()>'
Cannot find taint-transfer method '<org.springframework.security.core.Authentication: java.lang.String getName()>'
Cannot find taint-transfer method '<org.springframework.security.core.Authentication: java.util.Collection getAuthorities()>'
Cannot find taint-transfer method '<org.springframework.security.core.userdetails.UserDetails: java.lang.String getUsername()>'
Cannot find taint-transfer method '<org.springframework.security.core.GrantedAuthority: java.lang.String getAuthority()>'
Cannot find taint-transfer method '<java.lang.InheritableThreadLocal: java.lang.Object get()>'
TaintConfig:
sources:
  - { kind: "param", method: "<cn.iocoder.mall.managementweb.controller.admin.DepartmentController: cn.iocoder.common.framework.vo.CommonResult deleteDepartment(java.lang.Integer)>", index: "0", type: "java.lang.Integer" }
  - { kind: "param", method: "<cn.iocoder.mall.managementweb.controller.admin.DepartmentController: cn.iocoder.common.framework.vo.CommonResult getDepartment(java.lang.Integer)>", index: "0", type: "java.lang.Integer" }
  - { kind: "param", method: "<cn.iocoder.mall.managementweb.controller.admin.DepartmentController: cn.iocoder.common.framework.vo.CommonResult listDepartments(java.util.List)>", index: "0", type: "java.util.List" }
  - { kind: "param", method: "<cn.iocoder.mall.managementweb.controller.datadict.DataDictController: cn.iocoder.common.framework.vo.CommonResult deleteDataDict(java.lang.Integer)>", index: "0", type: "java.lang.Integer" }
  - { kind: "param", method: "<cn.iocoder.mall.managementweb.controller.datadict.DataDictController: cn.iocoder.common.framework.vo.CommonResult getDataDict(java.lang.Integer)>", index: "0", type: "java.lang.Integer" }
  - { kind: "param", method: "<cn.iocoder.mall.managementweb.controller.datadict.DataDictController: cn.iocoder.common.framework.vo.CommonResult listDataDicts(java.util.List)>", index: "0", type: "java.util.List" }
  - { kind: "param", method: "<cn.iocoder.mall.managementweb.controller.errorcode.ErrorCodeController: cn.iocoder.common.framework.vo.CommonResult deleteErrorCode(java.lang.Integer)>", index: "0", type: "java.lang.Integer" }
  - { kind: "param", method: "<cn.iocoder.mall.managementweb.controller.errorcode.ErrorCodeController: cn.iocoder.common.framework.vo.CommonResult getErrorCode(java.lang.Integer)>", index: "0", type: "java.lang.Integer" }
  - { kind: "param", method: "<cn.iocoder.mall.managementweb.controller.passport.PassportController: cn.iocoder.common.framework.vo.CommonResult refreshToken(java.lang.String,javax.servlet.http.HttpServletRequest)>", index: "0", type: "java.lang.String" }
  - { kind: "param", method: "<cn.iocoder.mall.managementweb.controller.permission.ResourceController: cn.iocoder.common.framework.vo.CommonResult deleteResource(java.lang.Integer)>", index: "0", type: "java.lang.Integer" }
  - { kind: "param", method: "<cn.iocoder.mall.managementweb.controller.permission.ResourceController: cn.iocoder.common.framework.vo.CommonResult getResource(java.lang.Integer)>", index: "0", type: "java.lang.Integer" }
  - { kind: "param", method: "<cn.iocoder.mall.managementweb.controller.permission.ResourceController: cn.iocoder.common.framework.vo.CommonResult listResources(java.util.List)>", index: "0", type: "java.util.List" }
  - { kind: "param", method: "<cn.iocoder.mall.managementweb.controller.permission.RoleController: cn.iocoder.common.framework.vo.CommonResult deleteRole(java.lang.Integer)>", index: "0", type: "java.lang.Integer" }
  - { kind: "param", method: "<cn.iocoder.mall.managementweb.controller.permission.RoleController: cn.iocoder.common.framework.vo.CommonResult role(java.lang.Integer)>", index: "0", type: "java.lang.Integer" }
  - { kind: "param", method: "<cn.iocoder.mall.managementweb.controller.permission.RoleController: cn.iocoder.common.framework.vo.CommonResult listRoles(java.util.List)>", index: "0", type: "java.util.List" }
  - { kind: "param", method: "<cn.iocoder.mall.managementweb.controller.product.ProductAttrController: cn.iocoder.common.framework.vo.CommonResult getProductAttrKey(java.lang.Integer)>", index: "0", type: "java.lang.Integer" }
  - { kind: "param", method: "<cn.iocoder.mall.managementweb.controller.product.ProductAttrController: cn.iocoder.common.framework.vo.CommonResult listProductAttrKeys(java.util.List)>", index: "0", type: "java.util.List" }
  - { kind: "param", method: "<cn.iocoder.mall.managementweb.controller.product.ProductAttrController: cn.iocoder.common.framework.vo.CommonResult getProductAttrValue(java.lang.Integer)>", index: "0", type: "java.lang.Integer" }
  - { kind: "param", method: "<cn.iocoder.mall.managementweb.controller.product.ProductBrandController: cn.iocoder.common.framework.vo.CommonResult deleteProductBrand(java.lang.Integer)>", index: "0", type: "java.lang.Integer" }
  - { kind: "param", method: "<cn.iocoder.mall.managementweb.controller.product.ProductBrandController: cn.iocoder.common.framework.vo.CommonResult getProductBrand(java.lang.Integer)>", index: "0", type: "java.lang.Integer" }
  - { kind: "param", method: "<cn.iocoder.mall.managementweb.controller.product.ProductBrandController: cn.iocoder.common.framework.vo.CommonResult listProductBrands(java.util.List)>", index: "0", type: "java.util.List" }
  - { kind: "param", method: "<cn.iocoder.mall.managementweb.controller.product.ProductCategoryController: cn.iocoder.common.framework.vo.CommonResult deleteProductCategory(java.lang.Integer)>", index: "0", type: "java.lang.Integer" }
  - { kind: "param", method: "<cn.iocoder.mall.managementweb.controller.product.ProductSpuController: cn.iocoder.common.framework.vo.CommonResult getProductSpu(java.lang.Integer)>", index: "0", type: "java.lang.Integer" }
  - { kind: "param", method: "<cn.iocoder.mall.managementweb.controller.product.ProductSpuController: cn.iocoder.common.framework.vo.CommonResult listProductSpus(java.util.List)>", index: "0", type: "java.util.List" }
  - { kind: "param", method: "<cn.iocoder.mall.managementweb.controller.promotion.brand.BannerController: cn.iocoder.common.framework.vo.CommonResult deleteBanner(java.lang.Integer)>", index: "0", type: "java.lang.Integer" }
  - { kind: "param", method: "<cn.iocoder.mall.managementweb.controller.promotion.coupon.CouponTemplateController: cn.iocoder.common.framework.vo.CommonResult updateCouponTemplateStatus(java.lang.Integer,java.lang.Integer)>", index: "0", type: "java.lang.Integer" }
  - { kind: "param", method: "<cn.iocoder.mall.managementweb.controller.promotion.coupon.CouponTemplateController: cn.iocoder.common.framework.vo.CommonResult updateCouponTemplateStatus(java.lang.Integer,java.lang.Integer)>", index: "1", type: "java.lang.Integer" }
  - { kind: "param", method: "<cn.iocoder.mall.managementweb.controller.promotion.recommend.ProductRecommendController: cn.iocoder.common.framework.vo.CommonResult deleteProductRecommend(java.lang.Integer)>", index: "0", type: "java.lang.Integer" }
  - { kind: "param", method: "<cn.iocoder.mall.managementweb.controller.systemlog.SystemExceptionLogController: cn.iocoder.common.framework.vo.CommonResult getSystemExceptionLogDetail(java.lang.Integer)>", index: "0", type: "java.lang.Integer" }
  - { kind: "param", method: "<cn.iocoder.mall.managementweb.controller.user.UserController: cn.iocoder.common.framework.vo.CommonResult getUser(java.lang.Integer)>", index: "0", type: "java.lang.Integer" }
  - { kind: "param", method: "<cn.iocoder.mall.managementweb.controller.user.UserController: cn.iocoder.common.framework.vo.CommonResult listUsers(java.util.List)>", index: "0", type: "java.util.List" }
  - { kind: "param", method: "<cn.iocoder.mall.shopweb.controller.pay.PayTransactionController: cn.iocoder.common.framework.vo.CommonResult getPayTransaction(java.lang.String,java.lang.String)>", index: "0", type: "java.lang.String" }
  - { kind: "param", method: "<cn.iocoder.mall.shopweb.controller.pay.PayTransactionController: cn.iocoder.common.framework.vo.CommonResult getPayTransaction(java.lang.String,java.lang.String)>", index: "1", type: "java.lang.String" }
  - { kind: "param", method: "<cn.iocoder.mall.shopweb.controller.product.ProductCategoryController: cn.iocoder.common.framework.vo.CommonResult listProductCategories(java.lang.Integer)>", index: "0", type: "java.lang.Integer" }
  - { kind: "param", method: "<cn.iocoder.mall.shopweb.controller.product.ProductSkuController: cn.iocoder.common.framework.vo.CommonResult calcProductSkuPrice(java.lang.Integer)>", index: "0", type: "java.lang.Integer" }
  - { kind: "param", method: "<cn.iocoder.mall.shopweb.controller.product.ProductSpuController: cn.iocoder.common.framework.vo.CommonResult getProductSpuSearchCondition(java.lang.String)>", index: "0", type: "java.lang.String" }
  - { kind: "param", method: "<cn.iocoder.mall.shopweb.controller.product.ProductSpuController: cn.iocoder.common.framework.vo.CommonResult getProductSpuDetail(java.lang.Integer)>", index: "0", type: "java.lang.Integer" }
  - { kind: "param", method: "<cn.iocoder.mall.shopweb.controller.promotion.CouponCardController: cn.iocoder.common.framework.vo.CommonResult createCouponCard(java.lang.Integer)>", index: "0", type: "java.lang.Integer" }
  - { kind: "param", method: "<cn.iocoder.mall.shopweb.controller.promotion.CouponTemplateController: cn.iocoder.common.framework.vo.CommonResult getCouponTemplate(java.lang.Integer)>", index: "0", type: "java.lang.Integer" }
  - { kind: "param", method: "<cn.iocoder.mall.shopweb.controller.trade.CartController: cn.iocoder.common.framework.vo.CommonResult addCartItem(java.lang.Integer,java.lang.Integer)>", index: "0", type: "java.lang.Integer" }
  - { kind: "param", method: "<cn.iocoder.mall.shopweb.controller.trade.CartController: cn.iocoder.common.framework.vo.CommonResult addCartItem(java.lang.Integer,java.lang.Integer)>", index: "1", type: "java.lang.Integer" }
  - { kind: "param", method: "<cn.iocoder.mall.shopweb.controller.trade.CartController: cn.iocoder.common.framework.vo.CommonResult updateCartItemQuantity(java.lang.Integer,java.lang.Integer)>", index: "0", type: "java.lang.Integer" }
  - { kind: "param", method: "<cn.iocoder.mall.shopweb.controller.trade.CartController: cn.iocoder.common.framework.vo.CommonResult updateCartItemQuantity(java.lang.Integer,java.lang.Integer)>", index: "1", type: "java.lang.Integer" }
  - { kind: "param", method: "<cn.iocoder.mall.shopweb.controller.trade.CartController: cn.iocoder.common.framework.vo.CommonResult updateCartItemSelected(java.util.Set,java.lang.Boolean)>", index: "0", type: "java.util.Set" }
  - { kind: "param", method: "<cn.iocoder.mall.shopweb.controller.trade.CartController: cn.iocoder.common.framework.vo.CommonResult updateCartItemSelected(java.util.Set,java.lang.Boolean)>", index: "1", type: "java.lang.Boolean" }
  - { kind: "param", method: "<cn.iocoder.mall.shopweb.controller.trade.TradeOrderController: cn.iocoder.common.framework.vo.CommonResult getTradeOrderConfirmCreateInfo(java.lang.Integer,java.lang.Integer,java.lang.Integer)>", index: "0", type: "java.lang.Integer" }
  - { kind: "param", method: "<cn.iocoder.mall.shopweb.controller.trade.TradeOrderController: cn.iocoder.common.framework.vo.CommonResult getTradeOrderConfirmCreateInfo(java.lang.Integer,java.lang.Integer,java.lang.Integer)>", index: "1", type: "java.lang.Integer" }
  - { kind: "param", method: "<cn.iocoder.mall.shopweb.controller.trade.TradeOrderController: cn.iocoder.common.framework.vo.CommonResult getTradeOrderConfirmCreateInfo(java.lang.Integer,java.lang.Integer,java.lang.Integer)>", index: "2", type: "java.lang.Integer" }
  - { kind: "param", method: "<cn.iocoder.mall.shopweb.controller.trade.TradeOrderController: cn.iocoder.common.framework.vo.CommonResult getTradeOrderConfirmCreateInfoFromCart(java.lang.Integer)>", index: "0", type: "java.lang.Integer" }
  - { kind: "param", method: "<cn.iocoder.mall.shopweb.controller.trade.TradeOrderController: cn.iocoder.common.framework.vo.CommonResult createTradeOrder(cn.iocoder.mall.shopweb.controller.trade.vo.order.TradeOrderCreateReqVO,javax.servlet.http.HttpServletRequest)>", index: "0", type: "cn.iocoder.mall.shopweb.controller.trade.vo.order.TradeOrderCreateReqVO" }
  - { kind: "param", method: "<cn.iocoder.mall.shopweb.controller.trade.TradeOrderController: cn.iocoder.common.framework.vo.CommonResult getTradeOrder(java.lang.Integer)>", index: "0", type: "java.lang.Integer" }
  - { kind: "param", method: "<cn.iocoder.mall.shopweb.controller.user.PassportController: cn.iocoder.common.framework.vo.CommonResult refreshToken(java.lang.String,javax.servlet.http.HttpServletRequest)>", index: "0", type: "java.lang.String" }
  - { kind: "param", method: "<cn.iocoder.mall.shopweb.controller.user.UserAddressController: cn.iocoder.common.framework.vo.CommonResult deleteUserAddress(java.lang.Integer)>", index: "0", type: "java.lang.Integer" }
  - { kind: "param", method: "<cn.iocoder.mall.shopweb.controller.user.UserAddressController: cn.iocoder.common.framework.vo.CommonResult getUserAddress(java.lang.Integer)>", index: "0", type: "java.lang.Integer" }
  - { kind: "param", method: "<cn.iocoder.mall.shopweb.controller.user.UserController: cn.iocoder.common.framework.vo.CommonResult updateUserAvatar(java.lang.String)>", index: "0", type: "java.lang.String" }
  - { kind: "param", method: "<cn.iocoder.mall.shopweb.controller.user.UserController: cn.iocoder.common.framework.vo.CommonResult updateUserNickname(java.lang.String)>", index: "0", type: "java.lang.String" }
  - { kind: "call", method: "<javax.servlet.http.HttpSession: java.lang.Object getAttribute(java.lang.String)>", index: "result", type: "java.lang.Object" }
  - { kind: "call", method: "<javax.servlet.http.HttpSession: java.lang.Object getValue(java.lang.String)>", index: "result", type: "java.lang.Object" }
  - { kind: "call", method: "<javax.servlet.http.HttpServletRequest: javax.servlet.http.HttpSession getSession()>", index: "result", type: "javax.servlet.http.HttpSession" }
  - { kind: "call", method: "<javax.servlet.http.HttpServletRequest: javax.servlet.http.HttpSession getSession(boolean)>", index: "result", type: "javax.servlet.http.HttpSession" }
  - { kind: "call", method: "<javax.servlet.http.HttpServletRequest: java.security.Principal getUserPrincipal()>", index: "result", type: "java.security.Principal" }
  - { kind: "call", method: "<java.security.Principal: java.lang.String getName()>", index: "result", type: "java.lang.String" }
  - { kind: "call", method: "<javax.servlet.ServletRequest: java.lang.Object getAttribute(java.lang.String)>", index: "result", type: "java.lang.Object" }
  - { kind: "call", method: "<java.lang.ThreadLocal: java.lang.Object get()>", index: "result", type: "java.lang.Object" }

sinks:
  - { method: "<java.sql.Statement: java.sql.ResultSet executeQuery(java.lang.String)>", index: "0" }
  - { method: "<java.sql.Statement: int executeUpdate(java.lang.String)>", index: "0" }
  - { method: "<java.sql.Statement: boolean execute(java.lang.String)>", index: "0" }
  - { method: "<java.sql.Statement: void addBatch(java.lang.String)>", index: "0" }
  - { method: "<java.sql.Connection: java.sql.PreparedStatement prepareStatement(java.lang.String)>", index: "0" }
  - { method: "<java.sql.Connection: java.sql.CallableStatement prepareCall(java.lang.String)>", index: "0" }
  - { method: "<java.lang.Runtime: java.lang.Process exec(java.lang.String)>", index: "0" }
  - { method: "<java.lang.Runtime: java.lang.Process exec(java.lang.String[])>", index: "0" }
  - { method: "<java.lang.Runtime: java.lang.Process exec(java.lang.String,java.lang.String[])>", index: "0" }
  - { method: "<java.lang.Runtime: java.lang.Process exec(java.lang.String,java.lang.String[],java.io.File)>", index: "0" }
  - { method: "<java.lang.ProcessBuilder: void <init>(java.lang.String[])>", index: "0" }
  - { method: "<java.lang.ProcessBuilder: void <init>(java.util.List)>", index: "0" }
  - { method: "<java.lang.ProcessBuilder: java.lang.ProcessBuilder command(java.lang.String[])>", index: "0" }
  - { method: "<java.lang.ProcessBuilder: java.lang.ProcessBuilder command(java.util.List)>", index: "0" }
  - { method: "<java.io.File: void <init>(java.lang.String)>", index: "0" }
  - { method: "<java.io.File: void <init>(java.lang.String,java.lang.String)>", index: "0" }
  - { method: "<java.io.File: void <init>(java.lang.String,java.lang.String)>", index: "1" }
  - { method: "<java.io.FileInputStream: void <init>(java.lang.String)>", index: "0" }
  - { method: "<java.io.FileOutputStream: void <init>(java.lang.String)>", index: "0" }
  - { method: "<java.io.FileReader: void <init>(java.lang.String)>", index: "0" }
  - { method: "<java.io.FileWriter: void <init>(java.lang.String)>", index: "0" }
  - { method: "<java.nio.file.Paths: java.nio.file.Path get(java.lang.String,java.lang.String[])>", index: "0" }
  - { method: "<java.nio.file.Path: java.nio.file.Path resolve(java.lang.String)>", index: "0" }
  - { method: "<java.nio.file.Files: java.util.List readAllLines(java.nio.file.Path)>", index: "0" }
  - { method: "<java.nio.file.Files: byte[] readAllBytes(java.nio.file.Path)>", index: "0" }
  - { method: "<java.nio.file.Files: java.nio.file.Path write(java.nio.file.Path,byte[],java.nio.file.OpenOption[])>", index: "0" }
  - { method: "<java.io.PrintWriter: void print(java.lang.String)>", index: "0" }
  - { method: "<java.io.PrintWriter: void println(java.lang.String)>", index: "0" }
  - { method: "<java.io.PrintWriter: void write(java.lang.String)>", index: "0" }
  - { method: "<javax.servlet.ServletOutputStream: void print(java.lang.String)>", index: "0" }
  - { method: "<java.net.URL: void <init>(java.lang.String)>", index: "0" }
  - { method: "<java.net.URI: void <init>(java.lang.String)>", index: "0" }
  - { method: "<java.net.URI: java.net.URI create(java.lang.String)>", index: "0" }
  - { method: "<javax.servlet.http.HttpServletResponse: void sendRedirect(java.lang.String)>", index: "0" }
  - { method: "<javax.servlet.RequestDispatcher: void forward(javax.servlet.ServletRequest,javax.servlet.ServletResponse)>", index: "0" }
  - { method: "<javax.xml.xpath.XPath: java.lang.String evaluate(java.lang.String,java.lang.Object)>", index: "0" }
  - { method: "<javax.xml.xpath.XPath: javax.xml.xpath.XPathExpression compile(java.lang.String)>", index: "0" }
  - { method: "<javax.xml.parsers.DocumentBuilder: org.w3c.dom.Document parse(java.io.InputStream)>", index: "0" }
  - { method: "<javax.xml.parsers.DocumentBuilder: org.w3c.dom.Document parse(java.lang.String)>", index: "0" }
  - { method: "<javax.xml.parsers.SAXParser: void parse(java.io.InputStream,org.xml.sax.helpers.DefaultHandler)>", index: "0" }
  - { method: "<org.xml.sax.XMLReader: void parse(org.xml.sax.InputSource)>", index: "0" }
  - { method: "<org.springframework.expression.ExpressionParser: org.springframework.expression.Expression parseExpression(java.lang.String)>", index: "0" }
  - { method: "<java.io.ObjectInputStream: void <init>(java.io.InputStream)>", index: "0" }
  - { method: "<com.alibaba.fastjson.JSON: java.lang.Object parse(java.lang.String)>", index: "0" }
  - { method: "<com.alibaba.fastjson.JSON: java.lang.Object parseObject(java.lang.String,java.lang.Class)>", index: "0" }
  - { method: "<com.fasterxml.jackson.databind.ObjectMapper: java.lang.Object readValue(java.lang.String,java.lang.Class)>", index: "0" }
  - { method: "<org.yaml.snakeyaml.Yaml: java.lang.Object load(java.lang.String)>", index: "0" }
  - { method: "<org.yaml.snakeyaml.Yaml: java.lang.Object load(java.io.InputStream)>", index: "0" }
  - { method: "<org.apache.logging.log4j.Logger: void info(java.lang.String)>", index: "0" }
  - { method: "<org.apache.logging.log4j.Logger: void warn(java.lang.String)>", index: "0" }
  - { method: "<org.apache.logging.log4j.Logger: void error(java.lang.String)>", index: "0" }
  - { method: "<org.apache.logging.log4j.Logger: void debug(java.lang.String)>", index: "0" }
  - { method: "<org.apache.logging.log4j.Logger: void fatal(java.lang.String)>", index: "0" }
  - { method: "<org.slf4j.Logger: void info(java.lang.String)>", index: "0" }
  - { method: "<org.slf4j.Logger: void warn(java.lang.String)>", index: "0" }
  - { method: "<org.slf4j.Logger: void error(java.lang.String)>", index: "0" }
  - { method: "<org.slf4j.Logger: void debug(java.lang.String)>", index: "0" }
  - { method: "<java.lang.Class: java.lang.Class forName(java.lang.String)>", index: "0" }
  - { method: "<java.lang.ClassLoader: java.lang.Class loadClass(java.lang.String)>", index: "0" }
  - { method: "<java.lang.reflect.Method: java.lang.Object invoke(java.lang.Object,java.lang.Object[])>", index: "1" }
  - { method: "<javax.servlet.ServletContext: javax.servlet.RequestDispatcher getRequestDispatcher(java.lang.String)>", index: "0" }
  - { method: "<javax.servlet.http.Cookie: void <init>(java.lang.String,java.lang.String)>", index: "1" }
  - { method: "<javax.servlet.http.Cookie: void setValue(java.lang.String)>", index: "0" }
  - { method: "<javax.servlet.http.HttpServletResponse: void addHeader(java.lang.String,java.lang.String)>", index: "1" }
  - { method: "<javax.servlet.http.HttpServletResponse: void setHeader(java.lang.String,java.lang.String)>", index: "1" }

transfers:
  - { method: "<java.lang.String: java.lang.String concat(java.lang.String)>", from: "base", to: "result", type: "java.lang.String" }
  - { method: "<java.lang.String: java.lang.String concat(java.lang.String)>", from: "0", to: "result", type: "java.lang.String" }
  - { method: "<java.lang.String: java.lang.String substring(int)>", from: "base", to: "result", type: "java.lang.String" }
  - { method: "<java.lang.String: java.lang.String substring(int,int)>", from: "base", to: "result", type: "java.lang.String" }
  - { method: "<java.lang.String: java.lang.String replace(char,char)>", from: "base", to: "result", type: "java.lang.String" }
  - { method: "<java.lang.String: java.lang.String replace(java.lang.CharSequence,java.lang.CharSequence)>", from: "base", to: "result", type: "java.lang.String" }
  - { method: "<java.lang.String: java.lang.String replaceAll(java.lang.String,java.lang.String)>", from: "base", to: "result", type: "java.lang.String" }
  - { method: "<java.lang.String: java.lang.String replaceFirst(java.lang.String,java.lang.String)>", from: "base", to: "result", type: "java.lang.String" }
  - { method: "<java.lang.String: java.lang.String trim()>", from: "base", to: "result", type: "java.lang.String" }
  - { method: "<java.lang.String: java.lang.String strip()>", from: "base", to: "result", type: "java.lang.String" }
  - { method: "<java.lang.String: java.lang.String stripLeading()>", from: "base", to: "result", type: "java.lang.String" }
  - { method: "<java.lang.String: java.lang.String stripTrailing()>", from: "base", to: "result", type: "java.lang.String" }
  - { method: "<java.lang.String: java.lang.String toLowerCase()>", from: "base", to: "result", type: "java.lang.String" }
  - { method: "<java.lang.String: java.lang.String toLowerCase(java.util.Locale)>", from: "base", to: "result", type: "java.lang.String" }
  - { method: "<java.lang.String: java.lang.String toUpperCase()>", from: "base", to: "result", type: "java.lang.String" }
  - { method: "<java.lang.String: java.lang.String toUpperCase(java.util.Locale)>", from: "base", to: "result", type: "java.lang.String" }
  - { method: "<java.lang.String: java.lang.String intern()>", from: "base", to: "result", type: "java.lang.String" }
  - { method: "<java.lang.String: java.lang.String valueOf(java.lang.Object)>", from: "0", to: "result", type: "java.lang.String" }
  - { method: "<java.lang.String: java.lang.String valueOf(char[])>", from: "0", to: "result", type: "java.lang.String" }
  - { method: "<java.lang.String: java.lang.String format(java.lang.String,java.lang.Object[])>", from: "0", to: "result", type: "java.lang.String" }
  - { method: "<java.lang.String: java.lang.String format(java.util.Locale,java.lang.String,java.lang.Object[])>", from: "1", to: "result", type: "java.lang.String" }
  - { method: "<java.lang.String: java.lang.String join(java.lang.CharSequence,java.lang.CharSequence[])>", from: "1", to: "result", type: "java.lang.String" }
  - { method: "<java.lang.String: java.lang.String join(java.lang.CharSequence,java.lang.Iterable)>", from: "1", to: "result", type: "java.lang.String" }
  - { method: "<java.lang.String: char[] toCharArray()>", from: "base", to: "result", type: "char[]" }
  - { method: "<java.lang.StringBuilder: java.lang.StringBuilder append(java.lang.String)>", from: "0", to: "base", type: "java.lang.StringBuilder" }
  - { method: "<java.lang.StringBuilder: java.lang.StringBuilder append(java.lang.Object)>", from: "0", to: "base", type: "java.lang.StringBuilder" }
  - { method: "<java.lang.StringBuilder: java.lang.StringBuilder append(java.lang.CharSequence)>", from: "0", to: "base", type: "java.lang.StringBuilder" }
  - { method: "<java.lang.StringBuilder: java.lang.StringBuilder append(char[])>", from: "0", to: "base", type: "java.lang.StringBuilder" }
  - { method: "<java.lang.StringBuilder: java.lang.StringBuilder append(boolean)>", from: "0", to: "base", type: "java.lang.StringBuilder" }
  - { method: "<java.lang.StringBuilder: java.lang.StringBuilder append(int)>", from: "0", to: "base", type: "java.lang.StringBuilder" }
  - { method: "<java.lang.StringBuilder: java.lang.StringBuilder append(long)>", from: "0", to: "base", type: "java.lang.StringBuilder" }
  - { method: "<java.lang.StringBuilder: java.lang.StringBuilder append(java.lang.String)>", from: "base", to: "result", type: "java.lang.StringBuilder" }
  - { method: "<java.lang.StringBuilder: java.lang.StringBuilder append(java.lang.Object)>", from: "base", to: "result", type: "java.lang.StringBuilder" }
  - { method: "<java.lang.StringBuilder: java.lang.StringBuilder append(java.lang.CharSequence)>", from: "base", to: "result", type: "java.lang.StringBuilder" }
  - { method: "<java.lang.StringBuilder: java.lang.String toString()>", from: "base", to: "result", type: "java.lang.String" }
  - { method: "<java.lang.StringBuilder: java.lang.StringBuilder insert(int,java.lang.String)>", from: "1", to: "base", type: "java.lang.StringBuilder" }
  - { method: "<java.lang.StringBuilder: java.lang.StringBuilder insert(int,java.lang.Object)>", from: "1", to: "base", type: "java.lang.StringBuilder" }
  - { method: "<java.lang.StringBuilder: java.lang.StringBuilder insert(int,java.lang.CharSequence)>", from: "1", to: "base", type: "java.lang.StringBuilder" }
  - { method: "<java.lang.StringBuffer: java.lang.StringBuffer append(java.lang.String)>", from: "0", to: "base", type: "java.lang.StringBuffer" }
  - { method: "<java.lang.StringBuffer: java.lang.StringBuffer append(java.lang.Object)>", from: "0", to: "base", type: "java.lang.StringBuffer" }
  - { method: "<java.lang.StringBuffer: java.lang.StringBuffer append(java.lang.String)>", from: "base", to: "result", type: "java.lang.StringBuffer" }
  - { method: "<java.lang.StringBuffer: java.lang.StringBuffer append(java.lang.Object)>", from: "base", to: "result", type: "java.lang.StringBuffer" }
  - { method: "<java.lang.StringBuffer: java.lang.String toString()>", from: "base", to: "result", type: "java.lang.String" }
  - { method: "<java.util.Map: java.lang.Object get(java.lang.Object)>", from: "base", to: "result", type: "java.lang.Object" }
  - { method: "<java.util.HashMap: java.lang.Object get(java.lang.Object)>", from: "base", to: "result", type: "java.lang.Object" }
  - { method: "<java.util.LinkedHashMap: java.lang.Object get(java.lang.Object)>", from: "base", to: "result", type: "java.lang.Object" }
  - { method: "<java.util.TreeMap: java.lang.Object get(java.lang.Object)>", from: "base", to: "result", type: "java.lang.Object" }
  - { method: "<java.util.concurrent.ConcurrentHashMap: java.lang.Object get(java.lang.Object)>", from: "base", to: "result", type: "java.lang.Object" }
  - { method: "<java.util.Map: java.lang.Object put(java.lang.Object,java.lang.Object)>", from: "1", to: "base", type: "java.util.Map" }
  - { method: "<java.util.HashMap: java.lang.Object put(java.lang.Object,java.lang.Object)>", from: "1", to: "base", type: "java.util.HashMap" }
  - { method: "<java.util.Map: void putAll(java.util.Map)>", from: "0", to: "base", type: "java.util.Map" }
  - { method: "<java.util.Map: java.util.Collection values()>", from: "base", to: "result", type: "java.util.Collection" }
  - { method: "<java.util.Map: java.util.Set entrySet()>", from: "base", to: "result", type: "java.util.Set" }
  - { method: "<java.util.Map$Entry: java.lang.Object getValue()>", from: "base", to: "result", type: "java.lang.Object" }
  - { method: "<java.util.Map$Entry: java.lang.Object getKey()>", from: "base", to: "result", type: "java.lang.Object" }
  - { method: "<java.util.List: java.lang.Object get(int)>", from: "base", to: "result", type: "java.lang.Object" }
  - { method: "<java.util.ArrayList: java.lang.Object get(int)>", from: "base", to: "result", type: "java.lang.Object" }
  - { method: "<java.util.LinkedList: java.lang.Object get(int)>", from: "base", to: "result", type: "java.lang.Object" }
  - { method: "<java.util.List: boolean add(java.lang.Object)>", from: "0", to: "base", type: "java.util.List" }
  - { method: "<java.util.ArrayList: boolean add(java.lang.Object)>", from: "0", to: "base", type: "java.util.ArrayList" }
  - { method: "<java.util.LinkedList: boolean add(java.lang.Object)>", from: "0", to: "base", type: "java.util.LinkedList" }
  - { method: "<java.util.Collection: boolean add(java.lang.Object)>", from: "0", to: "base", type: "java.util.Collection" }
  - { method: "<java.util.Iterator: java.lang.Object next()>", from: "base", to: "result", type: "java.lang.Object" }
  - { method: "<java.util.ListIterator: java.lang.Object next()>", from: "base", to: "result", type: "java.lang.Object" }
  - { method: "<java.util.Optional: java.lang.Object get()>", from: "base", to: "result", type: "java.lang.Object" }
  - { method: "<java.util.Optional: java.lang.Object orElse(java.lang.Object)>", from: "base", to: "result", type: "java.lang.Object" }
  - { method: "<java.util.Optional: java.lang.Object orElseGet(java.util.function.Supplier)>", from: "base", to: "result", type: "java.lang.Object" }
  - { method: "<java.util.Optional: java.util.Optional of(java.lang.Object)>", from: "0", to: "result", type: "java.util.Optional" }
  - { method: "<java.util.Optional: java.util.Optional ofNullable(java.lang.Object)>", from: "0", to: "result", type: "java.util.Optional" }
  - { method: "<java.lang.Object: java.lang.String toString()>", from: "base", to: "result", type: "java.lang.String" }
  - { method: "<javax.servlet.ServletRequest: java.lang.String getParameter(java.lang.String)>", from: "base", to: "result", type: "java.lang.String" }
  - { method: "<javax.servlet.http.HttpServletRequest: java.lang.String getHeader(java.lang.String)>", from: "base", to: "result", type: "java.lang.String" }
  - { method: "<javax.servlet.http.HttpServletRequest: java.lang.String getQueryString()>", from: "base", to: "result", type: "java.lang.String" }
  - { method: "<javax.servlet.http.HttpServletRequest: java.lang.String getRequestURI()>", from: "base", to: "result", type: "java.lang.String" }
  - { method: "<javax.servlet.http.HttpServletRequest: java.lang.StringBuffer getRequestURL()>", from: "base", to: "result", type: "java.lang.StringBuffer" }
  - { method: "<javax.servlet.http.HttpSession: java.lang.Object getAttribute(java.lang.String)>", from: "base", to: "result", type: "java.lang.Object" }
  - { method: "<javax.servlet.http.HttpSession: java.lang.Object getValue(java.lang.String)>", from: "base", to: "result", type: "java.lang.Object" }
  - { method: "<javax.servlet.http.HttpSession: void setAttribute(java.lang.String,java.lang.Object)>", from: "1", to: "base", type: "javax.servlet.http.HttpSession" }
  - { method: "<java.lang.ThreadLocal: java.lang.Object get()>", from: "base", to: "result", type: "java.lang.Object" }

Initializing global bean mock objects for beans...
Initialized 205 global bean objects.
Concrete class not found for type: javax.servlet.http.HttpServletRequestWrapper
Added entry point (Empty): <cn.iocoder.mall.managementweb.controller.admin.DepartmentController: cn.iocoder.common.framework.vo.CommonResult treeDepartment()>
Added entry point (Empty): <cn.iocoder.mall.managementweb.controller.datadict.DataDictController: cn.iocoder.common.framework.vo.CommonResult listDataDicts()>
Added entry point (Empty): <cn.iocoder.mall.managementweb.controller.datadict.DataDictController: cn.iocoder.common.framework.vo.CommonResult listSimpleDataDicts()>
Concrete class not found for type: javax.servlet.http.HttpServletRequestWrapper
Added entry point (Empty): <cn.iocoder.mall.managementweb.controller.passport.PassportController: cn.iocoder.common.framework.vo.CommonResult getInfo()>
Concrete class not found for type: javax.servlet.http.HttpServletRequestWrapper
Added entry point (Empty): <cn.iocoder.mall.managementweb.controller.passport.PassportController: cn.iocoder.common.framework.vo.CommonResult treeAdminMenu()>
Added entry point (Empty): <cn.iocoder.mall.managementweb.controller.passport.PassportController: cn.iocoder.common.framework.vo.CommonResult listAdminPermission()>
Added entry point (Empty): <cn.iocoder.mall.managementweb.controller.permission.ResourceController: cn.iocoder.common.framework.vo.CommonResult treeResource()>
Added entry point (Empty): <cn.iocoder.mall.managementweb.controller.permission.RoleController: cn.iocoder.common.framework.vo.CommonResult listAllRoles()>
Added entry point (Empty): <cn.iocoder.mall.managementweb.controller.product.ProductCategoryController: cn.iocoder.common.framework.vo.CommonResult treeProductCategory()>
Concrete class not found for type: javax.servlet.http.HttpServletRequestWrapper
Concrete class not found for type: javax.servlet.http.HttpServletRequestWrapper
Added entry point (Empty): <cn.iocoder.mall.shopweb.controller.promotion.BannerController: cn.iocoder.common.framework.vo.CommonResult listBanners()>
Added entry point (Empty): <cn.iocoder.mall.shopweb.controller.promotion.ProductRecommendController: cn.iocoder.common.framework.vo.CommonResult list()>
Added entry point (Empty): <cn.iocoder.mall.shopweb.controller.trade.CartController: cn.iocoder.common.framework.vo.CommonResult sumCartItemQuantity()>
Added entry point (Empty): <cn.iocoder.mall.shopweb.controller.trade.CartController: cn.iocoder.common.framework.vo.CommonResult getCartDetail()>
Concrete class not found for type: javax.servlet.http.HttpServletRequestWrapper
Concrete class not found for type: javax.servlet.http.HttpServletRequestWrapper
Concrete class not found for type: javax.servlet.http.HttpServletRequestWrapper
Concrete class not found for type: javax.servlet.http.HttpServletRequestWrapper
Added entry point (Empty): <cn.iocoder.mall.shopweb.controller.user.UserAddressController: cn.iocoder.common.framework.vo.CommonResult getDefaultUserAddress()>
Added entry point (Empty): <cn.iocoder.mall.shopweb.controller.user.UserAddressController: cn.iocoder.common.framework.vo.CommonResult listUserAddresses()>
Added entry point (Empty): <cn.iocoder.mall.shopweb.controller.user.UserController: cn.iocoder.common.framework.vo.CommonResult getUserInfo()>
Initializing global aspect mock objects...
No implementation found for interface: cn.iocoder.mall.systemservice.rpc.admin.AdminRpc
No implementation found for interface: cn.iocoder.mall.systemservice.rpc.admin.DepartmentRpc
No bean found for concrete class: cn.iocoder.mall.systemservice.rpc.admin.AdminRpc
No bean found for concrete class: cn.iocoder.mall.systemservice.rpc.admin.AdminRpc
No bean found for concrete class: cn.iocoder.mall.systemservice.rpc.admin.AdminRpc
No bean found for concrete class: cn.iocoder.mall.systemservice.rpc.admin.DepartmentRpc
No bean found for concrete class: cn.iocoder.mall.systemservice.rpc.admin.DepartmentRpc
No bean found for concrete class: cn.iocoder.mall.systemservice.rpc.admin.DepartmentRpc
No bean found for concrete class: cn.iocoder.mall.systemservice.rpc.admin.DepartmentRpc
No bean found for concrete class: cn.iocoder.mall.systemservice.rpc.admin.DepartmentRpc
No bean found for concrete class: cn.iocoder.mall.systemservice.rpc.admin.DepartmentRpc
No implementation found for interface: cn.iocoder.mall.systemservice.rpc.datadict.DataDictRpc
No bean found for concrete class: cn.iocoder.mall.systemservice.rpc.datadict.DataDictRpc
No bean found for concrete class: cn.iocoder.mall.systemservice.rpc.datadict.DataDictRpc
No bean found for concrete class: cn.iocoder.mall.systemservice.rpc.datadict.DataDictRpc
No bean found for concrete class: cn.iocoder.mall.systemservice.rpc.datadict.DataDictRpc
No bean found for concrete class: cn.iocoder.mall.systemservice.rpc.datadict.DataDictRpc
No bean found for concrete class: cn.iocoder.mall.systemservice.rpc.datadict.DataDictRpc
No implementation found for interface: cn.iocoder.mall.systemservice.rpc.errorcode.ErrorCodeRpc
No bean found for concrete class: cn.iocoder.mall.systemservice.rpc.errorcode.ErrorCodeRpc
No bean found for concrete class: cn.iocoder.mall.systemservice.rpc.errorcode.ErrorCodeRpc
No bean found for concrete class: cn.iocoder.mall.systemservice.rpc.errorcode.ErrorCodeRpc
No bean found for concrete class: cn.iocoder.mall.systemservice.rpc.errorcode.ErrorCodeRpc
No bean found for concrete class: cn.iocoder.mall.systemservice.rpc.admin.AdminRpc
No implementation found for interface: cn.iocoder.mall.systemservice.rpc.oauth.OAuth2Rpc
No bean found for concrete class: cn.iocoder.mall.systemservice.rpc.admin.AdminRpc
No bean found for concrete class: cn.iocoder.mall.systemservice.rpc.oauth.OAuth2Rpc
No implementation found for interface: cn.iocoder.mall.systemservice.rpc.permission.RoleRpc
No implementation found for interface: cn.iocoder.mall.systemservice.rpc.permission.ResourceRpc
No bean found for concrete class: cn.iocoder.mall.systemservice.rpc.permission.RoleRpc
No bean found for concrete class: cn.iocoder.mall.systemservice.rpc.permission.ResourceRpc
No implementation found for interface: cn.iocoder.mall.systemservice.rpc.permission.PermissionRpc
No bean found for concrete class: cn.iocoder.mall.systemservice.rpc.permission.PermissionRpc
No bean found for concrete class: cn.iocoder.mall.systemservice.rpc.permission.PermissionRpc
No bean found for concrete class: cn.iocoder.mall.systemservice.rpc.permission.PermissionRpc
No bean found for concrete class: cn.iocoder.mall.systemservice.rpc.permission.ResourceRpc
No bean found for concrete class: cn.iocoder.mall.systemservice.rpc.permission.ResourceRpc
No bean found for concrete class: cn.iocoder.mall.systemservice.rpc.permission.ResourceRpc
No bean found for concrete class: cn.iocoder.mall.systemservice.rpc.permission.ResourceRpc
No bean found for concrete class: cn.iocoder.mall.systemservice.rpc.permission.ResourceRpc
No bean found for concrete class: cn.iocoder.mall.systemservice.rpc.permission.ResourceRpc
No bean found for concrete class: cn.iocoder.mall.systemservice.rpc.permission.RoleRpc
No bean found for concrete class: cn.iocoder.mall.systemservice.rpc.permission.RoleRpc
No bean found for concrete class: cn.iocoder.mall.systemservice.rpc.permission.RoleRpc
No bean found for concrete class: cn.iocoder.mall.systemservice.rpc.permission.RoleRpc
No bean found for concrete class: cn.iocoder.mall.systemservice.rpc.permission.RoleRpc
No bean found for concrete class: cn.iocoder.mall.systemservice.rpc.permission.RoleRpc
No bean found for concrete class: cn.iocoder.mall.systemservice.rpc.permission.RoleRpc
No implementation found for interface: cn.iocoder.mall.productservice.rpc.attr.ProductAttrRpc
No bean found for concrete class: cn.iocoder.mall.productservice.rpc.attr.ProductAttrRpc
No bean found for concrete class: cn.iocoder.mall.productservice.rpc.attr.ProductAttrRpc
No bean found for concrete class: cn.iocoder.mall.productservice.rpc.attr.ProductAttrRpc
No bean found for concrete class: cn.iocoder.mall.productservice.rpc.attr.ProductAttrRpc
No bean found for concrete class: cn.iocoder.mall.productservice.rpc.attr.ProductAttrRpc
No bean found for concrete class: cn.iocoder.mall.productservice.rpc.attr.ProductAttrRpc
No bean found for concrete class: cn.iocoder.mall.productservice.rpc.attr.ProductAttrRpc
No bean found for concrete class: cn.iocoder.mall.productservice.rpc.attr.ProductAttrRpc
No implementation found for interface: cn.iocoder.mall.productservice.rpc.brand.ProductBrandRpc
No bean found for concrete class: cn.iocoder.mall.productservice.rpc.brand.ProductBrandRpc
No bean found for concrete class: cn.iocoder.mall.productservice.rpc.brand.ProductBrandRpc
No bean found for concrete class: cn.iocoder.mall.productservice.rpc.brand.ProductBrandRpc
No bean found for concrete class: cn.iocoder.mall.productservice.rpc.brand.ProductBrandRpc
No bean found for concrete class: cn.iocoder.mall.productservice.rpc.brand.ProductBrandRpc
No implementation found for interface: cn.iocoder.mall.productservice.rpc.category.ProductCategoryRpc
No bean found for concrete class: cn.iocoder.mall.productservice.rpc.category.ProductCategoryRpc
No bean found for concrete class: cn.iocoder.mall.productservice.rpc.category.ProductCategoryRpc
No bean found for concrete class: cn.iocoder.mall.productservice.rpc.category.ProductCategoryRpc
No implementation found for interface: cn.iocoder.mall.productservice.rpc.spu.ProductSpuRpc
No bean found for concrete class: cn.iocoder.mall.productservice.rpc.spu.ProductSpuRpc
No bean found for concrete class: cn.iocoder.mall.productservice.rpc.spu.ProductSpuRpc
No bean found for concrete class: cn.iocoder.mall.productservice.rpc.spu.ProductSpuRpc
No bean found for concrete class: cn.iocoder.mall.productservice.rpc.spu.ProductSpuRpc
No implementation found for interface: cn.iocoder.mall.promotion.api.rpc.activity.PromotionActivityRpc
No implementation found for interface: cn.iocoder.mall.promotion.api.rpc.banner.BannerRpc
No bean found for concrete class: cn.iocoder.mall.promotion.api.rpc.banner.BannerRpc
No bean found for concrete class: cn.iocoder.mall.promotion.api.rpc.banner.BannerRpc
No bean found for concrete class: cn.iocoder.mall.promotion.api.rpc.banner.BannerRpc
No implementation found for interface: cn.iocoder.mall.promotion.api.rpc.coupon.CouponTemplateRpc
No bean found for concrete class: cn.iocoder.mall.promotion.api.rpc.coupon.CouponTemplateRpc
No bean found for concrete class: cn.iocoder.mall.promotion.api.rpc.coupon.CouponTemplateRpc
No bean found for concrete class: cn.iocoder.mall.promotion.api.rpc.coupon.CouponTemplateRpc
No implementation found for interface: cn.iocoder.mall.promotion.api.rpc.recommend.ProductRecommendRpc
No bean found for concrete class: cn.iocoder.mall.promotion.api.rpc.recommend.ProductRecommendRpc
No bean found for concrete class: cn.iocoder.mall.promotion.api.rpc.recommend.ProductRecommendRpc
No bean found for concrete class: cn.iocoder.mall.promotion.api.rpc.recommend.ProductRecommendRpc
No bean found for concrete class: cn.iocoder.mall.productservice.rpc.spu.ProductSpuRpc
No implementation found for interface: cn.iocoder.mall.systemservice.rpc.systemlog.SystemAccessLogRpc
No implementation found for interface: cn.iocoder.mall.systemservice.rpc.systemlog.SystemExceptionLogRpc
No bean found for concrete class: cn.iocoder.mall.systemservice.rpc.admin.AdminRpc
No bean found for concrete class: cn.iocoder.mall.systemservice.rpc.systemlog.SystemExceptionLogRpc
No bean found for concrete class: cn.iocoder.mall.systemservice.rpc.systemlog.SystemExceptionLogRpc
No implementation found for interface: cn.iocoder.mall.userservice.rpc.user.UserRpc
No bean found for concrete class: cn.iocoder.mall.userservice.rpc.user.UserRpc
No bean found for concrete class: cn.iocoder.mall.userservice.rpc.user.UserRpc
No bean found for concrete class: cn.iocoder.mall.userservice.rpc.user.UserRpc
No bean found for concrete class: cn.iocoder.mall.userservice.rpc.user.UserRpc
No bean found for concrete class: cn.iocoder.mall.productservice.rpc.category.ProductCategoryRpc
No implementation found for interface: cn.iocoder.mall.promotion.api.rpc.price.PriceRpc
No implementation found for interface: cn.iocoder.mall.searchservice.rpc.product.SearchProductRpc
No bean found for concrete class: cn.iocoder.mall.searchservice.rpc.product.SearchProductRpc
No bean found for concrete class: cn.iocoder.mall.productservice.rpc.category.ProductCategoryRpc
No bean found for concrete class: cn.iocoder.mall.productservice.rpc.spu.ProductSpuRpc
No bean found for concrete class: cn.iocoder.mall.promotion.api.rpc.banner.BannerRpc
No implementation found for interface: cn.iocoder.mall.promotion.api.rpc.coupon.CouponCardRpc
No bean found for concrete class: cn.iocoder.mall.promotion.api.rpc.coupon.CouponCardRpc
No bean found for concrete class: cn.iocoder.mall.promotion.api.rpc.coupon.CouponTemplateRpc
No bean found for concrete class: cn.iocoder.mall.promotion.api.rpc.recommend.ProductRecommendRpc
No implementation found for interface: cn.iocoder.mall.tradeservice.rpc.cart.CartRpc
No bean found for concrete class: cn.iocoder.mall.tradeservice.rpc.cart.CartRpc
No bean found for concrete class: cn.iocoder.mall.tradeservice.rpc.cart.CartRpc
No bean found for concrete class: cn.iocoder.mall.promotion.api.rpc.price.PriceRpc
No bean found for concrete class: cn.iocoder.mall.tradeservice.rpc.cart.CartRpc
No bean found for concrete class: cn.iocoder.mall.tradeservice.rpc.cart.CartRpc
No bean found for concrete class: cn.iocoder.mall.tradeservice.rpc.cart.CartRpc
No implementation found for interface: cn.iocoder.mall.userservice.rpc.sms.UserSmsCodeRpc
No bean found for concrete class: cn.iocoder.mall.userservice.rpc.user.UserRpc
No bean found for concrete class: cn.iocoder.mall.systemservice.rpc.oauth.OAuth2Rpc
No bean found for concrete class: cn.iocoder.mall.userservice.rpc.sms.UserSmsCodeRpc
No bean found for concrete class: cn.iocoder.mall.systemservice.rpc.oauth.OAuth2Rpc
No implementation found for interface: cn.iocoder.mall.userservice.rpc.address.UserAddressRpc
No bean found for concrete class: cn.iocoder.mall.userservice.rpc.address.UserAddressRpc
No bean found for concrete class: cn.iocoder.mall.userservice.rpc.address.UserAddressRpc
No bean found for concrete class: cn.iocoder.mall.userservice.rpc.address.UserAddressRpc
No bean found for concrete class: cn.iocoder.mall.userservice.rpc.address.UserAddressRpc
No bean found for concrete class: cn.iocoder.mall.userservice.rpc.address.UserAddressRpc
No bean found for concrete class: cn.iocoder.mall.userservice.rpc.user.UserRpc
No bean found for concrete class: cn.iocoder.mall.userservice.rpc.user.UserRpc
No bean found for concrete class: cn.iocoder.mall.userservice.rpc.user.UserRpc
No bean found for concrete class: cn.iocoder.mall.systemservice.rpc.permission.PermissionRpc
No bean found for concrete class: cn.iocoder.mall.systemservice.rpc.permission.RoleRpc
No implementation found for interface: cn.iocoder.mall.payservice.rpc.transaction.PayTransactionRpc
No bean found for concrete class: cn.iocoder.mall.payservice.rpc.transaction.PayTransactionRpc
No bean found for concrete class: cn.iocoder.mall.payservice.rpc.transaction.PayTransactionRpc
No bean found for concrete class: cn.iocoder.mall.promotion.api.rpc.activity.PromotionActivityRpc
No bean found for concrete class: cn.iocoder.mall.productservice.rpc.spu.ProductSpuRpc
No bean found for concrete class: cn.iocoder.mall.promotion.api.rpc.activity.PromotionActivityRpc
No implementation found for interface: cn.iocoder.mall.productservice.rpc.sku.ProductSkuRpc
No bean found for concrete class: cn.iocoder.mall.promotion.api.rpc.price.PriceRpc
No bean found for concrete class: cn.iocoder.mall.promotion.api.rpc.coupon.CouponCardRpc
No implementation found for interface: cn.iocoder.mall.tradeservice.rpc.order.TradeOrderRpc
No bean found for concrete class: cn.iocoder.mall.tradeservice.rpc.order.TradeOrderRpc
No bean found for concrete class: cn.iocoder.mall.tradeservice.rpc.order.TradeOrderRpc
No bean found for concrete class: cn.iocoder.mall.userservice.rpc.address.UserAddressRpc
No bean found for concrete class: cn.iocoder.mall.productservice.rpc.sku.ProductSkuRpc
No bean found for concrete class: cn.iocoder.mall.promotion.api.rpc.activity.PromotionActivityRpc
[Pointer analysis] elapsed time: 0.10s
Detected 0 taint flow(s):
TFGDumper starts ...
Source nodes:
VarNode{<cn.iocoder.mall.shopweb.controller.trade.CartController: cn.iocoder.common.framework.vo.CommonResult updateCartItemSelected(java.util.Set,java.lang.Boolean)>/selected}
VarNode{<cn.iocoder.mall.managementweb.controller.admin.DepartmentController: cn.iocoder.common.framework.vo.CommonResult listDepartments(java.util.List)>/departmentIds}
VarNode{<cn.iocoder.mall.shopweb.controller.promotion.CouponCardController: cn.iocoder.common.framework.vo.CommonResult createCouponCard(java.lang.Integer)>/couponTemplateId}
VarNode{<cn.iocoder.mall.managementweb.controller.admin.DepartmentController: cn.iocoder.common.framework.vo.CommonResult deleteDepartment(java.lang.Integer)>/departmentId}
VarNode{<cn.iocoder.mall.shopweb.controller.trade.TradeOrderController: cn.iocoder.common.framework.vo.CommonResult getTradeOrder(java.lang.Integer)>/tradeOrderId}
VarNode{<cn.iocoder.mall.shopweb.controller.user.UserController: cn.iocoder.common.framework.vo.CommonResult updateUserAvatar(java.lang.String)>/avatar}
VarNode{<cn.iocoder.mall.shopweb.controller.trade.TradeOrderController: cn.iocoder.common.framework.vo.CommonResult getTradeOrderConfirmCreateInfoFromCart(java.lang.Integer)>/couponCardId}
VarNode{<cn.iocoder.mall.managementweb.controller.datadict.DataDictController: cn.iocoder.common.framework.vo.CommonResult deleteDataDict(java.lang.Integer)>/dataDictId}
VarNode{<cn.iocoder.mall.managementweb.controller.product.ProductAttrController: cn.iocoder.common.framework.vo.CommonResult getProductAttrKey(java.lang.Integer)>/productAttrKeyId}
VarNode{<cn.iocoder.mall.managementweb.controller.permission.ResourceController: cn.iocoder.common.framework.vo.CommonResult deleteResource(java.lang.Integer)>/resourceId}
VarNode{<cn.iocoder.mall.managementweb.controller.product.ProductSpuController: cn.iocoder.common.framework.vo.CommonResult getProductSpu(java.lang.Integer)>/productSpuId}
VarNode{<cn.iocoder.mall.shopweb.controller.trade.TradeOrderController: cn.iocoder.common.framework.vo.CommonResult getTradeOrderConfirmCreateInfo(java.lang.Integer,java.lang.Integer,java.lang.Integer)>/quantity}
VarNode{<cn.iocoder.mall.managementweb.controller.promotion.brand.BannerController: cn.iocoder.common.framework.vo.CommonResult deleteBanner(java.lang.Integer)>/bannerId}
VarNode{<cn.iocoder.mall.managementweb.controller.permission.RoleController: cn.iocoder.common.framework.vo.CommonResult listRoles(java.util.List)>/roleIds}
VarNode{<cn.iocoder.mall.managementweb.controller.permission.RoleController: cn.iocoder.common.framework.vo.CommonResult deleteRole(java.lang.Integer)>/roleId}
VarNode{<cn.iocoder.mall.managementweb.controller.admin.DepartmentController: cn.iocoder.common.framework.vo.CommonResult getDepartment(java.lang.Integer)>/departmentId}
VarNode{<cn.iocoder.mall.managementweb.controller.product.ProductAttrController: cn.iocoder.common.framework.vo.CommonResult getProductAttrValue(java.lang.Integer)>/productAttrValueId}
VarNode{<cn.iocoder.mall.shopweb.controller.pay.PayTransactionController: cn.iocoder.common.framework.vo.CommonResult getPayTransaction(java.lang.String,java.lang.String)>/appId}
VarNode{<cn.iocoder.mall.managementweb.controller.permission.ResourceController: cn.iocoder.common.framework.vo.CommonResult listResources(java.util.List)>/resourceIds}
VarNode{<cn.iocoder.mall.shopweb.controller.user.UserAddressController: cn.iocoder.common.framework.vo.CommonResult deleteUserAddress(java.lang.Integer)>/userAddressId}
VarNode{<cn.iocoder.mall.managementweb.controller.passport.PassportController: cn.iocoder.common.framework.vo.CommonResult refreshToken(java.lang.String,javax.servlet.http.HttpServletRequest)>/refreshToken}
VarNode{<cn.iocoder.mall.managementweb.controller.permission.ResourceController: cn.iocoder.common.framework.vo.CommonResult getResource(java.lang.Integer)>/resourceId}
VarNode{<cn.iocoder.mall.managementweb.controller.errorcode.ErrorCodeController: cn.iocoder.common.framework.vo.CommonResult getErrorCode(java.lang.Integer)>/errorCodeId}
VarNode{<cn.iocoder.mall.managementweb.controller.product.ProductAttrController: cn.iocoder.common.framework.vo.CommonResult listProductAttrKeys(java.util.List)>/productAttrKeyIds}
VarNode{<cn.iocoder.mall.managementweb.controller.product.ProductBrandController: cn.iocoder.common.framework.vo.CommonResult getProductBrand(java.lang.Integer)>/productBrandId}
VarNode{<cn.iocoder.mall.security.user.core.context.UserSecurityContextHolder: java.lang.Integer getUserId()>/$r1}
VarNode{<cn.iocoder.mall.managementweb.controller.product.ProductCategoryController: cn.iocoder.common.framework.vo.CommonResult deleteProductCategory(java.lang.Integer)>/productCategoryId}
VarNode{<cn.iocoder.mall.managementweb.controller.user.UserController: cn.iocoder.common.framework.vo.CommonResult listUsers(java.util.List)>/userIds}
VarNode{<cn.iocoder.mall.shopweb.controller.trade.TradeOrderController: cn.iocoder.common.framework.vo.CommonResult getTradeOrderConfirmCreateInfo(java.lang.Integer,java.lang.Integer,java.lang.Integer)>/skuId}
VarNode{<cn.iocoder.mall.shopweb.controller.trade.CartController: cn.iocoder.common.framework.vo.CommonResult updateCartItemSelected(java.util.Set,java.lang.Boolean)>/skuIds}
VarNode{<cn.iocoder.mall.shopweb.controller.trade.CartController: cn.iocoder.common.framework.vo.CommonResult addCartItem(java.lang.Integer,java.lang.Integer)>/quantity}
VarNode{<cn.iocoder.mall.shopweb.controller.trade.TradeOrderController: cn.iocoder.common.framework.vo.CommonResult getTradeOrderConfirmCreateInfo(java.lang.Integer,java.lang.Integer,java.lang.Integer)>/couponCardId}
VarNode{<cn.iocoder.mall.shopweb.controller.product.ProductSpuController: cn.iocoder.common.framework.vo.CommonResult getProductSpuSearchCondition(java.lang.String)>/keyword}
VarNode{<cn.iocoder.mall.shopweb.controller.trade.CartController: cn.iocoder.common.framework.vo.CommonResult updateCartItemQuantity(java.lang.Integer,java.lang.Integer)>/quantity}
VarNode{<cn.iocoder.mall.shopweb.controller.product.ProductSkuController: cn.iocoder.common.framework.vo.CommonResult calcProductSkuPrice(java.lang.Integer)>/id}
VarNode{<cn.iocoder.mall.shopweb.controller.user.UserController: cn.iocoder.common.framework.vo.CommonResult updateUserNickname(java.lang.String)>/nickname}
VarNode{<cn.iocoder.mall.shopweb.controller.trade.CartController: cn.iocoder.common.framework.vo.CommonResult addCartItem(java.lang.Integer,java.lang.Integer)>/skuId}
VarNode{<cn.iocoder.mall.managementweb.controller.promotion.recommend.ProductRecommendController: cn.iocoder.common.framework.vo.CommonResult deleteProductRecommend(java.lang.Integer)>/productRecommendId}
VarNode{<cn.iocoder.mall.managementweb.controller.systemlog.SystemExceptionLogController: cn.iocoder.common.framework.vo.CommonResult getSystemExceptionLogDetail(java.lang.Integer)>/logId}
VarNode{<cn.iocoder.mall.managementweb.controller.datadict.DataDictController: cn.iocoder.common.framework.vo.CommonResult getDataDict(java.lang.Integer)>/dataDictId}
VarNode{<cn.iocoder.mall.managementweb.controller.product.ProductSpuController: cn.iocoder.common.framework.vo.CommonResult listProductSpus(java.util.List)>/productSpuIds}
VarNode{<cn.iocoder.mall.shopweb.controller.trade.TradeOrderController: cn.iocoder.common.framework.vo.CommonResult createTradeOrder(cn.iocoder.mall.shopweb.controller.trade.vo.order.TradeOrderCreateReqVO,javax.servlet.http.HttpServletRequest)>/createReqVO}
VarNode{<cn.iocoder.mall.shopweb.controller.user.PassportController: cn.iocoder.common.framework.vo.CommonResult refreshToken(java.lang.String,javax.servlet.http.HttpServletRequest)>/refreshToken}
VarNode{<cn.iocoder.mall.managementweb.controller.product.ProductBrandController: cn.iocoder.common.framework.vo.CommonResult listProductBrands(java.util.List)>/productBrandIds}
VarNode{<cn.iocoder.mall.shopweb.controller.trade.CartController: cn.iocoder.common.framework.vo.CommonResult updateCartItemQuantity(java.lang.Integer,java.lang.Integer)>/skuId}
VarNode{<cn.iocoder.mall.managementweb.controller.permission.RoleController: cn.iocoder.common.framework.vo.CommonResult role(java.lang.Integer)>/roleId}
VarNode{<cn.iocoder.mall.managementweb.controller.datadict.DataDictController: cn.iocoder.common.framework.vo.CommonResult listDataDicts(java.util.List)>/dataDictIds}
VarNode{<cn.iocoder.mall.managementweb.controller.user.UserController: cn.iocoder.common.framework.vo.CommonResult getUser(java.lang.Integer)>/userId}
VarNode{<cn.iocoder.mall.managementweb.controller.errorcode.ErrorCodeController: cn.iocoder.common.framework.vo.CommonResult deleteErrorCode(java.lang.Integer)>/errorCodeId}
VarNode{<cn.iocoder.mall.managementweb.controller.promotion.coupon.CouponTemplateController: cn.iocoder.common.framework.vo.CommonResult updateCouponTemplateStatus(java.lang.Integer,java.lang.Integer)>/id}
VarNode{<cn.iocoder.mall.shopweb.controller.promotion.CouponTemplateController: cn.iocoder.common.framework.vo.CommonResult getCouponTemplate(java.lang.Integer)>/id}
VarNode{<cn.iocoder.mall.managementweb.controller.product.ProductBrandController: cn.iocoder.common.framework.vo.CommonResult deleteProductBrand(java.lang.Integer)>/productBrandId}
VarNode{<cn.iocoder.mall.shopweb.controller.product.ProductCategoryController: cn.iocoder.common.framework.vo.CommonResult listProductCategories(java.lang.Integer)>/pid}
VarNode{<cn.iocoder.mall.shopweb.controller.product.ProductSpuController: cn.iocoder.common.framework.vo.CommonResult getProductSpuDetail(java.lang.Integer)>/id}
VarNode{<cn.iocoder.mall.shopweb.controller.user.UserAddressController: cn.iocoder.common.framework.vo.CommonResult getUserAddress(java.lang.Integer)>/userAddressId}
VarNode{<cn.iocoder.mall.managementweb.controller.promotion.coupon.CouponTemplateController: cn.iocoder.common.framework.vo.CommonResult updateCouponTemplateStatus(java.lang.Integer,java.lang.Integer)>/status}
VarNode{<cn.iocoder.mall.security.admin.core.context.AdminSecurityContextHolder: cn.iocoder.mall.security.admin.core.context.AdminSecurityContext getContext()>/$r1}
VarNode{<cn.iocoder.mall.shopweb.controller.pay.PayTransactionController: cn.iocoder.common.framework.vo.CommonResult getPayTransaction(java.lang.String,java.lang.String)>/orderId}
Sink nodes:
Dumping /Users/yuntsy/My/Projects/Java/WebAnalyzer/output/taint-flow-graph.dot
TFGDumper finishes, elapsed time: 0.02s
-------------- Pointer analysis statistics: --------------
#var pointers:                3968 (insens) / 3968 (sens)
#objects:                     1243 (insens) / 1243 (sens)
#var points-to:               3301 (insens) / 3301 (sens)
#static field points-to:      176 (sens)
#instance field points-to:    853 (sens)
#array points-to:             46 (sens)
#reachable methods:           793 (insens) / 793 (sens)
#call graph edges:            1578 (insens) / 1578 (sens)
----------------------------------------
pta finishes, elapsed time: 0.31s
cg starts ...
Call graph has 793 reachable methods and 1578 edges
Dumping call graph to /Users/yuntsy/My/Projects/Java/WebAnalyzer/output/call-graph.dot
Dumping reachable methods to /Users/yuntsy/My/Projects/Java/WebAnalyzer/output/reachable-methods.txt
Dumping call edges to /Users/yuntsy/My/Projects/Java/WebAnalyzer/output/call-edges.txt
cg finishes, elapsed time: 0.06s
Tai-e finishes, elapsed time: 37.96s
